Component: ARM Compiler 5.06 update 1 (build 61) Tool: armlink [4d35a8]

==============================================================================

Section Cross References

    usrmain.o(i.main) refers to rt_cmsis.o(i.osKernelInitialize) for osKernelInitialize
    usrmain.o(i.main) refers to stm32f4xx_hal.o(i.HAL_Init) for HAL_Init
    usrmain.o(i.main) refers to datamanage.o(i.bsp_dataManageInit) for bsp_dataManageInit
    usrmain.o(i.main) refers to uart_datatransfer.o(i.osMemoryInit) for osMemoryInit
    usrmain.o(i.main) refers to uart_datatransfer.o(i.msgQueueInit) for msgQueueInit
    usrmain.o(i.main) refers to uart_datatransfer.o(i.communicationActive) for communicationActive
    usrmain.o(i.main) refers to bussiness_timerhard.o(i.bsp_hwTimerInit) for bsp_hwTimerInit
    usrmain.o(i.main) refers to bussiness_timerhard.o(i.bsp_iwdgInit) for bsp_iwdgInit
    usrmain.o(i.main) refers to bspdrv_optdevrelay.o(i.bsp_actuatorRelay_Init) for bsp_actuatorRelay_Init
    usrmain.o(i.main) refers to bspdrv_optdevtips.o(i.bsp_opreatReflectTips_Init) for bsp_opreatReflectTips_Init
    usrmain.o(i.main) refers to bussiness_timersoft.o(i.usrAppNormalBussiness_softTimerInit) for usrAppNormalBussiness_softTimerInit
    usrmain.o(i.main) refers to timer_activing.o(i.usrAppTimActiving_processInit) for usrAppTimActiving_processInit
    usrmain.o(i.main) refers to bspdrv_iptdevice.o(i.devDrvIpt_threadProcessActive) for devDrvIpt_threadProcessActive
    usrmain.o(i.main) refers to bspdrv_optdevtips.o(i.beeps_usrActive) for beeps_usrActive
    usrmain.o(i.main) refers to rt_cmsis.o(i.osKernelStart) for osKernelStart
    datamanage.o(i.STMFLASH_Write) refers to stm32f4xx_hal_flash.o(i.HAL_FLASH_Unlock) for HAL_FLASH_Unlock
    datamanage.o(i.STMFLASH_Write) refers to stm32f4xx_hal_flash_ex.o(i.HAL_FLASHEx_Erase) for HAL_FLASHEx_Erase
    datamanage.o(i.STMFLASH_Write) refers to stm32f4xx_hal_flash.o(i.FLASH_WaitForLastOperation) for FLASH_WaitForLastOperation
    datamanage.o(i.STMFLASH_Write) refers to stm32f4xx_hal_flash.o(i.HAL_FLASH_Program) for HAL_FLASH_Program
    datamanage.o(i.STMFLASH_Write) refers to stm32f4xx_hal_flash.o(i.HAL_FLASH_Lock) for HAL_FLASH_Lock
    datamanage.o(i.appFuncStr2Mac) refers to _scanf_int.o(.text) for _scanf_int
    datamanage.o(i.appFuncStr2Mac) refers to rt_memclr_w.o(.text) for __aeabi_memclr4
    datamanage.o(i.appFuncStr2Mac) refers to strlen.o(.text) for strlen
    datamanage.o(i.appFuncStr2Mac) refers to __0sscanf.o(.text) for __0sscanf
    datamanage.o(i.bsp_dataManageInit) refers to rt_cmsis.o(i.osPoolCreate) for osPoolCreate
    datamanage.o(i.bsp_dataManageInit) refers to datamanage.o(.constdata) for .constdata
    datamanage.o(i.bsp_dataManageInit) refers to datamanage.o(.data) for .data
    datamanage.o(i.devGroupOperate_groupIndexGet) refers to datamanage.o(.data) for .data
    datamanage.o(i.devGroupOperate_paramAdd) refers to _printf_percent.o(.ARM.Collect$$_printf_percent$$00000000) for _printf_percent
    datamanage.o(i.devGroupOperate_paramAdd) refers to _printf_d.o(.ARM.Collect$$_printf_percent$$00000009) for _printf_d
    datamanage.o(i.devGroupOperate_paramAdd) refers to _printf_dec.o(.text) for _printf_int_dec
    datamanage.o(i.devGroupOperate_paramAdd) refers to rt_memclr.o(.text) for __aeabi_memclr
    datamanage.o(i.devGroupOperate_paramAdd) refers to noretval__2snprintf.o(.text) for __2snprintf
    datamanage.o(i.devGroupOperate_paramAdd) refers to strlen.o(.text) for strlen
    datamanage.o(i.devGroupOperate_paramAdd) refers to rt_cmsis.o(i.osDelay) for osDelay
    datamanage.o(i.devGroupOperate_paramAdd) refers to datamanage.o(i.devMacTabOperate_nodeAdd) for devMacTabOperate_nodeAdd
    datamanage.o(i.devGroupOperate_paramAdd) refers to datamanage.o(i.usrApp_nvsOpreation_dataBurnning) for usrApp_nvsOpreation_dataBurnning
    datamanage.o(i.devGroupOperate_paramAdd) refers to usart_stm32f4xx.o(.constdata) for Driver_USART1
    datamanage.o(i.devGroupOperate_paramAdd) refers to datamanage.o(.data) for .data
    datamanage.o(i.devGroupOperate_paramAdd) refers to datamanage.o(.bss) for .bss
    datamanage.o(i.devGroupOperate_paramDel) refers to _printf_percent.o(.ARM.Collect$$_printf_percent$$00000000) for _printf_percent
    datamanage.o(i.devGroupOperate_paramDel) refers to _printf_d.o(.ARM.Collect$$_printf_percent$$00000009) for _printf_d
    datamanage.o(i.devGroupOperate_paramDel) refers to _printf_dec.o(.text) for _printf_int_dec
    datamanage.o(i.devGroupOperate_paramDel) refers to rt_memclr.o(.text) for __aeabi_memclr
    datamanage.o(i.devGroupOperate_paramDel) refers to noretval__2snprintf.o(.text) for __2snprintf
    datamanage.o(i.devGroupOperate_paramDel) refers to strlen.o(.text) for strlen
    datamanage.o(i.devGroupOperate_paramDel) refers to rt_cmsis.o(i.osDelay) for osDelay
    datamanage.o(i.devGroupOperate_paramDel) refers to datamanage.o(i.devMacTabOperate_nodeDel) for devMacTabOperate_nodeDel
[...]
    tips_statusChangeToFactoryRecover        0x08009b05   Thumb Code    12  bspdrv_optdevtips.o(i.tips_statusChangeToFactoryRecover)
    tips_statusChangeToNormal                0x08009b15   Thumb Code    12  bspdrv_optdevtips.o(i.tips_statusChangeToNormal)
    tips_statusChangeToTouchReset            0x08009b25   Thumb Code    12  bspdrv_optdevtips.o(i.tips_statusChangeToTouchReset)
    tips_statusChangeToZigbNwkOpen           0x08009b35   Thumb Code    18  bspdrv_optdevtips.o(i.tips_statusChangeToZigbNwkOpen)
    tuyaApp_devTypeDefPid_strGet             0x0800a205   Thumb Code    84  datsprocess_uartwifi.o(i.tuyaApp_devTypeDefPid_strGet)
    typeStrgetByNum                          0x0800a2a5   Thumb Code    84  datamanage.o(i.typeStrgetByNum)
    uartConDblog_eventFunCb                  0x0800a2fd   Thumb Code    16  uart_datatransfer.o(i.uartConDblog_eventFunCb)
    uartConWifi_eventFunCb                   0x0800a311   Thumb Code    30  datsprocess_uartwifi.o(i.uartConWifi_eventFunCb)
    uartConZigb_eventFunCb                   0x0800a335   Thumb Code    48  datsprocess_uartzigbee.o(i.uartConZigb_eventFunCb)
    uartDrvObjGet                            0x0800a369   Thumb Code    28  uart_datatransfer.o(i.uartDrvObjGet)
    uartRxTimeout_signalDefGet               0x0800a391   Thumb Code    28  uart_datatransfer.o(i.uartRxTimeout_signalDefGet)
    usrAppNormalBussiness_softTimerInit      0x0800a3d5   Thumb Code    22  bussiness_timersoft.o(i.usrAppNormalBussiness_softTimerInit)
    usrAppTimActiving_processInit            0x0800a529   Thumb Code    16  timer_activing.o(i.usrAppTimActiving_processInit)
    usrApp_gateWayfuncNwkopen_opreat         0x0800a55d   Thumb Code    10  datsprocess_uartwifi.o(i.usrApp_gateWayfuncNwkopen_opreat)
    usrApp_gateWayfuncNwkopen_terminate      0x0800a56d   Thumb Code    14  datsprocess_uartwifi.o(i.usrApp_gateWayfuncNwkopen_terminate)
    usrApp_iptFunctionReales_period1ms       0x0800a581   Thumb Code    30  bspdrv_iptdevice.o(i.usrApp_iptFunctionReales_period1ms)
    usrApp_nvsOpreation_dataBurnning         0x0800a5a5   Thumb Code    10  datamanage.o(i.usrApp_nvsOpreation_dataBurnning)
    usrApp_nvsOpreation_dataRecovery         0x0800a5b9   Thumb Code    10  datamanage.o(i.usrApp_nvsOpreation_dataRecovery)
    usrApp_nvsOpreation_dataReset            0x0800a5cd   Thumb Code    20  datamanage.o(i.usrApp_nvsOpreation_dataReset)
    usrApp_tipsActionFunctionReales_period1ms 0x0800a5e5   Thumb Code    24  bspdrv_optdevtips.o(i.usrApp_tipsActionFunctionReales_period1ms)
    usrApp_tipsBeepFunctionReales_period100us 0x0800a605   Thumb Code   162  bspdrv_optdevtips.o(i.usrApp_tipsBeepFunctionReales_period100us)
    usrApp_tipsLightFunctionReales_period100us 0x0800a6b1   Thumb Code   624  bspdrv_optdevtips.o(i.usrApp_tipsLightFunctionReales_period100us)
    usrApp_usartEventCb_register             0x0800a935   Thumb Code    88  uart_datatransfer.o(i.usrApp_usartEventCb_register)
    usrApp_wifiNwkCfg_stop                   0x0800aa1d   Thumb Code    88  bspdrv_iptdevice.o(i.usrApp_wifiNwkCfg_stop)
    wifiFunction_callFromThread              0x0800aae1   Thumb Code    36  datsprocess_uartwifi.o(i.wifiFunction_callFromThread)
    wifiFunction_nwkCfgStart                 0x0800ab09   Thumb Code    14  datsprocess_uartwifi.o(i.wifiFunction_nwkCfgStart)
    zigB_sysTimeSet_detailedFormatTuya       0x0800ad6d   Thumb Code   104  datsprocess_uartzigbee.o(i.zigB_sysTimeSet_detailedFormatTuya)
    zigbDev_eptPutout_BYpsy                  0x0800aec5   Thumb Code   140  datsprocess_uartzigbee.o(i.zigbDev_eptPutout_BYpsy)
    zigbFunction_callFromThread              0x0800af91   Thumb Code    36  datsprocess_uartzigbee.o(i.zigbFunction_callFromThread)
    zigb_VALIDA_INPUT                        0x0800b40d   Thumb Code   190  datsprocess_uartzigbee.o(i.zigb_VALIDA_INPUT)
    _get_lc_ctype                            0x0800b629   Thumb Code    44  lc_ctype_c.o(locale$$code)
    _fp_init                                 0x0800b655   Thumb Code    10  fpinit.o(x$fpl$fpinit)
    __fplib_config_fpu_vfp                   0x0800b65d   Thumb Code     0  fpinit.o(x$fpl$fpinit)
    __fplib_config_pureend_doubles           0x0800b65d   Thumb Code     0  fpinit.o(x$fpl$fpinit)
    devType_strTab                           0x0800b660   Data          80  datamanage.o(.constdata)
    os_pool_def_normalMemUint8_t_pool        0x0800b6b0   Data          12  datamanage.o(.constdata)
    devRootNode_subidMac                     0x0800b6cc   Data           5  datamanage.o(.constdata)
    debugLogOut_targetMAC                    0x0800b6d1   Data           5  datamanage.o(.constdata)
    os_messageQ_def_MsgBox_threadDP_W2Z      0x0800b6d8   Data           8  datsprocess_uartwifi.o(.constdata)
    os_messageQ_def_MsgBox_uartWifiToutDats_datatrans 0x0800b6e0   Data           8  datsprocess_uartwifi.o(.constdata)
    os_messageQ_def_MsgBox_wifiFuncRemind    0x0800b6e8   Data           8  datsprocess_uartwifi.o(.constdata)
    os_thread_def_uartWifiDataRcvHandle_Thread 0x0800b79c   Data          16  datsprocess_uartwifi.o(.constdata)
    os_pool_def_WifiUartMsgDatatrans_pool    0x0800b7ac   Data          12  datsprocess_uartwifi.o(.constdata)
    os_pool_def_WifiFuncRemind_pool          0x0800b7b8   Data          12  datsprocess_uartwifi.o(.constdata)
    period_devRootHbReport                   0x0800b7ce   Data           1  datsprocess_uartwifi.o(.constdata)
    os_messageQ_def_MsgBox_threadDP_Z2W      0x0800b7dc   Data           8  datsprocess_uartzigbee.o(.constdata)
    os_messageQ_def_MsgBox_uartZigbToutDats_dataSysRespond 0x0800b7e4   Data           8  datsprocess_uartzigbee.o(.constdata)
    os_messageQ_def_MsgBox_uartZigbToutDats_dataRemoteComing 0x0800b7ec   Data           8  datsprocess_uartzigbee.o(.constdata)
    os_messageQ_def_MsgBox_uartZigbToutDats_rmDataReqResp 0x0800b7f4   Data           8  datsprocess_uartzigbee.o(.constdata)
    os_messageQ_def_MsgBox_zigbFuncRemind    0x0800b7fc   Data           8  datsprocess_uartzigbee.o(.constdata)
    os_thread_def_uartZigbDataRcvHandle_Thread 0x0800b804   Data          16  datsprocess_uartzigbee.o(.constdata)
    os_pool_def_nwkZigbDevStateAttr_pool     0x0800b814   Data          12  datsprocess_uartzigbee.o(.constdata)
    os_pool_def_ZigbUartMsgDataSysRespond_pool 0x0800b820   Data          12  datsprocess_uartzigbee.o(.constdata)
    os_pool_def_ZigbUartMsgDataRemoteComing_pool 0x0800b82c   Data          12  datsprocess_uartzigbee.o(.constdata)
    os_pool_def_ZigbUartMsgRmDataReqResp_pool 0x0800b838   Data          12  datsprocess_uartzigbee.o(.constdata)
    os_pool_def_ZigbFuncRemind_pool          0x0800b844   Data          12  datsprocess_uartzigbee.o(.constdata)
    os_mutex_def_mtxUartDblog                0x0800cbb0   Data           4  uart_datatransfer.o(.constdata)
    os_thread_def_com1DbugP1_Thread          0x0800cbb4   Data          16  uart_datatransfer.o(.constdata)
    os_thread_def_com2DataTransP1_Thread     0x0800cbc4   Data          16  uart_datatransfer.o(.constdata)
    os_thread_def_com5DataTransP2_Thread     0x0800cbd4   Data          16  uart_datatransfer.o(.constdata)
    os_pool_def_dtThreadActInitParm_pool     0x0800cbe4   Data          12  uart_datatransfer.o(.constdata)
    os_pool_def_threadDatsPass_pool          0x0800cbf0   Data          12  uart_datatransfer.o(.constdata)
    os_timer_def_timerUsrApp_nromalBussiness 0x0800cbfc   Data           8  bussiness_timersoft.o(.constdata)
    os_thread_def_timActivingProcess_Thread  0x0800cc04   Data          16  timer_activing.o(.constdata)
    os_thread_def_devDrvIpt_mainThread       0x0800cc14   Data          16  bspdrv_iptdevice.o(.constdata)
    color_Tab                                0x0800cc24   Data          30  bspdrv_optdevtips.o(.constdata)
    os_maxtaskrun                            0x0800cc42   Data           2  rtx_conf_cm.o(.constdata)
    os_stackinfo                             0x0800cc44   Data           4  rtx_conf_cm.o(.constdata)
    os_rrobin                                0x0800cc48   Data           4  rtx_conf_cm.o(.constdata)
    os_trv                                   0x0800cc4c   Data           4  rtx_conf_cm.o(.constdata)
    os_flags                                 0x0800cc50   Data           1  rtx_conf_cm.o(.constdata)
    CMSIS_RTOS_API_Version                   0x0800cc54   Data           4  rtx_conf_cm.o(.constdata)
    CMSIS_RTOS_RTX_Version                   0x0800cc58   Data           4  rtx_conf_cm.o(.constdata)
    os_clockrate                             0x0800cc5c   Data           4  rtx_conf_cm.o(.constdata)
    os_timernum                              0x0800cc60   Data           4  rtx_conf_cm.o(.constdata)
    mp_tcb_size                              0x0800cc64   Data           2  rtx_conf_cm.o(.constdata)
    mp_stk_size                              0x0800cc68   Data           4  rtx_conf_cm.o(.constdata)
    os_stack_sz                              0x0800cc6c   Data           4  rtx_conf_cm.o(.constdata)
    os_fifo_size                             0x0800cc70   Data           1  rtx_conf_cm.o(.constdata)
    os_thread_def_osTimerThread              0x0800cc74   Data          16  rtx_conf_cm.o(.constdata)
    os_messageQ_def_osTimerMessageQ          0x0800cc84   Data           8  rtx_conf_cm.o(.constdata)
    mp_tmr_size                              0x0800cc8c   Data           2  rtx_conf_cm.o(.constdata)
    Driver_USART1                            0x0800cdf0   Data          56  usart_stm32f4xx.o(.constdata)
    Driver_USART2                            0x0800ce28   Data          56  usart_stm32f4xx.o(.constdata)
    Driver_USART6                            0x0800ce60   Data          56  usart_stm32f4xx.o(.constdata)
    APBAHBPrescTable                         0x0800cea0   Data          16  stm32f4xx_hal_rcc.o(.constdata)
    Region$$Table$$Base                      0x0800cf50   Number         0  anon$$obj.o(Region$$Table)
    Region$$Table$$Limit                     0x0800cf70   Number         0  anon$$obj.o(Region$$Table)
    __ctype                                  0x0800cf7d   Data           0  lc_ctype_c.o(locale$$data)
    sysTimeZone_H                            0x20000000   Data           1  datamanage.o(.data)
    sysTimeZone_M                            0x20000001   Data           1  datamanage.o(.data)
    systemUTC_current                        0x20000004   Data           4  datamanage.o(.data)
    sysTimeKeep_counter                      0x20000008   Data           2  datamanage.o(.data)
    systemTime_current                       0x2000000a   Data           7  datamanage.o(.data)
    zigbNwkReserveNodeNum_currentValue       0x20000011   Data           1  datamanage.o(.data)
    DEV_actReserve                           0x20000012   Data           1  datamanage.o(.data)
    SWITCH_TYPE                              0x20000014   Data           1  datamanage.o(.data)
    normalMemUint8_t_poolAttr_id             0x20000018   Data           4  datamanage.o(.data)
    deviceLock_flag                          0x200002b8   Data           1  datamanage.o(.data)
    MACSTA_ID                                0x200002b9   Data           6  datamanage.o(.data)
    nwkInternetOnline_IF                     0x200002c0   Data           1  datsprocess_uartwifi.o(.data)
    nwkWifi_cfg_method                       0x200002c1   Data           1  datsprocess_uartwifi.o(.data)
    counter_devRootHbReport                  0x200002c2   Data           1  datsprocess_uartwifi.o(.data)
    loopCounter_gatewayNwkOpen               0x200002c3   Data           1  datsprocess_uartwifi.o(.data)
    wifiCfg_triggerParam                     0x200002c4   Data           1  datsprocess_uartwifi.o(.data)
    tid_uartWifiDataRcvHandle_Thread         0x200002e4   Data           4  datsprocess_uartwifi.o(.data)
    WifiUartMsgDatatrans_poolAttr_id         0x200002e8   Data           4  datsprocess_uartwifi.o(.data)
    WifiFuncRemind_poolAttr_id               0x200002ec   Data           4  datsprocess_uartwifi.o(.data)
    mqID_threadDP_W2Z                        0x200002f0   Data           4  datsprocess_uartwifi.o(.data)
    mqID_uartWifiToutDats_datatrans          0x200002f4   Data           4  datsprocess_uartwifi.o(.data)
    mqID_wifiFuncRemind                      0x200002f8   Data           4  datsprocess_uartwifi.o(.data)
    zigbee_currentPanID_reslesCounter        0x200002fc   Data           1  datsprocess_uartzigbee.o(.data)
    nwkZigbOnline_IF                         0x200002fd   Data           1  datsprocess_uartzigbee.o(.data)
    zigbNodeDevDetectManage_runningFLG       0x200002ff   Data           1  datsprocess_uartzigbee.o(.data)
    param_uartConZigb                        0x20000308   Data           2  datsprocess_uartzigbee.o(.data)
    zigbDevList_Head                         0x20000310   Data           4  datsprocess_uartzigbee.o(.data)
    tid_uartZigbDataRcvHandle_Thread         0x20000324   Data           4  datsprocess_uartzigbee.o(.data)
    ZigbnwkState_poolAttr_id                 0x20000328   Data           4  datsprocess_uartzigbee.o(.data)
    ZigbUartMsgDataSysRespond_poolAttr_id    0x2000032c   Data           4  datsprocess_uartzigbee.o(.data)
    ZigbUartMsgDataRemoteComing_poolAttr_id  0x20000330   Data           4  datsprocess_uartzigbee.o(.data)
    ZigbUartMsgRmDataReqResp_poolAttr_id     0x20000334   Data           4  datsprocess_uartzigbee.o(.data)
    ZigbFuncRemind_poolAttr_id               0x20000338   Data           4  datsprocess_uartzigbee.o(.data)
    mqID_threadDP_Z2W                        0x2000033c   Data           4  datsprocess_uartzigbee.o(.data)
    mqID_uartZigbToutDats_dataSysRespond     0x20000340   Data           4  datsprocess_uartzigbee.o(.data)
    mqID_uartZigbToutDats_dataRemoteComing   0x20000344   Data           4  datsprocess_uartzigbee.o(.data)
    mqID_uartZigbToutDats_rmDataReqResp      0x20000348   Data           4  datsprocess_uartzigbee.o(.data)
    mqID_zigbFuncRemind                      0x2000034c   Data           4  datsprocess_uartzigbee.o(.data)
    tid_com1DbugP1_Thread                    0x20000350   Data           4  uart_datatransfer.o(.data)
    tid_com2DataTransP1_Thread               0x20000354   Data           4  uart_datatransfer.o(.data)
    tid_com5DataTransP2_Thread               0x20000358   Data           4  uart_datatransfer.o(.data)
    dttAct_poolAttr_id                       0x2000035c   Data           4  uart_datatransfer.o(.data)
    threadDP_poolAttr_id                     0x20000360   Data           4  uart_datatransfer.o(.data)
    mid_mtxUartDblog                         0x20000364   Data           4  uart_datatransfer.o(.data)
    counterRemind_hwTimer                    0x20000368   Data           1  bussiness_timerhard.o(.data)
    ifNightMode_sw_running_FLAG              0x20000374   Data           1  timer_activing.o(.data)
    dbSysLogLoopCounter                      0x20000378   Data           1  timer_activing.o(.data)
    tid_timActivingProcess_Thread            0x2000037c   Data           4  timer_activing.o(.data)
    val_DcodeCfm                             0x20000380   Data           1  bspdrv_iptdevice.o(.data)
    timeCounter_smartConfig_start            0x20000381   Data           1  bspdrv_iptdevice.o(.data)
    smartconfigOpen_flg                      0x20000382   Data           1  bspdrv_iptdevice.o(.data)
    usrKeyCount_EN                           0x20000383   Data           1  bspdrv_iptdevice.o(.data)
    touchKeepCnt_record                      0x20000384   Data           1  bspdrv_iptdevice.o(.data)
    touchPadActCounter                       0x20000392   Data           2  bspdrv_iptdevice.o(.data)
    touchPadContinueCnt                      0x20000394   Data           2  bspdrv_iptdevice.o(.data)
    usrKeyCount                              0x20000396   Data           2  bspdrv_iptdevice.o(.data)
    combinationFunFLG_3S5S_cancel_counter    0x20000398   Data           2  bspdrv_iptdevice.o(.data)
    tid_inputDev_process                     0x2000039c   Data           4  bspdrv_iptdevice.o(.data)
    counter_ifTipsFree                       0x200003a0   Data           1  bspdrv_optdevtips.o(.data)
    dev_statusBeeps                          0x200003a1   Data           1  bspdrv_optdevtips.o(.data)
    timeCount_zigNwkOpen                     0x200003a2   Data           1  bspdrv_optdevtips.o(.data)
    counter_tipsAct                          0x200003bc   Data           2  bspdrv_optdevtips.o(.data)
    relay1_Tips                              0x200003c6   Data           3  bspdrv_optdevtips.o(.data)
    relay2_Tips                              0x200003c9   Data           3  bspdrv_optdevtips.o(.data)
    relay3_Tips                              0x200003cc   Data           3  bspdrv_optdevtips.o(.data)
    nwk_Tips                                 0x200003cf   Data           3  bspdrv_optdevtips.o(.data)
    devTips_beep                             0x200003d2   Data           3  bspdrv_optdevtips.o(.data)
    countEN_ifTipsFree                       0x200003d5   Data           1  bspdrv_optdevtips.o(.data)
    status_actuatorRelay                     0x200003d6   Data           1  bspdrv_optdevrelay.o(.data)
    devStatus_ctrlEachO_IF                   0x200003d7   Data           1  bspdrv_optdevrelay.o(.data)
    EACHCTRL_realesFLG                       0x200003d8   Data           1  bspdrv_optdevrelay.o(.data)
    swCommand_fromUsr                        0x200003d9   Data           2  bspdrv_optdevrelay.o(.data)
    curtainAct_Param                         0x200003db   Data           3  bspdrv_optdevrelay.o(.data)
    m_tmr                                    0x200003e0   Data           4  rtx_conf_cm.o(.data)
    os_thread_def_main                       0x200003e4   Data          16  rtx_conf_cm.o(.data)
    osThreadId_osTimerThread                 0x200003f4   Data           4  rtx_conf_cm.o(.data)
    osMessageQId_osTimerMessageQ             0x200003f8   Data           4  rtx_conf_cm.o(.data)
    SystemCoreClock                          0x20000400   Data           4  system_stm32f4xx.o(.data)
    os_initialized                           0x20000404   Data           1  rt_cmsis.o(.data)
    os_running                               0x20000405   Data           1  rt_cmsis.o(.data)
    os_timer_head                            0x20000408   Data           4  rt_cmsis.o(.data)
    os_tsk                                   0x2000040c   Data           8  rt_task.o(.data)
    os_tick_irqn                             0x20000418   Data           4  rt_system.o(.data)
    os_time                                  0x2000041c   Data           4  rt_time.o(.data)
    os_robin                                 0x20000420   Data           8  rt_robin.o(.data)
    dbg_msg                                  0x20000428   Data           1  hal_cm.o(.data)
    printfLog_bufTemp                        0x2000042c   Data         128  datamanage.o(.bss)
    os_pool_m_normalMemUint8_t_pool          0x200004ac   Data        4108  datamanage.o(.bss)
    os_messageQ_q_MsgBox_threadDP_W2Z        0x200014b8   Data          96  datsprocess_uartwifi.o(.bss)
    os_messageQ_q_MsgBox_uartWifiToutDats_datatrans 0x20001518   Data          28  datsprocess_uartwifi.o(.bss)
    os_messageQ_q_MsgBox_wifiFuncRemind      0x20001534   Data          48  datsprocess_uartwifi.o(.bss)
    os_pool_m_WifiUartMsgDatatrans_pool      0x20001c44   Data        3832  datsprocess_uartwifi.o(.bss)
    os_pool_m_WifiFuncRemind_pool            0x20002b3c   Data          52  datsprocess_uartwifi.o(.bss)
    os_messageQ_q_MsgBox_threadDP_Z2W        0x20002b70   Data          96  datsprocess_uartzigbee.o(.bss)
    os_messageQ_q_MsgBox_uartZigbToutDats_dataSysRespond 0x20002bd0   Data         136  datsprocess_uartzigbee.o(.bss)
    os_messageQ_q_MsgBox_uartZigbToutDats_dataRemoteComing 0x20002c58   Data         176  datsprocess_uartzigbee.o(.bss)
    os_messageQ_q_MsgBox_uartZigbToutDats_rmDataReqResp 0x20002d08   Data         136  datsprocess_uartzigbee.o(.bss)
    os_messageQ_q_MsgBox_zigbFuncRemind      0x20002d90   Data          40  datsprocess_uartzigbee.o(.bss)
    localZigbASYDT_bufQueueRemoteReq         0x20002db8   Data       18144  datsprocess_uartzigbee.o(.bss)
    os_pool_m_nwkZigbDevStateAttr_pool       0x20008098   Data        1452  datsprocess_uartzigbee.o(.bss)
    os_pool_m_ZigbUartMsgDataSysRespond_pool 0x20008644   Data        1092  datsprocess_uartzigbee.o(.bss)
    os_pool_m_ZigbUartMsgDataRemoteComing_pool 0x20008a88   Data        6252  datsprocess_uartzigbee.o(.bss)
    os_pool_m_ZigbUartMsgRmDataReqResp_pool  0x2000a2f4   Data         732  datsprocess_uartzigbee.o(.bss)
    os_pool_m_ZigbFuncRemind_pool            0x2000a5d0   Data          32  datsprocess_uartzigbee.o(.bss)
    os_mutex_cb_mtxUartDblog                 0x2000a5f0   Data          16  uart_datatransfer.o(.bss)
    os_pool_m_dtThreadActInitParm_pool       0x2000a600   Data          32  uart_datatransfer.o(.bss)
    os_pool_m_threadDatsPass_pool            0x2000a620   Data        4212  uart_datatransfer.o(.bss)
    bspApp_IWDG                              0x2000b6a8   Data          16  bussiness_timerhard.o(.bss)
    os_timer_cb_timerUsrApp_nromalBussiness  0x2000b6f4   Data          24  bussiness_timersoft.o(.bss)
    os_messageQ_q_osTimerMessageQ            0x2000b718   Data          48  rtx_conf_cm.o(.bss)
    mp_tcb                                   0x2000b748   Data         896  rtx_conf_cm.o(.bss)
    mp_stk                                   0x2000bac8   Data        1040  rtx_conf_cm.o(.bss)
    os_stack_mem                             0x2000bed8   Data       26752  rtx_conf_cm.o(.bss)
    os_fifo                                  0x20012758   Data         132  rtx_conf_cm.o(.bss)
    os_active_TCB                            0x200127dc   Data          68  rtx_conf_cm.o(.bss)
    pFlash                                   0x20012ad8   Data          32  stm32f4xx_hal_flash.o(.bss)
    os_idle_TCB                              0x20012af8   Data          52  rt_task.o(.bss)
    os_rdy                                   0x20012b2c   Data          24  rt_list.o(.bss)
    os_dly                                   0x20012b44   Data          24  rt_list.o(.bss)
    __libspace_start                         0x20012b5c   Data          96  libspace.o(.bss)
    __temporary_stack_top$libspace           0x20012bbc   Data           0  libspace.o(.bss)



==============================================================================

Memory Map of the image

  Image Entry point : 0x08000195

  Load Region LR_IROM1 (Base: 0x08000000, Size: 0x0000d4ac, Max: 0x00080000, ABSOLUTE, COMPRESSED[0x0000d0dc])

    Execution Region ER_IROM1 (Base: 0x08000000, Size: 0x0000d080, Max: 0x00080000, ABSOLUTE)

    Base Addr    Size         Type   Attr      Idx    E Section Name        Object

    0x08000000   0x00000194   Data   RO         4337    RESET               startup_stm32f401xe.o
    0x08000194   0x00000008   Code   RO         5690  * !!!main             c_w.l(__main.o)
    0x0800019c   0x00000034   Code   RO         5890    !!!scatter          c_w.l(__scatter.o)
    0x080001d0   0x0000005a   Code   RO         5888    !!dczerorl2         c_w.l(__dczerorl2.o)
    0x0800022a   0x00000002   PAD
    0x0800022c   0x0000001c   Code   RO         5892    !!handler_zi        c_w.l(__scatter_zi.o)
    0x08000248   0x00000000   Code   RO         5665    .ARM.Collect$$_printf_percent$$00000000  c_w.l(_printf_percent.o)
    0x08000248   0x00000006   Code   RO         5664    .ARM.Collect$$_printf_percent$$00000009  c_w.l(_printf_d.o)
    0x0800024e   0x00000006   Code   RO         5663    .ARM.Collect$$_printf_percent$$0000000C  c_w.l(_printf_x.o)
    0x08000254   0x00000006   Code   RO         5662    .ARM.Collect$$_printf_percent$$00000014  c_w.l(_printf_s.o)
    0x0800025a   0x00000004   Code   RO         5709    .ARM.Collect$$_printf_percent$$00000017  c_w.l(_printf_percent_end.o)
    0x0800025e   0x00000002   Code   RO         5762    .ARM.Collect$$libinit$$00000000  c_w.l(libinit.o)
    0x08000260   0x00000004   Code   RO         5783    .ARM.Collect$$libinit$$00000001  c_w.l(libinit2.o)
    0x08000264   0x00000000   Code   RO         5786    .ARM.Collect$$libinit$$00000004  c_w.l(libinit2.o)
    0x08000264   0x00000000   Code   RO         5789    .ARM.Collect$$libinit$$0000000A  c_w.l(libinit2.o)
    0x08000264   0x00000000   Code   RO         5791    .ARM.Collect$$libinit$$0000000C  c_w.l(libinit2.o)
    0x08000264   0x00000000   Code   RO         5793    .ARM.Collect$$libinit$$0000000E  c_w.l(libinit2.o)
    0x08000264   0x00000006   Code   RO         5794    .ARM.Collect$$libinit$$0000000F  c_w.l(libinit2.o)
    0x0800026a   0x00000000   Code   RO         5796    .ARM.Collect$$libinit$$00000011  c_w.l(libinit2.o)
    0x0800026a   0x0000000c   Code   RO         5797    .ARM.Collect$$libinit$$00000012  c_w.l(libinit2.o)
    0x08000276   0x00000000   Code   RO         5798    .ARM.Collect$$libinit$$00000013  c_w.l(libinit2.o)
    0x08000276   0x00000000   Code   RO         5800    .ARM.Collect$$libinit$$00000015  c_w.l(libinit2.o)
    0x08000276   0x00000000   Code   RO         5802    .ARM.Collect$$libinit$$00000017  c_w.l(libinit2.o)
    0x08000276   0x00000000   Code   RO         5804    .ARM.Collect$$libinit$$00000019  c_w.l(libinit2.o)
    0x08000276   0x00000000   Code   RO         5806    .ARM.Collect$$libinit$$0000001B  c_w.l(libinit2.o)
    0x08000276   0x00000000   Code   RO         5808    .ARM.Collect$$libinit$$0000001D  c_w.l(libinit2.o)
    0x08000276   0x00000000   Code   RO         5810    .ARM.Collect$$libinit$$0000001F  c_w.l(libinit2.o)
    0x08000276   0x00000000   Code   RO         5812    .ARM.Collect$$libinit$$00000021  c_w.l(libinit2.o)
    0x08000276   0x00000000   Code   RO         5814    .ARM.Collect$$libinit$$00000023  c_w.l(libinit2.o)
    0x08000276   0x00000000   Code   RO         5816    .ARM.Collect$$libinit$$00000025  c_w.l(libinit2.o)
    0x08000276   0x00000000   Code   RO         5820    .ARM.Collect$$libinit$$0000002C  c_w.l(libinit2.o)
    0x08000276   0x00000000   Code   RO         5822    .ARM.Collect$$libinit$$0000002E  c_w.l(libinit2.o)
    0x08000276   0x00000000   Code   RO         5824    .ARM.Collect$$libinit$$00000030  c_w.l(libinit2.o)
    0x08000276   0x00000000   Code   RO         5826    .ARM.Collect$$libinit$$00000032  c_w.l(libinit2.o)
    0x08000276   0x00000002   Code   RO         5827    .ARM.Collect$$libinit$$00000033  c_w.l(libinit2.o)
    0x08000278   0x00000002   Code   RO         5763    .ARM.Collect$$libshutdown$$00000000  c_w.l(libshutdown.o)
    0x0800027a   0x00000000   Code   RO         5829    .ARM.Collect$$libshutdown$$00000002  c_w.l(libshutdown2.o)
    0x0800027a   0x00000000   Code   RO         5831    .ARM.Collect$$libshutdown$$00000004  c_w.l(libshutdown2.o)
    0x0800027a   0x00000000   Code   RO         5834    .ARM.Collect$$libshutdown$$00000007  c_w.l(libshutdown2.o)
    0x0800027a   0x00000000   Code   RO         5837    .ARM.Collect$$libshutdown$$0000000A  c_w.l(libshutdown2.o)
    0x0800027a   0x00000000   Code   RO         5839    .ARM.Collect$$libshutdown$$0000000C  c_w.l(libshutdown2.o)
    0x0800027a   0x00000000   Code   RO         5842    .ARM.Collect$$libshutdown$$0000000F  c_w.l(libshutdown2.o)
    0x0800027a   0x00000002   Code   RO         5843    .ARM.Collect$$libshutdown$$00000010  c_w.l(libshutdown2.o)
    0x0800027c   0x00000000   Code   RO         5692    .ARM.Collect$$rtentry$$00000000  c_w.l(__rtentry.o)
    0x0800027c   0x00000000   Code   RO         5717    .ARM.Collect$$rtentry$$00000002  c_w.l(__rtentry2.o)
    0x0800027c   0x00000006   Code   RO         5729    .ARM.Collect$$rtentry$$00000004  c_w.l(__rtentry4.o)
    0x08000282   0x00000000   Code   RO         5719    .ARM.Collect$$rtentry$$00000009  c_w.l(__rtentry2.o)
    0x08000282   0x00000004   Code   RO         5720    .ARM.Collect$$rtentry$$0000000A  c_w.l(__rtentry2.o)
    0x08000286   0x00000008   Code   RO         5721    .ARM.Collect$$rtentry$$0000000B  c_w.l(__rtentry2.o)
    0x0800028e   0x00000008   Code   RO         5723    .ARM.Collect$$rtentry$$0000000D  c_w.l(__rtentry2.o)
    0x08000296   0x00000002   Code   RO         5693    .ARM.Collect$$rtexit$$00000000  c_w.l(rtexit.o)
    0x08000298   0x00000000   Code   RO         5732    .ARM.Collect$$rtexit$$00000002  c_w.l(rtexit2.o)
    0x08000298   0x00000004   Code   RO         5733    .ARM.Collect$$rtexit$$00000003  c_w.l(rtexit2.o)
    0x0800029c   0x00000006   Code   RO         5734    .ARM.Collect$$rtexit$$00000004  c_w.l(rtexit2.o)
    0x080002a2   0x00000002   PAD
    0x080002a4   0x0000001c   Code   RO         1423    .emb_text           rtx_conf_cm.o
    0x080002c0   0x00000198   Code   RO         5585    .emb_text           RTX_CM4.lib(hal_cm4.o)
    0x08000458   0x00000040   Code   RO         4338    .text               startup_stm32f401xe.o
    0x08000498   0x00000008   Code   RO         5600    .text               c_w.l(libspace.o)
    0x080004a0   0x000000ee   Code   RO         5603    .text               c_w.l(lludivv7m.o)
    0x0800058e   0x00000002   PAD
    0x08000590   0x00000028   Code   RO         5609    .text               c_w.l(noretval__2sprintf.o)
    0x080005b8   0x00000034   Code   RO         5611    .text               c_w.l(noretval__2snprintf.o)
    0x080005ec   0x0000004e   Code   RO         5615    .text               c_w.l(_printf_pad.o)
    0x0800063a   0x00000052   Code   RO         5617    .text               c_w.l(_printf_str.o)
    0x0800068c   0x00000078   Code   RO         5619    .text               c_w.l(_printf_dec.o)
    0x08000704   0x00000058   Code   RO         5624    .text               c_w.l(_printf_hex_int.o)
    0x0800075c   0x00000138   Code   RO         5654    .text               c_w.l(__printf_flags_wp.o)
    0x08000894   0x0000003c   Code   RO         5666    .text               c_w.l(__0sscanf.o)
    0x080008d0   0x0000014c   Code   RO         5668    .text               c_w.l(_scanf_int.o)
    0x08000a1c   0x000000e0   Code   RO         5670    .text               c_w.l(_scanf_str.o)
    0x08000afc   0x00000012   Code   RO         5672    .text               c_w.l(exit.o)
    0x08000b0e   0x00000058   Code   RO         5674    .text               c_w.l(memcmp.o)
    0x08000b66   0x0000003e   Code   RO         5676    .text               c_w.l(strlen.o)
    0x08000ba4   0x00000018   Code   RO         5678    .text               c_w.l(strcat.o)
    0x08000bbc   0x0000008a   Code   RO         5680    .text               c_w.l(rt_memcpy_v6.o)
    0x08000c46   0x00000064   Code   RO         5682    .text               c_w.l(rt_memcpy_w.o)
    0x08000caa   0x00000044   Code   RO         5684    .text               c_w.l(rt_memclr.o)
    0x08000cee   0x0000004e   Code   RO         5686    .text               c_w.l(rt_memclr_w.o)
    0x08000d3c   0x00000006   Code   RO         5688    .text               c_w.l(heapauxi.o)
    0x08000d42   0x000000b2   Code   RO         5699    .text               c_w.l(_printf_intcommon.o)
    0x08000df4   0x00000030   Code   RO         5701    .text               c_w.l(_printf_char_common.o)
    0x08000e24   0x0000000a   Code   RO         5703    .text               c_w.l(_sputc.o)
    0x08000e2e   0x00000010   Code   RO         5705    .text               c_w.l(_snputc.o)
    0x08000e3e   0x0000002c   Code   RO         5707    .text               c_w.l(_printf_char.o)
    0x08000e6a   0x0000001c   Code   RO         5710    .text               c_w.l(_chval.o)
    0x08000e86   0x00000002   PAD
    0x08000e88   0x0000002c   Code   RO         5712    .text               c_w.l(scanf_char.o)
    0x08000eb4   0x00000040   Code   RO         5714    .text               c_w.l(_sgetc.o)
    0x08000ef4   0x00000012   Code   RO         5740    .text               c_w.l(isspace.o)
    0x08000f06   0x00000002   PAD
    0x08000f08   0x00000374   Code   RO         5744    .text               c_w.l(_scanf.o)
    0x0800127c   0x0000000c   Code   RO         5746    .text               c_w.l(sys_exit.o)
    0x08001288   0x0000004a   Code   RO         5748    .text               c_w.l(sys_stackheap_outer.o)
    0x080012d2   0x00000002   PAD
    0x080012d4   0x00000010   Code   RO         5750    .text               c_w.l(rt_ctype_table.o)
    0x080012e4   0x00000002   Code   RO         5764    .text               c_w.l(use_no_semi.o)
    0x080012e6   0x00000000   Code   RO         5766    .text               c_w.l(indicate_semi.o)
    0x080012e6   0x0000000a   Code   RO         5774    .text               c_w.l(rt_locale_twolibspace.o)
    0x080012f0   0x00000080   Code   RO         5848    .text               c_w.l(strcmpv7m.o)
    0x08001370   0x00000004   Code   RO         5595    SVC_TABLE           RTX_CM4.lib(svc_table.o)
    0x08001374   0x00000018   Code   RO         1510    i.DMA1_Stream5_IRQHandler  usart_stm32f4xx.o
    0x0800138c   0x00000018   Code   RO         1511    i.DMA1_Stream6_IRQHandler  usart_stm32f4xx.o
    0x080013a4   0x00000018   Code   RO         1512    i.DMA2_Stream1_IRQHandler  usart_stm32f4xx.o
    0x080013bc   0x00000018   Code   RO         1513    i.DMA2_Stream2_IRQHandler  usart_stm32f4xx.o
    0x080013d4   0x00000018   Code   RO         1514    i.DMA2_Stream6_IRQHandler  usart_stm32f4xx.o
    0x080013ec   0x00000018   Code   RO         1515    i.DMA2_Stream7_IRQHandler  usart_stm32f4xx.o
    0x08001404   0x00000028   Code   RO         2234    i.DMA_CalcBaseAndBitshift  stm32f4xx_hal_dma.o
    0x0800142c   0x00000028   Code   RO         2235    i.DMA_SetConfig     stm32f4xx_hal_dma.o
    0x08001454   0x00000164   Code   RO         1100    i.DcodeScan         bspdrv_iptdevice.o
    0x080015b8   0x000000a8   Code   RO         1516    i.Enable_GPIO_Clock  usart_stm32f4xx.o
    0x08001660   0x00000058   Code   RO         2476    i.FLASH_Erase_Sector  stm32f4xx_hal_flash_ex.o
    0x080016b8   0x00000054   Code   RO         2477    i.FLASH_FlushCaches  stm32f4xx_hal_flash_ex.o
    0x0800170c   0x00000024   Code   RO         2478    i.FLASH_MassErase   stm32f4xx_hal_flash_ex.o
    0x08001730   0x00000020   Code   RO         2358    i.FLASH_Program_Byte  stm32f4xx_hal_flash.o
    0x08001750   0x00000028   Code   RO         2359    i.FLASH_Program_DoubleWord  stm32f4xx_hal_flash.o
    0x08001778   0x00000024   Code   RO         2360    i.FLASH_Program_HalfWord  stm32f4xx_hal_flash.o
    0x0800179c   0x00000024   Code   RO         2361    i.FLASH_Program_Word  stm32f4xx_hal_flash.o
    0x080017c0   0x00000088   Code   RO         2362    i.FLASH_SetErrorCode  stm32f4xx_hal_flash.o
    0x08001848   0x00000058   Code   RO         2363    i.FLASH_WaitForLastOperation  stm32f4xx_hal_flash.o
    0x080018a0   0x00000052   Code   RO         2236    i.HAL_DMA_Abort     stm32f4xx_hal_dma.o
    0x080018f2   0x00000056   Code   RO         2237    i.HAL_DMA_DeInit    stm32f4xx_hal_dma.o
    0x08001948   0x000001a4   Code   RO         2240    i.HAL_DMA_IRQHandler  stm32f4xx_hal_dma.o
    0x08001aec   0x00000078   Code   RO         2241    i.HAL_DMA_Init      stm32f4xx_hal_dma.o
    0x08001b64   0x0000004e   Code   RO         2244    i.HAL_DMA_Start_IT  stm32f4xx_hal_dma.o
    0x08001bb2   0x00000002   PAD
    0x08001bb4   0x00000098   Code   RO         2481    i.HAL_FLASHEx_Erase  stm32f4xx_hal_flash_ex.o
    0x08001c4c   0x00000014   Code   RO         2367    i.HAL_FLASH_Lock    stm32f4xx_hal_flash.o
    0x08001c60   0x0000007c   Code   RO         2372    i.HAL_FLASH_Program  stm32f4xx_hal_flash.o
    0x08001cdc   0x00000028   Code   RO         2374    i.HAL_FLASH_Unlock  stm32f4xx_hal_flash.o
    0x08001d04   0x000000f8   Code   RO         2560    i.HAL_GPIO_DeInit   stm32f4xx_hal_gpio.o
    0x08001dfc   0x00000194   Code   RO         2563    i.HAL_GPIO_Init     stm32f4xx_hal_gpio.o
    0x08001f90   0x0000000a   Code   RO         2565    i.HAL_GPIO_ReadPin  stm32f4xx_hal_gpio.o
    0x08001f9a   0x0000000a   Code   RO         2567    i.HAL_GPIO_WritePin  stm32f4xx_hal_gpio.o
    0x08001fa4   0x0000000c   Code   RO         1974    i.HAL_GetTick       stm32f4xx_hal.o
    0x08001fb0   0x0000004a   Code   RO         2627    i.HAL_IWDG_Init     stm32f4xx_hal_iwdg.o
    0x08001ffa   0x00000002   Code   RO         2628    i.HAL_IWDG_MspInit  stm32f4xx_hal_iwdg.o
    0x08001ffc   0x00000054   Code   RO         2629    i.HAL_IWDG_Refresh  stm32f4xx_hal_iwdg.o
    0x08002050   0x0000002a   Code   RO         2630    i.HAL_IWDG_Start    stm32f4xx_hal_iwdg.o
    0x0800207a   0x00000002   PAD
    0x0800207c   0x00000034   Code   RO         1976    i.HAL_Init          stm32f4xx_hal.o
    0x080020b0   0x00000022   Code   RO         1977    i.HAL_InitTick      stm32f4xx_hal.o
    0x080020d2   0x00000008   Code   RO         1979    i.HAL_MspInit       stm32f4xx_hal.o
    0x080020da   0x00000016   Code   RO         2112    i.HAL_NVIC_ClearPendingIRQ  stm32f4xx_hal_cortex.o
    0x080020f0   0x00000016   Code   RO         2113    i.HAL_NVIC_DisableIRQ  stm32f4xx_hal_cortex.o
    0x08002106   0x00000016   Code   RO         2114    i.HAL_NVIC_EnableIRQ  stm32f4xx_hal_cortex.o
    0x0800211c   0x00000040   Code   RO         2120    i.HAL_NVIC_SetPriority  stm32f4xx_hal_cortex.o
    0x0800215c   0x00000024   Code   RO         2121    i.HAL_NVIC_SetPriorityGrouping  stm32f4xx_hal_cortex.o
    0x08002180   0x00000024   Code   RO         2122    i.HAL_NVIC_SystemReset  stm32f4xx_hal_cortex.o
    0x080021a4   0x00000034   Code   RO         2878    i.HAL_RCC_GetHCLKFreq  stm32f4xx_hal_rcc.o
    0x080021d8   0x0000002c   Code   RO         2880    i.HAL_RCC_GetPCLK1Freq  stm32f4xx_hal_rcc.o
    0x08002204   0x0000002c   Code   RO         2881    i.HAL_RCC_GetPCLK2Freq  stm32f4xx_hal_rcc.o
    0x08002230   0x00000070   Code   RO         2882    i.HAL_RCC_GetSysClockFreq  stm32f4xx_hal_rcc.o
    0x080022a0   0x00000028   Code   RO         2125    i.HAL_SYSTICK_Config  stm32f4xx_hal_cortex.o
    0x080022c8   0x00000002   Code   RO         3644    i.HAL_TIMEx_BreakCallback  stm32f4xx_hal_tim_ex.o
    0x080022ca   0x00000002   Code   RO         3645    i.HAL_TIMEx_CommutationCallback  stm32f4xx_hal_tim_ex.o
    0x080022cc   0x00000036   Code   RO         3015    i.HAL_TIM_Base_Init  stm32f4xx_hal_tim.o
    0x08002302   0x00000002   PAD
    0x08002304   0x0000003c   Code   RO          456    i.HAL_TIM_Base_MspInit  usrmanage_halhwcallbcak.o
    0x08002340   0x00000018   Code   RO         3020    i.HAL_TIM_Base_Start_IT  stm32f4xx_hal_tim.o
    0x08002358   0x00000002   Code   RO         3044    i.HAL_TIM_IC_CaptureCallback  stm32f4xx_hal_tim.o
    0x0800235a   0x00000166   Code   RO         3057    i.HAL_TIM_IRQHandler  stm32f4xx_hal_tim.o
    0x080024c0   0x00000002   Code   RO         3060    i.HAL_TIM_OC_DelayElapsedCallback  stm32f4xx_hal_tim.o
    0x080024c2   0x00000002   Code   RO         3087    i.HAL_TIM_PWM_PulseFinishedCallback  stm32f4xx_hal_tim.o
    0x080024c4   0x00000004   Code   RO          457    i.HAL_TIM_PeriodElapsedCallback  usrmanage_halhwcallbcak.o
    0x080024c8   0x00000002   Code   RO         3098    i.HAL_TIM_TriggerCallback  stm32f4xx_hal_tim.o
    0x080024ca   0x00000016   Code   RO         1517    i.NVIC_ClearPendingIRQ  usart_stm32f4xx.o
    0x080024e0   0x00000016   Code   RO         1518    i.NVIC_EnableIRQ    usart_stm32f4xx.o
    0x080024f6   0x00000020   Code   RO         2127    i.NVIC_SetPriority  stm32f4xx_hal_cortex.o
    0x08002516   0x00000014   Code   RO          186    i.STMFLASH_Read     datamanage.o
    0x0800252a   0x00000002   PAD
    0x0800252c   0x00000108   Code   RO          187    i.STMFLASH_Write    datamanage.o
    0x08002634   0x00000054   Code   RO         4346    i.SystemInit        system_stm32f4xx.o
    0x08002688   0x0000000c   Code   RO          953    i.TIM3_IRQHandler   bussiness_timerhard.o
    0x08002694   0x000000c8   Code   RO          954    i.TIM3_IRQHandler_callByHal  bussiness_timerhard.o
    0x0800275c   0x00000090   Code   RO         3099    i.TIM_Base_SetConfig  stm32f4xx_hal_tim.o
    0x080027ec   0x0000000c   Code   RO         1519    i.USART1_Control    usart_stm32f4xx.o
    0x080027f8   0x00000088   Code   RO          842    i.USART1_DbugP1_Init  uart_datatransfer.o
    0x08002880   0x0000000c   Code   RO         1520    i.USART1_GetCapabilities  usart_stm32f4xx.o
    0x0800288c   0x0000000c   Code   RO         1521    i.USART1_GetModemStatus  usart_stm32f4xx.o
    0x08002898   0x0000000c   Code   RO         1522    i.USART1_GetRxCount  usart_stm32f4xx.o
    0x080028a4   0x0000000c   Code   RO         1523    i.USART1_GetStatus  usart_stm32f4xx.o
    0x080028b0   0x0000000c   Code   RO         1524    i.USART1_GetTxCount  usart_stm32f4xx.o
    0x080028bc   0x0000000c   Code   RO         1525    i.USART1_IRQHandler  usart_stm32f4xx.o
    0x080028c8   0x0000000c   Code   RO         1526    i.USART1_Initialize  usart_stm32f4xx.o
    0x080028d4   0x0000000c   Code   RO         1527    i.USART1_PowerControl  usart_stm32f4xx.o
    0x080028e0   0x0000000c   Code   RO         1528    i.USART1_RX_DMA_Complete  usart_stm32f4xx.o
    0x080028ec   0x0000000c   Code   RO         1529    i.USART1_Receive    usart_stm32f4xx.o
    0x080028f8   0x0000000c   Code   RO         1530    i.USART1_Send       usart_stm32f4xx.o
    0x08002904   0x0000000c   Code   RO         1531    i.USART1_SetModemControl  usart_stm32f4xx.o
    0x08002910   0x0000000c   Code   RO         1532    i.USART1_TX_DMA_Complete  usart_stm32f4xx.o
    0x0800291c   0x0000000c   Code   RO         1533    i.USART1_Transfer   usart_stm32f4xx.o
    0x08002928   0x0000000c   Code   RO         1534    i.USART1_Uninitialize  usart_stm32f4xx.o
    0x08002934   0x0000000c   Code   RO         1535    i.USART2_Control    usart_stm32f4xx.o
    0x08002940   0x00000064   Code   RO          843    i.USART2_DataTransP1_Init  uart_datatransfer.o
    0x080029a4   0x0000000c   Code   RO         1536    i.USART2_GetCapabilities  usart_stm32f4xx.o
    0x080029b0   0x0000000c   Code   RO         1537    i.USART2_GetModemStatus  usart_stm32f4xx.o
    0x080029bc   0x0000000c   Code   RO         1538    i.USART2_GetRxCount  usart_stm32f4xx.o
    0x080029c8   0x0000000c   Code   RO         1539    i.USART2_GetStatus  usart_stm32f4xx.o
    0x080029d4   0x0000000c   Code   RO         1540    i.USART2_GetTxCount  usart_stm32f4xx.o
    0x080029e0   0x0000000c   Code   RO         1541    i.USART2_IRQHandler  usart_stm32f4xx.o
    0x080029ec   0x0000000c   Code   RO         1542    i.USART2_Initialize  usart_stm32f4xx.o
    0x080029f8   0x0000000c   Code   RO         1543    i.USART2_PowerControl  usart_stm32f4xx.o
    0x08002a04   0x0000000c   Code   RO         1544    i.USART2_RX_DMA_Complete  usart_stm32f4xx.o
    0x08002a10   0x0000000c   Code   RO         1545    i.USART2_Receive    usart_stm32f4xx.o
    0x08002a1c   0x0000000c   Code   RO         1546    i.USART2_Send       usart_stm32f4xx.o
    0x08002a28   0x0000000c   Code   RO         1547    i.USART2_SetModemControl  usart_stm32f4xx.o
    0x08002a34   0x0000000c   Code   RO         1548    i.USART2_TX_DMA_Complete  usart_stm32f4xx.o
    0x08002a40   0x0000000c   Code   RO         1549    i.USART2_Transfer   usart_stm32f4xx.o
    0x08002a4c   0x0000000c   Code   RO         1550    i.USART2_Uninitialize  usart_stm32f4xx.o
    0x08002a58   0x0000000c   Code   RO         1551    i.USART6_Control    usart_stm32f4xx.o
    0x08002a64   0x000000a4   Code   RO          844    i.USART6_DataTransP2_Init  uart_datatransfer.o
    0x08002b08   0x0000000c   Code   RO         1552    i.USART6_GetCapabilities  usart_stm32f4xx.o
    0x08002b14   0x0000000c   Code   RO         1553    i.USART6_GetModemStatus  usart_stm32f4xx.o
    0x08002b20   0x0000000c   Code   RO         1554    i.USART6_GetRxCount  usart_stm32f4xx.o
    0x08002b2c   0x0000000c   Code   RO         1555    i.USART6_GetStatus  usart_stm32f4xx.o
    0x08002b38   0x0000000c   Code   RO         1556    i.USART6_GetTxCount  usart_stm32f4xx.o
    0x08002b44   0x0000000c   Code   RO         1557    i.USART6_IRQHandler  usart_stm32f4xx.o
    0x08002b50   0x0000000c   Code   RO         1558    i.USART6_Initialize  usart_stm32f4xx.o
    0x08002b5c   0x0000000c   Code   RO         1559    i.USART6_PowerControl  usart_stm32f4xx.o
    0x08002b68   0x0000000c   Code   RO         1560    i.USART6_RX_DMA_Complete  usart_stm32f4xx.o
    0x08002b74   0x0000000c   Code   RO         1561    i.USART6_Receive    usart_stm32f4xx.o
    0x08002b80   0x0000000c   Code   RO         1562    i.USART6_Send       usart_stm32f4xx.o
    0x08002b8c   0x0000000c   Code   RO         1563    i.USART6_SetModemControl  usart_stm32f4xx.o
    0x08002b98   0x0000000c   Code   RO         1564    i.USART6_TX_DMA_Complete  usart_stm32f4xx.o
    0x08002ba4   0x0000000c   Code   RO         1565    i.USART6_Transfer   usart_stm32f4xx.o
    0x08002bb0   0x0000000c   Code   RO         1566    i.USART6_Uninitialize  usart_stm32f4xx.o
    0x08002bbc   0x00000690   Code   RO         1567    i.USART_Control     usart_stm32f4xx.o
    0x0800324c   0x0000002a   Code   RO         1568    i.USART_GetModemStatus  usart_stm32f4xx.o
    0x08003276   0x00000016   Code   RO         1569    i.USART_GetRxCount  usart_stm32f4xx.o
    0x0800328c   0x00000044   Code   RO         1570    i.USART_GetStatus   usart_stm32f4xx.o
    0x080032d0   0x00000016   Code   RO         1571    i.USART_GetTxCount  usart_stm32f4xx.o
    0x080032e6   0x000001ea   Code   RO         1572    i.USART_IRQHandler  usart_stm32f4xx.o
    0x080034d0   0x00000170   Code   RO         1573    i.USART_Initialize  usart_stm32f4xx.o
    0x08003640   0x00000074   Code   RO         1574    i.USART_PeripheralReset  usart_stm32f4xx.o
    0x080036b4   0x000001b0   Code   RO         1575    i.USART_PowerControl  usart_stm32f4xx.o
    0x08003864   0x00000072   Code   RO         1576    i.USART_RX_DMA_Complete  usart_stm32f4xx.o
    0x080038d6   0x00000108   Code   RO         1577    i.USART_Receive     usart_stm32f4xx.o
    0x080039de   0x000000e8   Code   RO         1578    i.USART_Send        usart_stm32f4xx.o
    0x08003ac6   0x00000044   Code   RO         1579    i.USART_SetModemControl  usart_stm32f4xx.o
    0x08003b0a   0x0000003a   Code   RO         1580    i.USART_TX_DMA_Complete  usart_stm32f4xx.o
    0x08003b44   0x0000004e   Code   RO         1581    i.USART_Transfer    usart_stm32f4xx.o
    0x08003b92   0x0000005a   Code   RO         1582    i.USART_Uninitialize  usart_stm32f4xx.o
    0x08003bec   0x0000000c   Code   RO         1583    i.USARTx_GetVersion  usart_stm32f4xx.o
    0x08003bf8   0x00000080   Code   RO         1101    i.UsrKEYScan        bspdrv_iptdevice.o
    0x08003c78   0x000015bc   Code   RO          489    i.WIFI_mainThread   datsprocess_uartwifi.o
    0x08005234   0x00000018   Code   RO          636    i.XOR_CHECK         datsprocess_uartzigbee.o
    0x0800524c   0x000001a8   Code   RO          637    i.ZigB_NwkCreat     datsprocess_uartzigbee.o
    0x080053f4   0x000000c0   Code   RO          638    i.ZigB_PANIDReales  datsprocess_uartzigbee.o
    0x080054b4   0x00000064   Code   RO          639    i.ZigB_TXFrameLoad  datsprocess_uartzigbee.o
    0x08005518   0x0000013c   Code   RO          640    i.ZigB_datsRemoteRX  datsprocess_uartzigbee.o
    0x08005654   0x00000208   Code   RO          641    i.ZigB_datsTX_ASY   datsprocess_uartzigbee.o
    0x0800585c   0x0000006c   Code   RO          642    i.ZigB_getIEEEAddr  datsprocess_uartzigbee.o
    0x080058c8   0x00000064   Code   RO          643    i.ZigB_getPanIDCurrent  datsprocess_uartzigbee.o
    0x0800592c   0x00000070   Code   RO          644    i.ZigB_getRandom    datsprocess_uartzigbee.o
    0x0800599c   0x0000013c   Code   RO          645    i.ZigB_inspectionSelf  datsprocess_uartzigbee.o
    0x08005ad8   0x000007bc   Code   RO          646    i.ZigB_mainThread   datsprocess_uartzigbee.o
    0x08006294   0x00000040   Code   RO          647    i.ZigB_nwkReconnect  datsprocess_uartzigbee.o
    0x080062d4   0x00000084   Code   RO          648    i.ZigB_remoteDatsSend_straightforward  datsprocess_uartzigbee.o
    0x08006358   0x000000f4   Code   RO          649    i.ZigB_resetInit    datsprocess_uartzigbee.o
    0x0800644c   0x0000001c   Code   RO          650    i.ZigB_sysCtrlFrameLoad  datsprocess_uartzigbee.o
    0x08006468   0x00000036   Code   RO          651    i.ZigBdevDispList   datsprocess_uartzigbee.o
    0x0800649e   0x00000046   Code   RO         5479    i._init_box         RTX_CM4.lib(rt_membox.o)
    0x080064e4   0x0000000e   Code   RO         5652    i._is_digit         c_w.l(__printf_wp.o)
    0x080064f2   0x00000002   PAD
    0x080064f4   0x00000020   Code   RO         1425    i._mutex_acquire    rtx_conf_cm.o
    0x08006514   0x0000001c   Code   RO         1427    i._mutex_release    rtx_conf_cm.o
    0x08006530   0x00000088   Code   RO         1371    i.actuatorRelay_Act  bspdrv_optdevrelay.o
    0x080065b8   0x00000688   Code   RO          490    i.appFuncProcessTuyaWifiDatapointHandle  datsprocess_uartwifi.o
    0x08006c40   0x00000048   Code   RO          188    i.appFuncStr2Mac    datamanage.o
    0x08006c88   0x00000024   Code   RO         1205    i.beeps_usrActive   bspdrv_optdevtips.o
    0x08006cac   0x00000038   Code   RO         1372    i.bsp_actuatorRelay_Init  bspdrv_optdevrelay.o
    0x08006ce4   0x00000018   Code   RO          189    i.bsp_dataManageInit  datamanage.o
    0x08006cfc   0x00000050   Code   RO          955    i.bsp_hwTimerInit   bussiness_timerhard.o
    0x08006d4c   0x0000000c   Code   RO          956    i.bsp_iwdgFeed      bussiness_timerhard.o
    0x08006d58   0x00000028   Code   RO          957    i.bsp_iwdgInit      bussiness_timerhard.o
    0x08006d80   0x0000007c   Code   RO         1206    i.bsp_opreatReflectTips_Init  bspdrv_optdevtips.o
    0x08006dfc   0x00000038   Code   RO          377    i.bytesTo_float     usrappmethod.o
    0x08006e34   0x00000014   Code   RO          845    i.com1DbugP1_Thread  uart_datatransfer.o
    0x08006e48   0x00000004   Code   RO          846    i.com2DataTransP1_Thread  uart_datatransfer.o
    0x08006e4c   0x00000004   Code   RO          847    i.com5DataTransP2_Thread  uart_datatransfer.o
    0x08006e50   0x0000004c   Code   RO          848    i.communicationActive  uart_datatransfer.o
    0x08006e9c   0x00000050   Code   RO          849    i.dataTransThread_Active  uart_datatransfer.o
    0x08006eec   0x00000030   Code   RO         5532    i.dbg_init          RTX_CM4.lib(hal_cm.o)
    0x08006f1c   0x00000020   Code   RO         5533    i.dbg_task_notify   RTX_CM4.lib(hal_cm.o)
    0x08006f3c   0x00000010   Code   RO         5534    i.dbg_task_switch   RTX_CM4.lib(hal_cm.o)
    0x08006f4c   0x00000018   Code   RO          378    i.devCurtain_statusCodeChg_D2S  usrappmethod.o
    0x08006f64   0x00000018   Code   RO          379    i.devCurtain_statusCodeChg_S2D  usrappmethod.o
    0x08006f7c   0x00000050   Code   RO         1102    i.devDrvIpt_mainThread  bspdrv_iptdevice.o
    0x08006fcc   0x000000b4   Code   RO         1103    i.devDrvIpt_threadProcessActive  bspdrv_iptdevice.o
    0x08007080   0x00000030   Code   RO          190    i.devGroupOperate_groupIndexGet  datamanage.o
    0x080070b0   0x0000017c   Code   RO          191    i.devGroupOperate_paramAdd  datamanage.o
    0x0800722c   0x000000fc   Code   RO          192    i.devGroupOperate_paramDel  datamanage.o
    0x08007328   0x00000190   Code   RO          193    i.devMacTabOperate_nodeAdd  datamanage.o
    0x080074b8   0x000001bc   Code   RO          194    i.devMacTabOperate_nodeDel  datamanage.o
    0x08007674   0x0000004c   Code   RO         1207    i.devNwkStatusTips_refresh  bspdrv_optdevtips.o
    0x080076c0   0x0000000c   Code   RO         1208    i.devTipsParamGet_horsingLight  bspdrv_optdevtips.o
    0x080076cc   0x0000000c   Code   RO         1209    i.devTipsParamGet_keyLightColor  bspdrv_optdevtips.o
    0x080076d8   0x0000000c   Code   RO         1210    i.devTipsParamSet_horsingLight  bspdrv_optdevtips.o
    0x080076e4   0x0000000c   Code   RO         1211    i.devTipsParamSet_keyLightColor  bspdrv_optdevtips.o
    0x080076f0   0x0000000c   Code   RO         1212    i.devTips_status_get  bspdrv_optdevtips.o
    0x080076fc   0x0000002c   Code   RO          958    i.drvApplication_hwTimer_initialization  bussiness_timerhard.o
    0x08007728   0x00000020   Code   RO          491    i.frame_Check       datsprocess_uartwifi.o
    0x08007748   0x000000cc   Code   RO          380    i.ftoa              usrappmethod.o
    0x08007814   0x00000028   Code   RO         1373    i.funcLoop_relayActingProcess  bspdrv_optdevrelay.o
    0x0800783c   0x000002ac   Code   RO         1213    i.funcLoop_usrTipsProcess  bspdrv_optdevtips.o
    0x08007ae8   0x0000002a   Code   RO         4382    i.isrMessageGet     RTX_CM4.lib(rt_cmsis.o)
    0x08007b12   0x0000002c   Code   RO         4383    i.isrMessagePut     RTX_CM4.lib(rt_cmsis.o)
    0x08007b3e   0x00000024   Code   RO         4385    i.isrSignalSet      RTX_CM4.lib(rt_cmsis.o)
    0x08007b62   0x00000002   PAD
    0x08007b64   0x00000028   Code   RO         5216    i.isr_evt_set       RTX_CM4.lib(rt_event.o)
    0x08007b8c   0x00000052   Code   RO         5334    i.isr_mbx_receive   RTX_CM4.lib(rt_mailbox.o)
    0x08007bde   0x0000000e   Code   RO         5335    i.isr_mbx_send      RTX_CM4.lib(rt_mailbox.o)
    0x08007bec   0x0000005c   Code   RO            4    i.main              usrmain.o
    0x08007c48   0x00000030   Code   RO          381    i.memloc            usrappmethod.o
    0x08007c78   0x0000002c   Code   RO          382    i.memmem            usrappmethod.o
    0x08007ca4   0x00000018   Code   RO          850    i.msgQueueInit      uart_datatransfer.o
    0x08007cbc   0x00000100   Code   RO         1104    i.normalBussiness_shortTouchTrig  bspdrv_iptdevice.o
    0x08007dbc   0x00000018   Code   RO         4386    i.osDelay           RTX_CM4.lib(rt_cmsis.o)
    0x08007dd4   0x00000024   Code   RO         4387    i.osKernelInitialize  RTX_CM4.lib(rt_cmsis.o)
    0x08007df8   0x0000006c   Code   RO         4389    i.osKernelStart     RTX_CM4.lib(rt_cmsis.o)
    0x08007e64   0x00000018   Code   RO          851    i.osMemoryInit      uart_datatransfer.o
    0x08007e7c   0x00000030   Code   RO         4397    i.osMessageCreate   RTX_CM4.lib(rt_cmsis.o)
    0x08007eac   0x00000018   Code   RO         4398    i.osMessageGet      RTX_CM4.lib(rt_cmsis.o)
    0x08007ec4   0x00000018   Code   RO         4399    i.osMessagePut      RTX_CM4.lib(rt_cmsis.o)
    0x08007edc   0x00000030   Code   RO         4400    i.osMutexCreate     RTX_CM4.lib(rt_cmsis.o)
    0x08007f0c   0x00000018   Code   RO         4402    i.osMutexRelease    RTX_CM4.lib(rt_cmsis.o)
    0x08007f24   0x00000020   Code   RO         4404    i.osPoolAlloc       RTX_CM4.lib(rt_cmsis.o)
    0x08007f44   0x00000030   Code   RO         4406    i.osPoolCreate      RTX_CM4.lib(rt_cmsis.o)
    0x08007f74   0x00000020   Code   RO         4407    i.osPoolFree        RTX_CM4.lib(rt_cmsis.o)
    0x08007f94   0x00000018   Code   RO         4413    i.osSignalSet       RTX_CM4.lib(rt_cmsis.o)
    0x08007fac   0x00000018   Code   RO         4414    i.osSignalWait      RTX_CM4.lib(rt_cmsis.o)
    0x08007fc4   0x00000030   Code   RO         4415    i.osThreadCreate    RTX_CM4.lib(rt_cmsis.o)
    0x08007ff4   0x00000018   Code   RO         4416    i.osThreadExit      RTX_CM4.lib(rt_cmsis.o)
    0x0800800c   0x00000018   Code   RO         4417    i.osThreadGetId     RTX_CM4.lib(rt_cmsis.o)
    0x08008024   0x0000000c   Code   RO         4422    i.osTimerCall       RTX_CM4.lib(rt_cmsis.o)
    0x08008030   0x00000034   Code   RO         4423    i.osTimerCreate     RTX_CM4.lib(rt_cmsis.o)
    0x08008064   0x00000018   Code   RO         4425    i.osTimerStart      RTX_CM4.lib(rt_cmsis.o)
    0x0800807c   0x0000002c   Code   RO         4427    i.osTimerThread     RTX_CM4.lib(rt_cmsis.o)
    0x080080a8   0x00000002   Code   RO         1428    i.os_error          rtx_conf_cm.o
    0x080080aa   0x00000002   Code   RO         1429    i.os_idle_demon     rtx_conf_cm.o
    0x080080ac   0x00000028   Code   RO         5126    i.os_tick_init      RTX_CM4.lib(rt_system.o)
    0x080080d4   0x00000002   Code   RO         5127    i.os_tick_irqack    RTX_CM4.lib(rt_system.o)
    0x080080d6   0x00000002   PAD
    0x080080d8   0x00000150   Code   RO         1375    i.relay_statusReales  bspdrv_optdevrelay.o
    0x08008228   0x0000001a   Code   RO         5480    i.rt_alloc_box      RTX_CM4.lib(rt_membox.o)
    0x08008242   0x0000003e   Code   RO         5508    i.rt_alloc_mem      RTX_CM4.lib(rt_memory.o)
    0x08008280   0x00000038   Code   RO         5007    i.rt_block          RTX_CM4.lib(rt_task.o)
    0x080082b8   0x00000048   Code   RO         5457    i.rt_chk_robin      RTX_CM4.lib(rt_robin.o)
    0x08008300   0x00000070   Code   RO         5258    i.rt_dec_dly        RTX_CM4.lib(rt_list.o)
    0x08008370   0x00000044   Code   RO         5008    i.rt_dispatch       RTX_CM4.lib(rt_task.o)
    0x080083b4   0x00000006   Code   RO         5424    i.rt_dly_wait       RTX_CM4.lib(rt_time.o)
    0x080083ba   0x00000002   PAD
    0x080083bc   0x00000050   Code   RO         5219    i.rt_evt_psh        RTX_CM4.lib(rt_event.o)
    0x0800840c   0x0000005c   Code   RO         5220    i.rt_evt_set        RTX_CM4.lib(rt_event.o)
    0x08008468   0x0000003c   Code   RO         5221    i.rt_evt_wait       RTX_CM4.lib(rt_event.o)
    0x080084a4   0x0000002c   Code   RO         5481    i.rt_free_box       RTX_CM4.lib(rt_membox.o)
    0x080084d0   0x00000028   Code   RO         5509    i.rt_free_mem       RTX_CM4.lib(rt_memory.o)
    0x080084f8   0x00000028   Code   RO         5259    i.rt_get_first      RTX_CM4.lib(rt_list.o)
    0x08008520   0x00000008   Code   RO         4432    i.rt_id2obj         RTX_CM4.lib(rt_cmsis.o)
    0x08008528   0x00000048   Code   RO         5009    i.rt_init_context   RTX_CM4.lib(rt_task.o)
    0x08008570   0x0000001a   Code   RO         5510    i.rt_init_mem       RTX_CM4.lib(rt_memory.o)
    0x0800858a   0x00000002   PAD
    0x0800858c   0x00000018   Code   RO         5458    i.rt_init_robin     RTX_CM4.lib(rt_robin.o)
    0x080085a4   0x00000080   Code   RO         5535    i.rt_init_stack     RTX_CM4.lib(hal_cm.o)
    0x08008624   0x00000008   Code   RO         5336    i.rt_mbx_check      RTX_CM4.lib(rt_mailbox.o)
    0x0800862c   0x0000001a   Code   RO         5337    i.rt_mbx_init       RTX_CM4.lib(rt_mailbox.o)
    0x08008646   0x00000002   PAD
    0x08008648   0x000000f0   Code   RO         5338    i.rt_mbx_psh        RTX_CM4.lib(rt_mailbox.o)
    0x08008738   0x00000098   Code   RO         5339    i.rt_mbx_send       RTX_CM4.lib(rt_mailbox.o)
    0x080087d0   0x000000b4   Code   RO         5340    i.rt_mbx_wait       RTX_CM4.lib(rt_mailbox.o)
    0x08008884   0x00000044   Code   RO         4433    i.rt_ms2tick        RTX_CM4.lib(rt_cmsis.o)
    0x080088c8   0x00000010   Code   RO         5092    i.rt_mut_init       RTX_CM4.lib(rt_mutex.o)
    0x080088d8   0x000000d8   Code   RO         5093    i.rt_mut_release    RTX_CM4.lib(rt_mutex.o)
    0x080089b0   0x00000068   Code   RO         5094    i.rt_mut_wait       RTX_CM4.lib(rt_mutex.o)
    0x08008a18   0x0000007c   Code   RO         5130    i.rt_pop_req        RTX_CM4.lib(rt_system.o)
    0x08008a94   0x00000020   Code   RO         5131    i.rt_psh_req        RTX_CM4.lib(rt_system.o)
    0x08008ab4   0x0000005c   Code   RO         5261    i.rt_psq_enq        RTX_CM4.lib(rt_list.o)
    0x08008b10   0x00000048   Code   RO         5262    i.rt_put_dly        RTX_CM4.lib(rt_list.o)
    0x08008b58   0x00000036   Code   RO         5263    i.rt_put_prio       RTX_CM4.lib(rt_list.o)
    0x08008b8e   0x00000002   PAD
    0x08008b90   0x00000014   Code   RO         5264    i.rt_put_rdy_first  RTX_CM4.lib(rt_list.o)
    0x08008ba4   0x00000034   Code   RO         5265    i.rt_resort_prio    RTX_CM4.lib(rt_list.o)
    0x08008bd8   0x00000010   Code   RO         5536    i.rt_ret_regs       RTX_CM4.lib(hal_cm.o)
    0x08008be8   0x0000000c   Code   RO         5537    i.rt_ret_val        RTX_CM4.lib(hal_cm.o)
    0x08008bf4   0x00000010   Code   RO         5538    i.rt_ret_val2       RTX_CM4.lib(hal_cm.o)
    0x08008c04   0x00000028   Code   RO         5266    i.rt_rmv_dly        RTX_CM4.lib(rt_list.o)
    0x08008c2c   0x00000030   Code   RO         5267    i.rt_rmv_list       RTX_CM4.lib(rt_list.o)
    0x08008c5c   0x00000034   Code   RO         5385    i.rt_sem_psh        RTX_CM4.lib(rt_semaphore.o)
    0x08008c90   0x00000024   Code   RO         5133    i.rt_stk_check      RTX_CM4.lib(rt_system.o)
    0x08008cb4   0x00000028   Code   RO         5010    i.rt_switch_req     RTX_CM4.lib(rt_task.o)
    0x08008cdc   0x000000cc   Code   RO         5011    i.rt_sys_init       RTX_CM4.lib(rt_task.o)
    0x08008da8   0x00000078   Code   RO         5012    i.rt_sys_start      RTX_CM4.lib(rt_task.o)
    0x08008e20   0x00000040   Code   RO         5135    i.rt_systick        RTX_CM4.lib(rt_system.o)
    0x08008e60   0x00000012   Code   RO         4434    i.rt_tid2ptcb       RTX_CM4.lib(rt_cmsis.o)
    0x08008e72   0x00000002   PAD
    0x08008e74   0x00000034   Code   RO         4435    i.rt_timer_insert   RTX_CM4.lib(rt_cmsis.o)
    0x08008ea8   0x0000003c   Code   RO         4436    i.rt_timer_remove   RTX_CM4.lib(rt_cmsis.o)
    0x08008ee4   0x00000088   Code   RO         5013    i.rt_tsk_create     RTX_CM4.lib(rt_task.o)
    0x08008f6c   0x0000017c   Code   RO         5014    i.rt_tsk_delete     RTX_CM4.lib(rt_task.o)
    0x080090e8   0x0000007c   Code   RO         5016    i.rt_tsk_prio       RTX_CM4.lib(rt_task.o)
    0x08009164   0x00000010   Code   RO         5017    i.rt_tsk_self       RTX_CM4.lib(rt_task.o)
    0x08009174   0x00000040   Code   RO          383    i.str2Mac5          usrappmethod.o
    0x080091b4   0x00000052   Code   RO          384    i.str2devType       usrappmethod.o
    0x08009206   0x00000012   Code   RO         4437    i.svcDelay          RTX_CM4.lib(rt_cmsis.o)
    0x08009218   0x00000070   Code   RO         4438    i.svcKernelInitialize  RTX_CM4.lib(rt_cmsis.o)
    0x08009288   0x00000048   Code   RO         4440    i.svcKernelStart    RTX_CM4.lib(rt_cmsis.o)
    0x080092d0   0x00000024   Code   RO         4443    i.svcMessageCreate  RTX_CM4.lib(rt_cmsis.o)
    0x080092f4   0x0000003a   Code   RO         4444    i.svcMessageGet     RTX_CM4.lib(rt_cmsis.o)
    0x0800932e   0x00000036   Code   RO         4445    i.svcMessagePut     RTX_CM4.lib(rt_cmsis.o)
    0x08009364   0x0000001c   Code   RO         4446    i.svcMutexCreate    RTX_CM4.lib(rt_cmsis.o)
    0x08009380   0x00000022   Code   RO         4448    i.svcMutexRelease   RTX_CM4.lib(rt_cmsis.o)
    0x080093a2   0x00000028   Code   RO         4450    i.svcPoolCreate     RTX_CM4.lib(rt_cmsis.o)
    0x080093ca   0x00000024   Code   RO         4456    i.svcSignalSet      RTX_CM4.lib(rt_cmsis.o)
    0x080093ee   0x00000002   PAD
    0x080093f0   0x00000054   Code   RO         4457    i.svcSignalWait     RTX_CM4.lib(rt_cmsis.o)
    0x08009444   0x00000070   Code   RO         4458    i.svcThreadCreate   RTX_CM4.lib(rt_cmsis.o)
    0x080094b4   0x0000001c   Code   RO         4459    i.svcThreadGetId    RTX_CM4.lib(rt_cmsis.o)
    0x080094d0   0x00000038   Code   RO         4462    i.svcThreadTerminate  RTX_CM4.lib(rt_cmsis.o)
    0x08009508   0x00000018   Code   RO         4464    i.svcTimerCall      RTX_CM4.lib(rt_cmsis.o)
    0x08009520   0x00000038   Code   RO         4465    i.svcTimerCreate    RTX_CM4.lib(rt_cmsis.o)
    0x08009558   0x00000064   Code   RO         4467    i.svcTimerStart     RTX_CM4.lib(rt_cmsis.o)
    0x080095bc   0x00000020   Code   RO          195    i.switchTypeReserve_GET  datamanage.o
    0x080095dc   0x0000000a   Code   RO         4471    i.sysPoolAlloc      RTX_CM4.lib(rt_cmsis.o)
    0x080095e6   0x00000014   Code   RO         4472    i.sysPoolFree       RTX_CM4.lib(rt_cmsis.o)
    0x080095fa   0x00000002   PAD
    0x080095fc   0x0000005c   Code   RO         4473    i.sysTimerTick      RTX_CM4.lib(rt_cmsis.o)
    0x08009658   0x00000008   Code   RO          196    i.systemGroupParamGet  datamanage.o
    0x08009660   0x000000c0   Code   RO          492    i.threadProcessWifi_initialization  datsprocess_uartwifi.o
    0x08009720   0x000000f0   Code   RO          652    i.threadProcessZigb_initialization  datsprocess_uartzigbee.o
    0x08009810   0x0000002c   Code   RO         1214    i.thread_tipsGetDark  bspdrv_optdevtips.o
    0x0800983c   0x00000104   Code   RO         1063    i.timActivingProcess_Thread  timer_activing.o
    0x08009940   0x00000044   Code   RO         1215    i.tipsLED_colorSet  bspdrv_optdevtips.o
    0x08009984   0x0000016c   Code   RO         1216    i.tips_specified    bspdrv_optdevtips.o
    0x08009af0   0x00000014   Code   RO         1217    i.tips_statusChangeToAPFind  bspdrv_optdevtips.o
    0x08009b04   0x00000010   Code   RO         1218    i.tips_statusChangeToFactoryRecover  bspdrv_optdevtips.o
    0x08009b14   0x00000010   Code   RO         1219    i.tips_statusChangeToNormal  bspdrv_optdevtips.o
    0x08009b24   0x00000010   Code   RO         1220    i.tips_statusChangeToTouchReset  bspdrv_optdevtips.o
    0x08009b34   0x00000018   Code   RO         1221    i.tips_statusChangeToZigbNwkOpen  bspdrv_optdevtips.o
    0x08009b4c   0x000001cc   Code   RO         1222    i.tips_sysButtonReales  bspdrv_optdevtips.o
    0x08009d18   0x0000003c   Code   RO         1223    i.tips_sysTouchReset  bspdrv_optdevtips.o
    0x08009d54   0x0000003c   Code   RO         1105    i.touchPadScan_oneShoot  bspdrv_iptdevice.o
    0x08009d90   0x000000e0   Code   RO         1106    i.touchPad_Scan     bspdrv_iptdevice.o
    0x08009e70   0x00000148   Code   RO         1107    i.touchPad_functionTrigContinue  bspdrv_iptdevice.o
    0x08009fb8   0x00000124   Code   RO         1108    i.touchPad_functionTrigNormal  bspdrv_iptdevice.o
    0x0800a0dc   0x00000024   Code   RO          493    i.tuyaApp_datapointFormatLoad  datsprocess_uartwifi.o
    0x0800a100   0x00000104   Code   RO          494    i.tuyaApp_devMulitAddStrCid_get  datsprocess_uartwifi.o
    0x0800a204   0x00000058   Code   RO          495    i.tuyaApp_devTypeDefPid_strGet  datsprocess_uartwifi.o
    0x0800a25c   0x00000046   Code   RO          496    i.tuyaApp_frameWifiLoad  datsprocess_uartwifi.o
    0x0800a2a2   0x00000002   PAD
    0x0800a2a4   0x00000058   Code   RO          199    i.typeStrgetByNum   datamanage.o
    0x0800a2fc   0x00000014   Code   RO          852    i.uartConDblog_eventFunCb  uart_datatransfer.o
    0x0800a310   0x00000024   Code   RO          498    i.uartConWifi_eventFunCb  datsprocess_uartwifi.o
    0x0800a334   0x00000034   Code   RO          653    i.uartConZigb_eventFunCb  datsprocess_uartzigbee.o
    0x0800a368   0x00000028   Code   RO          853    i.uartDrvObjGet     uart_datatransfer.o
    0x0800a390   0x0000001c   Code   RO          854    i.uartRxTimeout_signalDefGet  uart_datatransfer.o
    0x0800a3ac   0x00000014   Code   RO          499    i.uartWifiDataRcvHandle_Thread  datsprocess_uartwifi.o
    0x0800a3c0   0x00000014   Code   RO          654    i.uartZigbDataRcvHandle_Thread  datsprocess_uartzigbee.o
    0x0800a3d4   0x0000001c   Code   RO         1015    i.usrAppNormalBussiness_softTimerInit  bussiness_timersoft.o
    0x0800a3f0   0x00000138   Code   RO         1016    i.usrAppNormalbussiness_timerCb  bussiness_timersoft.o
    0x0800a528   0x00000018   Code   RO         1064    i.usrAppTimActiving_processInit  timer_activing.o
    0x0800a540   0x0000001a   Code   RO          500    i.usrApp_checkNumCal_add8  datsprocess_uartwifi.o
    0x0800a55a   0x00000002   PAD
    0x0800a55c   0x00000010   Code   RO          503    i.usrApp_gateWayfuncNwkopen_opreat  datsprocess_uartwifi.o
    0x0800a56c   0x00000014   Code   RO          504    i.usrApp_gateWayfuncNwkopen_terminate  datsprocess_uartwifi.o
    0x0800a580   0x00000024   Code   RO         1109    i.usrApp_iptFunctionReales_period1ms  bspdrv_iptdevice.o
    0x0800a5a4   0x00000014   Code   RO          203    i.usrApp_nvsOpreation_dataBurnning  datamanage.o
    0x0800a5b8   0x00000014   Code   RO          205    i.usrApp_nvsOpreation_dataRecovery  datamanage.o
    0x0800a5cc   0x00000018   Code   RO          206    i.usrApp_nvsOpreation_dataReset  datamanage.o
    0x0800a5e4   0x00000020   Code   RO         1224    i.usrApp_tipsActionFunctionReales_period1ms  bspdrv_optdevtips.o
    0x0800a604   0x000000ac   Code   RO         1225    i.usrApp_tipsBeepFunctionReales_period100us  bspdrv_optdevtips.o
    0x0800a6b0   0x00000284   Code   RO         1226    i.usrApp_tipsLightFunctionReales_period100us  bspdrv_optdevtips.o
    0x0800a934   0x0000007c   Code   RO          855    i.usrApp_usartEventCb_register  uart_datatransfer.o
    0x0800a9b0   0x0000006c   Code   RO         1110    i.usrApp_wifiNwkCfg_start  bspdrv_iptdevice.o
    0x0800aa1c   0x00000078   Code   RO         1111    i.usrApp_wifiNwkCfg_stop  bspdrv_iptdevice.o
    0x0800aa94   0x00000004   Code   RO         1112    i.usrFunCB_pressLongA  bspdrv_iptdevice.o
    0x0800aa98   0x00000028   Code   RO         1113    i.usrFunCB_pressLongB  bspdrv_iptdevice.o
    0x0800aac0   0x00000020   Code   RO         1114    i.usrFunCB_pressShort  bspdrv_iptdevice.o
    0x0800aae0   0x00000028   Code   RO          505    i.wifiFunction_callFromThread  datsprocess_uartwifi.o
    0x0800ab08   0x00000014   Code   RO          506    i.wifiFunction_nwkCfgStart  datsprocess_uartwifi.o
    0x0800ab1c   0x0000014c   Code   RO          507    i.wifiThreadPrt_uartDataRcv_process  datsprocess_uartwifi.o
    0x0800ac68   0x00000104   Code   RO          655    i.zigB_sysTimeGetRealesWithLocal  datsprocess_uartzigbee.o
    0x0800ad6c   0x0000006c   Code   RO          656    i.zigB_sysTimeSet_detailedFormatTuya  datsprocess_uartzigbee.o
    0x0800add8   0x00000012   Code   RO          657    i.zigbDev_chatLenDectect  datsprocess_uartzigbee.o
    0x0800adea   0x00000002   PAD
    0x0800adec   0x0000006c   Code   RO          658    i.zigbDev_delSame   datsprocess_uartzigbee.o
    0x0800ae58   0x0000006c   Code   RO          659    i.zigbDev_eptPutout_BYnwk  datsprocess_uartzigbee.o
    0x0800aec4   0x00000090   Code   RO          660    i.zigbDev_eptPutout_BYpsy  datsprocess_uartzigbee.o
    0x0800af54   0x0000003c   Code   RO          661    i.zigbDev_eptRemove_BYnwk  datsprocess_uartzigbee.o
    0x0800af90   0x00000028   Code   RO          662    i.zigbFunction_callFromThread  datsprocess_uartzigbee.o
    0x0800afb8   0x00000060   Code   RO          663    i.zigbNetwork_OpenIF  datsprocess_uartzigbee.o
    0x0800b018   0x000003f4   Code   RO          664    i.zigbThreadPrt_uartDataRcv_process  datsprocess_uartzigbee.o
    0x0800b40c   0x000000c8   Code   RO          665    i.zigb_VALIDA_INPUT  datsprocess_uartzigbee.o
    0x0800b4d4   0x00000090   Code   RO          666    i.zigb_clusterSet   datsprocess_uartzigbee.o
    0x0800b564   0x000000c4   Code   RO          667    i.zigb_datsRequest  datsprocess_uartzigbee.o
    0x0800b628   0x0000002c   Code   RO         5777    locale$$code        c_w.l(lc_ctype_c.o)
    0x0800b654   0x0000000a   Code   RO         5852    x$fpl$fpinit        fz_wm.l(fpinit.o)
    0x0800b65e   0x00000002   PAD
    0x0800b660   0x0000006c   Data   RO          212    .constdata          datamanage.o
    0x0800b6cc   0x00000005   Data   RO          213    .constdata          datamanage.o
    0x0800b6d1   0x00000005   Data   RO          214    .constdata          datamanage.o
    0x0800b6d6   0x00000002   PAD
    0x0800b6d8   0x000000f6   Data   RO          514    .constdata          datsprocess_uartwifi.o
    0x0800b7ce   0x00000001   Data   RO          515    .constdata          datsprocess_uartwifi.o
    0x0800b7cf   0x00000001   PAD
    0x0800b7d0   0x000013e0   Data   RO          680    .constdata          datsprocess_uartzigbee.o
    0x0800cbb0   0x0000004c   Data   RO          860    .constdata          uart_datatransfer.o
    0x0800cbfc   0x00000008   Data   RO         1018    .constdata          bussiness_timersoft.o
    0x0800cc04   0x00000010   Data   RO         1065    .constdata          timer_activing.o
    0x0800cc14   0x00000010   Data   RO         1116    .constdata          bspdrv_iptdevice.o
    0x0800cc24   0x0000001e   Data   RO         1230    .constdata          bspdrv_optdevtips.o
    0x0800cc42   0x00000002   Data   RO         1437    .constdata          rtx_conf_cm.o
    0x0800cc44   0x00000004   Data   RO         1438    .constdata          rtx_conf_cm.o
    0x0800cc48   0x00000004   Data   RO         1439    .constdata          rtx_conf_cm.o
    0x0800cc4c   0x00000004   Data   RO         1443    .constdata          rtx_conf_cm.o
    0x0800cc50   0x00000001   Data   RO         1444    .constdata          rtx_conf_cm.o
    0x0800cc51   0x00000003   PAD
    0x0800cc54   0x00000010   Data   RO         1445    .constdata          rtx_conf_cm.o
    0x0800cc64   0x00000002   Data   RO         1446    .constdata          rtx_conf_cm.o
    0x0800cc66   0x00000002   PAD
    0x0800cc68   0x00000004   Data   RO         1447    .constdata          rtx_conf_cm.o
    0x0800cc6c   0x00000004   Data   RO         1448    .constdata          rtx_conf_cm.o
    0x0800cc70   0x00000001   Data   RO         1449    .constdata          rtx_conf_cm.o
    0x0800cc71   0x00000003   PAD
    0x0800cc74   0x00000010   Data   RO         1450    .constdata          rtx_conf_cm.o
    0x0800cc84   0x00000008   Data   RO         1451    .constdata          rtx_conf_cm.o
    0x0800cc8c   0x00000002   Data   RO         1452    .constdata          rtx_conf_cm.o
    0x0800cc8e   0x00000002   PAD
    0x0800cc90   0x000000a0   Data   RO         1591    .constdata          usart_stm32f4xx.o
    0x0800cd30   0x00000008   Data   RO         1592    .constdata          usart_stm32f4xx.o
    0x0800cd38   0x00000008   Data   RO         1593    .constdata          usart_stm32f4xx.o
    0x0800cd40   0x00000018   Data   RO         1594    .constdata          usart_stm32f4xx.o
    0x0800cd58   0x00000018   Data   RO         1595    .constdata          usart_stm32f4xx.o
    0x0800cd70   0x00000008   Data   RO         1596    .constdata          usart_stm32f4xx.o
    0x0800cd78   0x00000008   Data   RO         1597    .constdata          usart_stm32f4xx.o
    0x0800cd80   0x00000018   Data   RO         1598    .constdata          usart_stm32f4xx.o
    0x0800cd98   0x00000018   Data   RO         1599    .constdata          usart_stm32f4xx.o
    0x0800cdb0   0x00000008   Data   RO         1600    .constdata          usart_stm32f4xx.o
    0x0800cdb8   0x00000008   Data   RO         1601    .constdata          usart_stm32f4xx.o
    0x0800cdc0   0x00000018   Data   RO         1602    .constdata          usart_stm32f4xx.o
    0x0800cdd8   0x00000018   Data   RO         1603    .constdata          usart_stm32f4xx.o
    0x0800cdf0   0x00000038   Data   RO         1604    .constdata          usart_stm32f4xx.o
    0x0800ce28   0x00000038   Data   RO         1605    .constdata          usart_stm32f4xx.o
    0x0800ce60   0x00000038   Data   RO         1606    .constdata          usart_stm32f4xx.o
    0x0800ce98   0x00000008   Data   RO         2245    .constdata          stm32f4xx_hal_dma.o
    0x0800cea0   0x00000010   Data   RO         2886    .constdata          stm32f4xx_hal_rcc.o
    0x0800ceb0   0x00000028   Data   RO         5625    .constdata          c_w.l(_printf_hex_int.o)
    0x0800ced8   0x00000011   Data   RO         5655    .constdata          c_w.l(__printf_flags_wp.o)
    0x0800cee9   0x00000003   PAD
    0x0800ceec   0x00000064   Data   RO          516    .conststring        datsprocess_uartwifi.o
    0x0800cf50   0x00000020   Data   RO         5886    Region$$Table       anon$$obj.o
    0x0800cf70   0x00000110   Data   RO         5776    locale$$data        c_w.l(lc_ctype_c.o)


    Execution Region RW_IRAM1 (Base: 0x20000000, Size: 0x000131c0, Max: 0x00018000, ABSOLUTE, COMPRESSED[0x0000005c])

    Base Addr    Size         Type   Attr      Idx    E Section Name        Object

    0x20000000   0x00000001   Data   RW          215    .data               datamanage.o
    0x20000001   0x00000001   Data   RW          216    .data               datamanage.o
    0x20000002   0x00000002   PAD
    0x20000004   0x00000004   Data   RW          217    .data               datamanage.o
    0x20000008   0x00000002   Data   RW          218    .data               datamanage.o
    0x2000000a   0x00000007   Data   RW          219    .data               datamanage.o
    0x20000011   0x00000001   Data   RW          220    .data               datamanage.o
    0x20000012   0x00000001   Data   RW          221    .data               datamanage.o
    0x20000013   0x00000001   PAD
    0x20000014   0x000002a4   Data   RW          222    .data               datamanage.o
    0x200002b8   0x00000001   Data   RW          223    .data               datamanage.o
    0x200002b9   0x00000006   Data   RW          224    .data               datamanage.o
    0x200002bf   0x00000001   PAD
    0x200002c0   0x0000003c   Data   RW          517    .data               datsprocess_uartwifi.o
    0x200002fc   0x00000054   Data   RW          682    .data               datsprocess_uartzigbee.o
    0x20000350   0x00000018   Data   RW          861    .data               uart_datatransfer.o
    0x20000368   0x00000006   Data   RW          960    .data               bussiness_timerhard.o
    0x2000036e   0x00000006   Data   RW         1019    .data               bussiness_timersoft.o
    0x20000374   0x00000001   Data   RW         1066    .data               timer_activing.o
    0x20000375   0x00000003   PAD
    0x20000378   0x00000008   Data   RW         1067    .data               timer_activing.o
    0x20000380   0x00000020   Data   RW         1117    .data               bspdrv_iptdevice.o
    0x200003a0   0x00000035   Data   RW         1232    .data               bspdrv_optdevtips.o
    0x200003d5   0x00000001   Data   RW         1233    .data               bspdrv_optdevtips.o
    0x200003d6   0x00000008   Data   RW         1377    .data               bspdrv_optdevrelay.o
    0x200003de   0x00000002   PAD
    0x200003e0   0x00000004   Data   RW         1454    .data               rtx_conf_cm.o
    0x200003e4   0x00000010   Data   RW         1455    .data               rtx_conf_cm.o
    0x200003f4   0x00000004   Data   RW         1456    .data               rtx_conf_cm.o
    0x200003f8   0x00000004   Data   RW         1457    .data               rtx_conf_cm.o
    0x200003fc   0x00000004   Data   RW         1982    .data               stm32f4xx_hal.o
    0x20000400   0x00000004   Data   RW         4348    .data               system_stm32f4xx.o
    0x20000404   0x00000008   Data   RW         4476    .data               RTX_CM4.lib(rt_cmsis.o)
    0x2000040c   0x00000008   Data   RW         5019    .data               RTX_CM4.lib(rt_task.o)
    0x20000414   0x00000008   Data   RW         5138    .data               RTX_CM4.lib(rt_system.o)
    0x2000041c   0x00000004   Data   RW         5428    .data               RTX_CM4.lib(rt_time.o)
    0x20000420   0x00000008   Data   RW         5459    .data               RTX_CM4.lib(rt_robin.o)
    0x20000428   0x00000001   Data   RW         5539    .data               RTX_CM4.lib(hal_cm.o)
    0x20000429   0x00000003   PAD
    0x2000042c   0x00000080   Zero   RW          210    .bss                datamanage.o
    0x200004ac   0x0000100c   Zero   RW          211    .bss                datamanage.o
    0x200014b8   0x00000060   Zero   RW          508    .bss                datsprocess_uartwifi.o
    0x20001518   0x0000001c   Zero   RW          509    .bss                datsprocess_uartwifi.o
    0x20001534   0x00000030   Zero   RW          510    .bss                datsprocess_uartwifi.o
    0x20001564   0x000006e0   Zero   RW          511    .bss                datsprocess_uartwifi.o
    0x20001c44   0x00000ef8   Zero   RW          512    .bss                datsprocess_uartwifi.o
    0x20002b3c   0x00000034   Zero   RW          513    .bss                datsprocess_uartwifi.o
    0x20002b70   0x00000060   Zero   RW          668    .bss                datsprocess_uartzigbee.o
    0x20002bd0   0x00000088   Zero   RW          669    .bss                datsprocess_uartzigbee.o
    0x20002c58   0x000000b0   Zero   RW          670    .bss                datsprocess_uartzigbee.o
    0x20002d08   0x00000088   Zero   RW          671    .bss                datsprocess_uartzigbee.o
    0x20002d90   0x00000028   Zero   RW          672    .bss                datsprocess_uartzigbee.o
    0x20002db8   0x000052e0   Zero   RW          673    .bss                datsprocess_uartzigbee.o
    0x20008098   0x000005ac   Zero   RW          675    .bss                datsprocess_uartzigbee.o
    0x20008644   0x00000444   Zero   RW          676    .bss                datsprocess_uartzigbee.o
    0x20008a88   0x0000186c   Zero   RW          677    .bss                datsprocess_uartzigbee.o
    0x2000a2f4   0x000002dc   Zero   RW          678    .bss                datsprocess_uartzigbee.o
    0x2000a5d0   0x00000020   Zero   RW          679    .bss                datsprocess_uartzigbee.o
    0x2000a5f0   0x00000010   Zero   RW          856    .bss                uart_datatransfer.o
    0x2000a600   0x00000020   Zero   RW          857    .bss                uart_datatransfer.o
    0x2000a620   0x00001074   Zero   RW          858    .bss                uart_datatransfer.o
    0x2000b694   0x00000014   Zero   RW          859    .bss                uart_datatransfer.o
    0x2000b6a8   0x0000004c   Zero   RW          959    .bss                bussiness_timerhard.o
    0x2000b6f4   0x00000018   Zero   RW         1017    .bss                bussiness_timersoft.o
    0x2000b70c   0x0000000c   Zero   RW         1228    .bss                bspdrv_optdevtips.o
    0x2000b718   0x00000030   Zero   RW         1430    .bss                rtx_conf_cm.o
    0x2000b748   0x00000380   Zero   RW         1431    .bss                rtx_conf_cm.o
    0x2000bac8   0x00000410   Zero   RW         1432    .bss                rtx_conf_cm.o
    0x2000bed8   0x00006880   Zero   RW         1433    .bss                rtx_conf_cm.o
    0x20012758   0x00000084   Zero   RW         1434    .bss                rtx_conf_cm.o
    0x200127dc   0x00000044   Zero   RW         1435    .bss                rtx_conf_cm.o
    0x20012820   0x00000014   Zero   RW         1584    .bss                usart_stm32f4xx.o
    0x20012834   0x00000024   Zero   RW         1585    .bss                usart_stm32f4xx.o
    0x20012858   0x00000210   Zero   RW         1586    .bss                usart_stm32f4xx.o
    0x20012a68   0x00000014   Zero   RW         1587    .bss                usart_stm32f4xx.o
    0x20012a7c   0x00000024   Zero   RW         1588    .bss                usart_stm32f4xx.o
    0x20012aa0   0x00000014   Zero   RW         1589    .bss                usart_stm32f4xx.o
    0x20012ab4   0x00000024   Zero   RW         1590    .bss                usart_stm32f4xx.o
    0x20012ad8   0x00000020   Zero   RW         2375    .bss                stm32f4xx_hal_flash.o
    0x20012af8   0x00000034   Zero   RW         5018    .bss                RTX_CM4.lib(rt_task.o)
    0x20012b2c   0x00000030   Zero   RW         5268    .bss                RTX_CM4.lib(rt_list.o)
    0x20012b5c   0x00000060   Zero   RW         5601    .bss                c_w.l(libspace.o)
    0x20012bbc   0x00000004   PAD
    0x20012bc0   0x00000200   Zero   RW         4336    HEAP                startup_stm32f401xe.o
    0x20012dc0   0x00000400   Zero   RW         4335    STACK               startup_stm32f401xe.o


==============================================================================

Image component sizes


      Code (inc. data)   RO Data    RW Data    ZI Data      Debug   Object Name

      2244        460         16         32          0      14056   bspdrv_iptdevice.o
       568         34          0          8          0       5223   bspdrv_optdevrelay.o
      2916        204         30         54         12      20723   bspdrv_optdevtips.o
       388         92          0          6         76       4944   bussiness_timerhard.o
       340         42          8          6         24       6654   bussiness_timersoft.o
      2096        664        118        700       4236      20157   datamanage.o
      8424       1024        347         60       5816      36416   datsprocess_uartwifi.o
      7520        916       5088         84      31360      39175   datsprocess_uartzigbee.o
        92         26         68         28      28936       9495   rtx_conf_cm.o
        64         26        404          0       1536        904   startup_stm32f401xe.o
       106         10          0          4          0       3914   stm32f4xx_hal.o
       274         24          0          0          0      32959   stm32f4xx_hal_cortex.o
       866         16          8          0          0       6476   stm32f4xx_hal_dma.o
       552         66          0          0         32       7190   stm32f4xx_hal_flash.o
       360         20          0          0          0       4494   stm32f4xx_hal_flash_ex.o
       672         60          0          0          0       4517   stm32f4xx_hal_gpio.o
       202          0          0          0          0       3419   stm32f4xx_hal_iwdg.o
       252         38         16          0          0       3753   stm32f4xx_hal_rcc.o
       588         30          0          0          0       7119   stm32f4xx_hal_tim.o
         4          0          0          0          0       1858   stm32f4xx_hal_tim_ex.o
        84         18          0          4          0       1421   system_stm32f4xx.o
       284         98         16          9          0       2156   timer_activing.o
       844        226         76         24       4280      14535   uart_datatransfer.o
      5088        442        520          0        696      84148   usart_stm32f4xx.o
       546         14          0          0          0      14260   usrappmethod.o
        92          0          0          0          0     261064   usrmain.o
        64         10          0          0          0       1659   usrmanage_halhwcallbcak.o

    ----------------------------------------------------------------------
     35544       4560       6760       1028      77004     612689   Object Totals
         0          0         32          0          0          0   (incl. Generated)
        14          0         13          9          0          0   (incl. Padding)

    ----------------------------------------------------------------------

      Code (inc. data)   RO Data    RW Data    ZI Data      Debug   Library Member Name

       268         24          0          1          0       4452   hal_cm.o
       408         34          0          0          0        816   hal_cm4.o
      2122        248          0          8          0      51525   rt_cmsis.o
       272         18          0          0          0       2810   rt_event.o
       530         34          0          0         48       8597   rt_list.o
       702         14          0          0          0       5063   rt_mailbox.o
       140          0          0          0          0       2045   rt_membox.o
       128          0          0          0          0       2419   rt_memory.o
       336         12          0          0          0       2201   rt_mutex.o
        96         22          0          8          0       1230   rt_robin.o
        52          4          0          0          0        613   rt_semaphore.o
       298         52          0          8          0       6439   rt_system.o
      1216        174          0          8         52      10025   rt_task.o
         6          0          0          4          0        684   rt_time.o
         4          4          0          0          0        200   svc_table.o
        60          8          0          0          0         84   __0sscanf.o
        90          0          0          0          0          0   __dczerorl2.o
         8          0          0          0          0         68   __main.o
       312          4         17          0          0         92   __printf_flags_wp.o
        14          0          0          0          0         68   __printf_wp.o
         0          0          0          0          0          0   __rtentry.o
        20          0          0          0          0          0   __rtentry2.o
         6          0          0          0          0          0   __rtentry4.o
        52          8          0          0          0          0   __scatter.o
        28          0          0          0          0          0   __scatter_zi.o
        28          0          0          0          0         68   _chval.o
        44          0          0          0          0        108   _printf_char.o
        48          6          0          0          0         96   _printf_char_common.o
         6          0          0          0          0          0   _printf_d.o
       120         16          0          0          0         92   _printf_dec.o
        88          4         40          0          0         88   _printf_hex_int.o
       178          0          0          0          0         88   _printf_intcommon.o
        78          0          0          0          0        108   _printf_pad.o
         0          0          0          0          0          0   _printf_percent.o
         4          0          0          0          0          0   _printf_percent_end.o
         6          0          0          0          0          0   _printf_s.o
        82          0          0          0          0         80   _printf_str.o
         6          0          0          0          0          0   _printf_x.o
       884          6          0          0          0        100   _scanf.o
       332          0          0          0          0         96   _scanf_int.o
       224          0          0          0          0         96   _scanf_str.o
        64          0          0          0          0         84   _sgetc.o
        16          0          0          0          0         68   _snputc.o
        10          0          0          0          0         68   _sputc.o
        18          0          0          0          0         80   exit.o
         6          0          0          0          0        152   heapauxi.o
         0          0          0          0          0          0   indicate_semi.o
        18          0          0          0          0         76   isspace.o
        44         10        272          0          0         76   lc_ctype_c.o
         2          0          0          0          0          0   libinit.o
        24          0          0          0          0          0   libinit2.o
         2          0          0          0          0          0   libshutdown.o
         2          0          0          0          0          0   libshutdown2.o
         8          4          0          0         96         68   libspace.o
       238          0          0          0          0        100   lludivv7m.o
        88          0          0          0          0         76   memcmp.o
        52          4          0          0          0         84   noretval__2snprintf.o
        40          6          0          0          0         84   noretval__2sprintf.o
        16          4          0          0          0         76   rt_ctype_table.o
        10          0          0          0          0         76   rt_locale_twolibspace.o
        68          0          0          0          0         68   rt_memclr.o
        78          0          0          0          0         80   rt_memclr_w.o
       138          0          0          0          0         68   rt_memcpy_v6.o
       100          0          0          0          0         80   rt_memcpy_w.o
         2          0          0          0          0          0   rtexit.o
        10          0          0          0          0          0   rtexit2.o
        44          8          0          0          0         84   scanf_char.o
        24          0          0          0          0         68   strcat.o
       128          0          0          0          0         68   strcmpv7m.o
        62          0          0          0          0         76   strlen.o
        12          4          0          0          0         68   sys_exit.o
        74          0          0          0          0         80   sys_stackheap_outer.o
         2          0          0          0          0         68   use_no_semi.o
        10          0          0          0          0        116   fpinit.o

    ----------------------------------------------------------------------
     10740        732        332         40        200     102543   Library Totals
        34          0          3          3          4          0   (incl. Padding)

    ----------------------------------------------------------------------

      Code (inc. data)   RO Data    RW Data    ZI Data      Debug   Library Name

      6578        640          0         37        100      99119   RTX_CM4.lib
      4118         92        329          0         96       3308   c_w.l
        10          0          0          0          0        116   fz_wm.l

    ----------------------------------------------------------------------
     10740        732        332         40        200     102543   Library Totals

    ----------------------------------------------------------------------

==============================================================================


      Code (inc. data)   RO Data    RW Data    ZI Data      Debug   

     46284       5292       7092       1068      77204     676560   Grand Totals
     46284       5292       7092         92      77204     676560   ELF Image Totals (compressed)
     46284       5292       7092         92          0          0   ROM Totals

==============================================================================

    Total RO  Size (Code + RO Data)                53376 (  52.13kB)
    Total RW  Size (RW Data + ZI Data)             78272 (  76.44kB)
    Total ROM Size (Code + RO Data + RW Data)      53468 (  52.21kB)

==============================================================================

