Component: ARM Compiler 5.06 update 1 (build 61) Tool: armlink [4d35a8]

==============================================================================

Section Cross References

    usrmain.o(i.main) refers to rt_cmsis.o(i.osKernelInitialize) for osKernelInitialize
    usrmain.o(i.main) refers to delay.o(i.bsp_delayinit) for bsp_delayinit
    usrmain.o(i.main) refers to datamanage.o(i.bsp_dataManageInit) for bsp_dataManageInit
    usrmain.o(i.main) refers to uart_datatransfer.o(i.osMemoryInit) for osMemoryInit
    usrmain.o(i.main) refers to uart_datatransfer.o(i.msgQueueInit) for msgQueueInit
    usrmain.o(i.main) refers to uart_datatransfer.o(i.communicationActive) for communicationActive
    usrmain.o(i.main) refers to bussiness_timerhard.o(i.bsp_hwTimerInit) for bsp_hwTimerInit
    usrmain.o(i.main) refers to bussiness_timersoft.o(i.usrAppNormalBussiness_softTimerInit) for usrAppNormalBussiness_softTimerInit
    usrmain.o(i.main) refers to timer_activing.o(i.usrAppTimActiving_processInit) for usrAppTimActiving_processInit
    usrmain.o(i.main) refers to bspdrv_iptdevice.o(i.devDrvIpt_threadProcessActive) for devDrvIpt_threadProcessActive
    usrmain.o(i.main) refers to rt_cmsis.o(i.osKernelStart) for osKernelStart
    datamanage.o(i.bsp_dataManageInit) refers to rt_cmsis.o(i.osPoolCreate) for osPoolCreate
    datamanage.o(i.bsp_dataManageInit) refers to datamanage.o(.constdata) for os_pool_def_normalMemUint8_t_pool
    datamanage.o(i.bsp_dataManageInit) refers to datamanage.o(.data) for normalMemUint8_t_poolAttr_id
    datamanage.o(i.switchTypeReserve_GET) refers to datamanage.o(.data) for SWITCH_TYPE
    datamanage.o(.constdata) refers to datamanage.o(.bss) for os_pool_m_normalMemUint8_t_pool
    usrappmethod.o(i.strloc) refers to strlen.o(.text) for strlen
    delay.o(i.delay_us) refers to system_stm32f10x.o(.data) for SystemCoreClock
    uart_datatransfer.o(i.USART1_DbugP1_Init) refers to usart_stm32f10x.o(.constdata) for Driver_USART1
    uart_datatransfer.o(i.USART1_DbugP1_Init) refers to uart_datatransfer.o(.bss) for usartEventCb
    uart_datatransfer.o(i.USART2_DataTransP1_Init) refers to stm32f10x_rcc.o(i.RCC_APB2PeriphClockCmd) for RCC_APB2PeriphClockCmd
    uart_datatransfer.o(i.USART2_DataTransP1_Init) refers to stm32f10x_gpio.o(i.GPIO_Init) for GPIO_Init
    uart_datatransfer.o(i.USART2_DataTransP1_Init) refers to usart_stm32f10x.o(.constdata) for Driver_USART2
    uart_datatransfer.o(i.USART2_DataTransP1_Init) refers to uart_datatransfer.o(.bss) for usartEventCb
    uart_datatransfer.o(i.USART5_DataTransP2_Init) refers to stm32f10x_rcc.o(i.RCC_APB2PeriphClockCmd) for RCC_APB2PeriphClockCmd
    uart_datatransfer.o(i.USART5_DataTransP2_Init) refers to stm32f10x_gpio.o(i.GPIO_Init) for GPIO_Init
    uart_datatransfer.o(i.USART5_DataTransP2_Init) refers to usart_stm32f10x.o(.constdata) for Driver_USART5
    uart_datatransfer.o(i.USART5_DataTransP2_Init) refers to uart_datatransfer.o(.bss) for usartEventCb
    uart_datatransfer.o(i.com1DbugP1_Thread) refers to uart_datatransfer.o(i.dataTransThread_Active) for dataTransThread_Active
    uart_datatransfer.o(i.com1DbugP1_Thread) refers to rt_cmsis.o(i.osDelay) for osDelay
    uart_datatransfer.o(i.com2DataTransP1_Thread) refers to uart_datatransfer.o(i.dataTransThread_Active) for dataTransThread_Active
    uart_datatransfer.o(i.com5DataTransP2_Thread) refers to uart_datatransfer.o(i.dataTransThread_Active) for dataTransThread_Active
    uart_datatransfer.o(i.communicationActive) refers to rt_cmsis.o(i.osPoolAlloc) for osPoolAlloc
    uart_datatransfer.o(i.communicationActive) refers to rt_cmsis.o(i.osThreadCreate) for osThreadCreate
    uart_datatransfer.o(i.communicationActive) refers to uart_datatransfer.o(.data) for dttAct_poolAttr_id
    uart_datatransfer.o(i.communicationActive) refers to uart_datatransfer.o(.constdata) for os_thread_def_com1DbugP1_Thread
    uart_datatransfer.o(i.dataTransThread_Active) refers to datsprocess_uartzigbee.o(i.ZigB_mainThread) for ZigB_mainThread
    uart_datatransfer.o(i.dataTransThread_Active) refers to datsprocess_uartwifi.o(i.WIFI_mainThread) for WIFI_mainThread
    uart_datatransfer.o(i.dataTransThread_Active) refers to uart_datatransfer.o(i.usrApp_usartEventCb_register) for usrApp_usartEventCb_register
    uart_datatransfer.o(i.dataTransThread_Active) refers to rt_cmsis.o(i.osPoolFree) for osPoolFree
    uart_datatransfer.o(i.dataTransThread_Active) refers to uart_datatransfer.o(.data) for dttAct_poolAttr_id
    uart_datatransfer.o(i.msgQueueInit) refers to rt_cmsis.o(i.osPoolCreate) for osPoolCreate
    uart_datatransfer.o(i.msgQueueInit) refers to uart_datatransfer.o(.constdata) for os_pool_def_threadDatsPass_pool
    uart_datatransfer.o(i.msgQueueInit) refers to uart_datatransfer.o(.data) for threadDP_poolAttr_id
    uart_datatransfer.o(i.osMemoryInit) refers to rt_cmsis.o(i.osPoolCreate) for osPoolCreate
[...]
    USB_HP_CAN1_TX_IRQHandler                0x0800038b   Thumb Code     0  startup_stm32f10x_hd.o(.text)
    USB_LP_CAN1_RX0_IRQHandler               0x0800038b   Thumb Code     0  startup_stm32f10x_hd.o(.text)
    WWDG_IRQHandler                          0x0800038b   Thumb Code     0  startup_stm32f10x_hd.o(.text)
    __user_initial_stackheap                 0x0800038d   Thumb Code     0  startup_stm32f10x_hd.o(.text)
    __user_libspace                          0x080003b1   Thumb Code     8  libspace.o(.text)
    __user_perproc_libspace                  0x080003b1   Thumb Code     0  libspace.o(.text)
    __aeabi_uldivmod                         0x080003b9   Thumb Code     0  lludivv7m.o(.text)
    _ll_udiv                                 0x080003b9   Thumb Code   238  lludivv7m.o(.text)
    __2snprintf                              0x080004a9   Thumb Code    48  noretval__2snprintf.o(.text)
    _printf_pre_padding                      0x080004dd   Thumb Code    44  _printf_pad.o(.text)
    _printf_post_padding                     0x08000509   Thumb Code    34  _printf_pad.o(.text)
    _printf_int_dec                          0x0800052d   Thumb Code   104  _printf_dec.o(.text)
    _printf_int_hex                          0x080005a5   Thumb Code    84  _printf_hex_int.o(.text)
    _printf_longlong_hex                     0x080005a5   Thumb Code     0  _printf_hex_int.o(.text)
    __printf                                 0x080005fd   Thumb Code   308  __printf_flags_wp.o(.text)
    exit                                     0x08000735   Thumb Code    18  exit.o(.text)
    memcmp                                   0x08000747   Thumb Code    88  memcmp.o(.text)
    strlen                                   0x0800079f   Thumb Code    62  strlen.o(.text)
    __aeabi_memcpy                           0x080007dd   Thumb Code     0  rt_memcpy_v6.o(.text)
    __rt_memcpy                              0x080007dd   Thumb Code   138  rt_memcpy_v6.o(.text)
    _memcpy_lastbytes                        0x08000843   Thumb Code     0  rt_memcpy_v6.o(.text)
    __aeabi_memcpy4                          0x08000867   Thumb Code     0  rt_memcpy_w.o(.text)
    __aeabi_memcpy8                          0x08000867   Thumb Code     0  rt_memcpy_w.o(.text)
    __rt_memcpy_w                            0x08000867   Thumb Code   100  rt_memcpy_w.o(.text)
    _memcpy_lastbytes_aligned                0x080008af   Thumb Code     0  rt_memcpy_w.o(.text)
    __aeabi_memclr                           0x080008cb   Thumb Code     0  rt_memclr.o(.text)
    __rt_memclr                              0x080008cb   Thumb Code    68  rt_memclr.o(.text)
    _memset                                  0x080008cf   Thumb Code     0  rt_memclr.o(.text)
    __aeabi_memclr4                          0x0800090f   Thumb Code     0  rt_memclr_w.o(.text)
    __aeabi_memclr8                          0x0800090f   Thumb Code     0  rt_memclr_w.o(.text)
    __rt_memclr_w                            0x0800090f   Thumb Code    78  rt_memclr_w.o(.text)
    _memset_w                                0x08000913   Thumb Code     0  rt_memclr_w.o(.text)
    __use_two_region_memory                  0x0800095d   Thumb Code     2  heapauxi.o(.text)
    __rt_heap_escrow$2region                 0x0800095f   Thumb Code     2  heapauxi.o(.text)
    __rt_heap_expand$2region                 0x08000961   Thumb Code     2  heapauxi.o(.text)
    _printf_int_common                       0x08000963   Thumb Code   178  _printf_intcommon.o(.text)
    _printf_char_common                      0x08000a1f   Thumb Code    32  _printf_char_common.o(.text)
    _sputc                                   0x08000a45   Thumb Code    10  _sputc.o(.text)
    _snputc                                  0x08000a4f   Thumb Code    16  _snputc.o(.text)
    _sys_exit                                0x08000a61   Thumb Code     8  sys_exit.o(.text)
    __user_setup_stackheap                   0x08000a6d   Thumb Code    74  sys_stackheap_outer.o(.text)
    __I$use$semihosting                      0x08000ab7   Thumb Code     0  use_no_semi.o(.text)
    __use_no_semihosting_swi                 0x08000ab7   Thumb Code     2  use_no_semi.o(.text)
    SVC_Count                                0x08000ab8   Data           4  svc_table.o(SVC_TABLE)
    __semihosting_library_function           0x08000ab9   Thumb Code     0  indicate_semi.o(.text)
    DMA1_Channel1_Event                      0x08000abd   Thumb Code     2  dma_stm32f10x.o(i.DMA1_Channel1_Event)
    SVC_Table                                0x08000abc   Data           0  svc_table.o(SVC_TABLE)
    DMA1_Channel1_IRQHandler                 0x08000ac1   Thumb Code    22  dma_stm32f10x.o(i.DMA1_Channel1_IRQHandler)
    DMA1_Channel2_Event                      0x08000add   Thumb Code     2  dma_stm32f10x.o(i.DMA1_Channel2_Event)
    DMA1_Channel2_IRQHandler                 0x08000ae1   Thumb Code    24  dma_stm32f10x.o(i.DMA1_Channel2_IRQHandler)
    DMA1_Channel3_Event                      0x08000afd   Thumb Code     2  dma_stm32f10x.o(i.DMA1_Channel3_Event)
    DMA1_Channel3_IRQHandler                 0x08000b01   Thumb Code    24  dma_stm32f10x.o(i.DMA1_Channel3_IRQHandler)
    DMA1_Channel4_Event                      0x08000b1d   Thumb Code     2  dma_stm32f10x.o(i.DMA1_Channel4_Event)
    DMA1_Channel4_IRQHandler                 0x08000b21   Thumb Code    24  dma_stm32f10x.o(i.DMA1_Channel4_IRQHandler)
    DMA1_Channel5_Event                      0x08000b3d   Thumb Code     2  dma_stm32f10x.o(i.DMA1_Channel5_Event)
    DMA1_Channel5_IRQHandler                 0x08000b41   Thumb Code    24  dma_stm32f10x.o(i.DMA1_Channel5_IRQHandler)
    DMA1_Channel6_Event                      0x08000b5d   Thumb Code     2  dma_stm32f10x.o(i.DMA1_Channel6_Event)
    DMA1_Channel6_IRQHandler                 0x08000b61   Thumb Code    24  dma_stm32f10x.o(i.DMA1_Channel6_IRQHandler)
    DMA1_Channel7_Event                      0x08000b7d   Thumb Code     2  dma_stm32f10x.o(i.DMA1_Channel7_Event)
    DMA1_Channel7_IRQHandler                 0x08000b81   Thumb Code    24  dma_stm32f10x.o(i.DMA1_Channel7_IRQHandler)
    DMA2_Channel1_Event                      0x08000b9d   Thumb Code     2  dma_stm32f10x.o(i.DMA2_Channel1_Event)
    DMA2_Channel1_IRQHandler                 0x08000ba1   Thumb Code    24  dma_stm32f10x.o(i.DMA2_Channel1_IRQHandler)
    DMA2_Channel2_Event                      0x08000bbd   Thumb Code     2  dma_stm32f10x.o(i.DMA2_Channel2_Event)
    DMA2_Channel2_IRQHandler                 0x08000bc1   Thumb Code    26  dma_stm32f10x.o(i.DMA2_Channel2_IRQHandler)
    DMA2_Channel3_Event                      0x08000be1   Thumb Code     2  dma_stm32f10x.o(i.DMA2_Channel3_Event)
    DMA2_Channel3_IRQHandler                 0x08000be5   Thumb Code    26  dma_stm32f10x.o(i.DMA2_Channel3_IRQHandler)
    DMA2_Channel4_5_IRQHandler               0x08000c05   Thumb Code    52  dma_stm32f10x.o(i.DMA2_Channel4_5_IRQHandler)
    DMA2_Channel4_Event                      0x08000c3d   Thumb Code     2  dma_stm32f10x.o(i.DMA2_Channel4_Event)
    DMA2_Channel5_Event                      0x08000c3f   Thumb Code     2  dma_stm32f10x.o(i.DMA2_Channel5_Event)
    GPIO_AFConfigure                         0x08000d09   Thumb Code   146  gpio_stm32f10x.o(i.GPIO_AFConfigure)
    GPIO_GetPortClockState                   0x08000da5   Thumb Code   118  gpio_stm32f10x.o(i.GPIO_GetPortClockState)
    GPIO_Init                                0x08000e3d   Thumb Code   278  stm32f10x_gpio.o(i.GPIO_Init)
    GPIO_PinConfigure                        0x08000f53   Thumb Code   120  gpio_stm32f10x.o(i.GPIO_PinConfigure)
    GPIO_PortClock                           0x08000fcd   Thumb Code   284  gpio_stm32f10x.o(i.GPIO_PortClock)
    NVIC_Init                                0x08001109   Thumb Code   100  misc.o(i.NVIC_Init)
    Queue_Read_Byte                          0x08001179   Thumb Code    46  system.o(i.Queue_Read_Byte)
    RCC_APB1PeriphClockCmd                   0x080011b5   Thumb Code    26  stm32f10x_rcc.o(i.RCC_APB1PeriphClockCmd)
    RCC_APB2PeriphClockCmd                   0x080011d5   Thumb Code    26  stm32f10x_rcc.o(i.RCC_APB2PeriphClockCmd)
    SystemInit                               0x080012dd   Thumb Code    78  system_stm32f10x.o(i.SystemInit)
    TIM3_IRQHandler                          0x0800133d   Thumb Code   206  bussiness_timerhard.o(i.TIM3_IRQHandler)
    TIM_ClearITPendingBit                    0x0800143d   Thumb Code     6  stm32f10x_tim.o(i.TIM_ClearITPendingBit)
    TIM_Cmd                                  0x08001443   Thumb Code    24  stm32f10x_tim.o(i.TIM_Cmd)
    TIM_GetITStatus                          0x0800145b   Thumb Code    34  stm32f10x_tim.o(i.TIM_GetITStatus)
    TIM_ITConfig                             0x0800147d   Thumb Code    18  stm32f10x_tim.o(i.TIM_ITConfig)
    TIM_TimeBaseInit                         0x08001491   Thumb Code   122  stm32f10x_tim.o(i.TIM_TimeBaseInit)
    UART5_IRQHandler                         0x080015d5   Thumb Code    10  usart_stm32f10x.o(i.UART5_IRQHandler)
    USART1_IRQHandler                        0x080016b9   Thumb Code    10  usart_stm32f10x.o(i.USART1_IRQHandler)
    USART2_IRQHandler                        0x0800185d   Thumb Code    10  usart_stm32f10x.o(i.USART2_IRQHandler)
    USART_IRQHandler                         0x0800243f   Thumb Code   624  usart_stm32f10x.o(i.USART_IRQHandler)
    WIFI_mainThread                          0x08002dcd   Thumb Code    20  datsprocess_uartwifi.o(i.WIFI_mainThread)
    ZigB_mainThread                          0x080035a1   Thumb Code  1414  datsprocess_uartzigbee.o(i.ZigB_mainThread)
    _init_box                                0x08003cd7   Thumb Code    70  rt_membox.o(i._init_box)
    _is_digit                                0x08003d1d   Thumb Code    14  __printf_wp.o(i._is_digit)
    _mutex_acquire                           0x08003d2d   Thumb Code    22  rtx_conf_cm.o(i._mutex_acquire)
    _mutex_release                           0x08003d4d   Thumb Code    18  rtx_conf_cm.o(i._mutex_release)
    all_data_update                          0x08003d69   Thumb Code     2  protocol.o(i.all_data_update)
    bsp_dataManageInit                       0x08003d6d   Thumb Code    14  datamanage.o(i.bsp_dataManageInit)
    bsp_delayinit                            0x08003d85   Thumb Code    30  delay.o(i.bsp_delayinit)
    bsp_hwTimerInit                          0x08003dad   Thumb Code    54  bussiness_timerhard.o(i.bsp_hwTimerInit)
    byte_to_int                              0x08003dfd   Thumb Code    26  mcu_api.o(i.byte_to_int)
    com1DbugP1_Thread                        0x08003e17   Thumb Code    18  uart_datatransfer.o(i.com1DbugP1_Thread)
    com2DataTransP1_Thread                   0x08003e29   Thumb Code    12  uart_datatransfer.o(i.com2DataTransP1_Thread)
    com5DataTransP2_Thread                   0x08003e35   Thumb Code    12  uart_datatransfer.o(i.com5DataTransP2_Thread)
    communicationActive                      0x08003e41   Thumb Code    84  uart_datatransfer.o(i.communicationActive)
    dataTransThread_Active                   0x08003eb1   Thumb Code    64  uart_datatransfer.o(i.dataTransThread_Active)
    data_handle                              0x08003ef5   Thumb Code   230  system.o(i.data_handle)
    dbg_init                                 0x08004039   Thumb Code    34  hal_cm.o(i.dbg_init)
    dbg_task_notify                          0x08004069   Thumb Code    32  hal_cm.o(i.dbg_task_notify)
    dbg_task_switch                          0x08004089   Thumb Code    16  hal_cm.o(i.dbg_task_switch)
    devDrvIpt_threadProcessActive            0x080040bd   Thumb Code    62  bspdrv_iptdevice.o(i.devDrvIpt_threadProcessActive)
    dp_download_handle                       0x08004145   Thumb Code   230  protocol.o(i.dp_download_handle)
    drvApplication_hwTimer_initialization    0x080044c1   Thumb Code    90  bussiness_timerhard.o(i.drvApplication_hwTimer_initialization)
    get_check_sum                            0x08004521   Thumb Code    28  system.o(i.get_check_sum)
    get_download_cmd_total                   0x08004569   Thumb Code     4  protocol.o(i.get_download_cmd_total)
    get_queue_total_data                     0x0800457d   Thumb Code    20  system.o(i.get_queue_total_data)
    isrMessageGet                            0x080045cd   Thumb Code    42  rt_cmsis.o(i.isrMessageGet)
    isrMessagePut                            0x080045f7   Thumb Code    44  rt_cmsis.o(i.isrMessagePut)
    isrSignalSet                             0x08004623   Thumb Code    36  rt_cmsis.o(i.isrSignalSet)
    isr_evt_set                              0x08004649   Thumb Code    34  rt_event.o(i.isr_evt_set)
    isr_mbx_receive                          0x08004671   Thumb Code    86  rt_mailbox.o(i.isr_mbx_receive)
    isr_mbx_send                             0x080046c7   Thumb Code    14  rt_mailbox.o(i.isr_mbx_send)
    main                                     0x080046d5   Thumb Code    70  usrmain.o(i.main)
    mcu_dp_bool_update                       0x0800471d   Thumb Code    94  mcu_api.o(i.mcu_dp_bool_update)
    mcu_dp_enum_update                       0x08004781   Thumb Code    80  mcu_api.o(i.mcu_dp_enum_update)
    mcu_dp_value_update                      0x080047d5   Thumb Code   114  mcu_api.o(i.mcu_dp_value_update)
    mcu_get_dp_download_bool                 0x0800484d   Thumb Code     6  mcu_api.o(i.mcu_get_dp_download_bool)
    mcu_get_dp_download_enum                 0x08004853   Thumb Code     6  mcu_api.o(i.mcu_get_dp_download_enum)
    mcu_get_dp_download_value                0x08004859   Thumb Code    14  mcu_api.o(i.mcu_get_dp_download_value)
    mcu_get_system_time                      0x08004867   Thumb Code    12  mcu_api.o(i.mcu_get_system_time)
    mcu_set_wifi_mode                        0x08004875   Thumb Code    32  mcu_api.o(i.mcu_set_wifi_mode)
    mcu_write_rtctime                        0x08004899   Thumb Code    18  protocol.o(i.mcu_write_rtctime)
    memmem                                   0x080048ab   Thumb Code    58  usrappmethod.o(i.memmem)
    msgQueueInit                             0x080048e5   Thumb Code    14  uart_datatransfer.o(i.msgQueueInit)
    my_memcpy                                0x080048fd   Thumb Code    68  mcu_api.o(i.my_memcpy)
    my_strlen                                0x08004941   Thumb Code    28  mcu_api.o(i.my_strlen)
    osDelay                                  0x080049c5   Thumb Code    18  rt_cmsis.o(i.osDelay)
    osKernelInitialize                       0x080049dd   Thumb Code    30  rt_cmsis.o(i.osKernelInitialize)
    osKernelStart                            0x08004a01   Thumb Code    98  rt_cmsis.o(i.osKernelStart)
    osMemoryInit                             0x08004a6d   Thumb Code    14  uart_datatransfer.o(i.osMemoryInit)
    osMessageCreate                          0x08004a85   Thumb Code    36  rt_cmsis.o(i.osMessageCreate)
    osMessageGet                             0x08004ab1   Thumb Code    18  rt_cmsis.o(i.osMessageGet)
    osMessagePut                             0x08004ac9   Thumb Code    18  rt_cmsis.o(i.osMessagePut)
    osPoolAlloc                              0x08004ae1   Thumb Code    26  rt_cmsis.o(i.osPoolAlloc)
    osPoolCreate                             0x08004b01   Thumb Code    36  rt_cmsis.o(i.osPoolCreate)
    osPoolFree                               0x08004b2d   Thumb Code    26  rt_cmsis.o(i.osPoolFree)
    osSignalSet                              0x08004b4d   Thumb Code    18  rt_cmsis.o(i.osSignalSet)
    osSignalWait                             0x08004b65   Thumb Code    18  rt_cmsis.o(i.osSignalWait)
    osThreadCreate                           0x08004b7d   Thumb Code    36  rt_cmsis.o(i.osThreadCreate)
    osThreadExit                             0x08004ba9   Thumb Code    14  rt_cmsis.o(i.osThreadExit)
    osThreadGetId                            0x08004bc1   Thumb Code    18  rt_cmsis.o(i.osThreadGetId)
    osTimerCall                              0x08004bd9   Thumb Code     8  rt_cmsis.o(i.osTimerCall)
    osTimerCreate                            0x08004be5   Thumb Code    36  rt_cmsis.o(i.osTimerCreate)
    osTimerStart                             0x08004c11   Thumb Code    18  rt_cmsis.o(i.osTimerStart)
    osTimerThread                            0x08004c29   Thumb Code    38  rt_cmsis.o(i.osTimerThread)
    os_error                                 0x08004c55   Thumb Code    34  rtx_conf_cm.o(i.os_error)
    os_idle_demon                            0x08004c77   Thumb Code     4  rtx_conf_cm.o(i.os_idle_demon)
    os_tick_init                             0x08004c7d   Thumb Code    32  rt_system.o(i.os_tick_init)
    os_tick_irqack                           0x08004ca5   Thumb Code     2  rt_system.o(i.os_tick_irqack)
    rt_alloc_box                             0x08004db1   Thumb Code    26  rt_membox.o(i.rt_alloc_box)
    rt_alloc_mem                             0x08004dcb   Thumb Code    62  rt_memory.o(i.rt_alloc_mem)
    rt_block                                 0x08004e09   Thumb Code    48  rt_task.o(i.rt_block)
    rt_chk_robin                             0x08004e41   Thumb Code    60  rt_robin.o(i.rt_chk_robin)
    rt_dec_dly                               0x08004e89   Thumb Code   102  rt_list.o(i.rt_dec_dly)
    rt_dispatch                              0x08004ef9   Thumb Code    60  rt_task.o(i.rt_dispatch)
    rt_dly_wait                              0x08004f3d   Thumb Code     6  rt_time.o(i.rt_dly_wait)
    rt_evt_psh                               0x08004f45   Thumb Code    76  rt_event.o(i.rt_evt_psh)
    rt_evt_set                               0x08004f95   Thumb Code    88  rt_event.o(i.rt_evt_set)
    rt_evt_wait                              0x08004ff1   Thumb Code    56  rt_event.o(i.rt_evt_wait)
    rt_free_box                              0x0800502d   Thumb Code    44  rt_membox.o(i.rt_free_box)
    rt_free_mem                              0x08005059   Thumb Code    40  rt_memory.o(i.rt_free_mem)
    rt_get_first                             0x08005081   Thumb Code    40  rt_list.o(i.rt_get_first)
    rt_init_mem                              0x080050f9   Thumb Code    26  rt_memory.o(i.rt_init_mem)
    rt_init_robin                            0x08005115   Thumb Code    14  rt_robin.o(i.rt_init_robin)
    rt_init_stack                            0x0800512d   Thumb Code   118  hal_cm.o(i.rt_init_stack)
    rt_mbx_check                             0x080051ad   Thumb Code     8  rt_mailbox.o(i.rt_mbx_check)
    rt_mbx_init                              0x080051b5   Thumb Code    26  rt_mailbox.o(i.rt_mbx_init)
    rt_mbx_psh                               0x080051d1   Thumb Code   236  rt_mailbox.o(i.rt_mbx_psh)
    rt_mbx_send                              0x080052c1   Thumb Code   148  rt_mailbox.o(i.rt_mbx_send)
    rt_mbx_wait                              0x08005359   Thumb Code   174  rt_mailbox.o(i.rt_mbx_wait)
    rt_mut_release                           0x08005451   Thumb Code   208  rt_mutex.o(i.rt_mut_release)
    rt_mut_wait                              0x08005529   Thumb Code   114  rt_mutex.o(i.rt_mut_wait)
    rt_pop_req                               0x080055a1   Thumb Code   112  rt_system.o(i.rt_pop_req)
    rt_psh_req                               0x0800561d   Thumb Code    22  rt_system.o(i.rt_psh_req)
    rt_psq_enq                               0x0800563d   Thumb Code    88  rt_list.o(i.rt_psq_enq)
    rt_put_dly                               0x08005699   Thumb Code    68  rt_list.o(i.rt_put_dly)
    rt_put_prio                              0x080056e1   Thumb Code    54  rt_list.o(i.rt_put_prio)
    rt_put_rdy_first                         0x08005719   Thumb Code    14  rt_list.o(i.rt_put_rdy_first)
    rt_resort_prio                           0x0800572d   Thumb Code    46  rt_list.o(i.rt_resort_prio)
    rt_ret_val                               0x08005761   Thumb Code     6  hal_cm.o(i.rt_ret_val)
    rt_ret_val2                              0x08005767   Thumb Code     8  hal_cm.o(i.rt_ret_val2)
    rt_rmv_dly                               0x0800576f   Thumb Code    40  rt_list.o(i.rt_rmv_dly)
    rt_rmv_list                              0x08005799   Thumb Code    44  rt_list.o(i.rt_rmv_list)
    rt_sem_psh                               0x080057c9   Thumb Code    48  rt_semaphore.o(i.rt_sem_psh)
    rt_stk_check                             0x080057fd   Thumb Code    28  rt_system.o(i.rt_stk_check)
    rt_switch_req                            0x08005821   Thumb Code    30  rt_task.o(i.rt_switch_req)
    rt_sys_init                              0x08005849   Thumb Code   138  rt_task.o(i.rt_sys_init)
    rt_sys_start                             0x08005915   Thumb Code   110  rt_task.o(i.rt_sys_start)
    rt_systick                               0x0800598d   Thumb Code    50  rt_system.o(i.rt_systick)
    rt_tsk_create                            0x08005a51   Thumb Code   118  rt_task.o(i.rt_tsk_create)
    rt_tsk_delete                            0x08005ad9   Thumb Code   352  rt_task.o(i.rt_tsk_delete)
    rt_tsk_prio                              0x08005c55   Thumb Code   108  rt_task.o(i.rt_tsk_prio)
    rt_tsk_self                              0x08005cd1   Thumb Code    12  rt_task.o(i.rt_tsk_self)
    set_wifi_uart_buffer                     0x08005ce1   Thumb Code    34  system.o(i.set_wifi_uart_buffer)
    set_wifi_uart_byte                       0x08005d09   Thumb Code    12  system.o(i.set_wifi_uart_byte)
    svcDelay                                 0x08005d19   Thumb Code    18  rt_cmsis.o(i.svcDelay)
    svcKernelInitialize                      0x08005d2d   Thumb Code    80  rt_cmsis.o(i.svcKernelInitialize)
    svcKernelStart                           0x08005d9d   Thumb Code    62  rt_cmsis.o(i.svcKernelStart)
    svcMessageCreate                         0x08005de5   Thumb Code    36  rt_cmsis.o(i.svcMessageCreate)
    svcMessageGet                            0x08005e09   Thumb Code    58  rt_cmsis.o(i.svcMessageGet)
    svcMessagePut                            0x08005e43   Thumb Code    54  rt_cmsis.o(i.svcMessagePut)
    svcPoolCreate                            0x08005e79   Thumb Code    40  rt_cmsis.o(i.svcPoolCreate)
    svcSignalSet                             0x08005ea1   Thumb Code    36  rt_cmsis.o(i.svcSignalSet)
    svcSignalWait                            0x08005ec5   Thumb Code    80  rt_cmsis.o(i.svcSignalWait)
    svcThreadCreate                          0x08005f19   Thumb Code    96  rt_cmsis.o(i.svcThreadCreate)
    svcThreadGetId                           0x08005f85   Thumb Code    22  rt_cmsis.o(i.svcThreadGetId)
    svcThreadTerminate                       0x08005fa1   Thumb Code    50  rt_cmsis.o(i.svcThreadTerminate)
    svcTimerCall                             0x08005fd9   Thumb Code    24  rt_cmsis.o(i.svcTimerCall)
    svcTimerCreate                           0x08005ff1   Thumb Code    52  rt_cmsis.o(i.svcTimerCreate)
    svcTimerStart                            0x08006029   Thumb Code    96  rt_cmsis.o(i.svcTimerStart)
    switchTypeReserve_GET                    0x0800608d   Thumb Code    36  datamanage.o(i.switchTypeReserve_GET)
    sysPoolAlloc                             0x080060b5   Thumb Code    10  rt_cmsis.o(i.sysPoolAlloc)
    sysPoolFree                              0x080060bf   Thumb Code    20  rt_cmsis.o(i.sysPoolFree)
    sysTimerTick                             0x080060d5   Thumb Code    84  rt_cmsis.o(i.sysTimerTick)
    uartConWifi_dataTxPort                   0x080068a5   Thumb Code    20  datsprocess_uartwifi.o(i.uartConWifi_dataTxPort)
    uartConWifi_eventFunCb                   0x080068bd   Thumb Code    24  datsprocess_uartwifi.o(i.uartConWifi_eventFunCb)
    uartConZigb_eventFunCb                   0x080068dd   Thumb Code    24  datsprocess_uartzigbee.o(i.uartConZigb_eventFunCb)
    uartDrvObjGet                            0x080068fd   Thumb Code    36  uart_datatransfer.o(i.uartDrvObjGet)
    uartRxTimeout_signalDefGet               0x0800692d   Thumb Code    36  uart_datatransfer.o(i.uartRxTimeout_signalDefGet)
    uart_receive_input                       0x08006965   Thumb Code    84  mcu_api.o(i.uart_receive_input)
    usrAppNormalBussiness_softTimerInit      0x080069c5   Thumb Code    26  bussiness_timersoft.o(i.usrAppNormalBussiness_softTimerInit)
    usrAppTimActiving_processInit            0x08006a99   Thumb Code    16  timer_activing.o(i.usrAppTimActiving_processInit)
    usrApp_usartEventCb_register             0x08006ab1   Thumb Code   100  uart_datatransfer.o(i.usrApp_usartEventCb_register)
    wifi_protocol_init                       0x08006c51   Thumb Code    18  mcu_api.o(i.wifi_protocol_init)
    wifi_test_result                         0x08006c75   Thumb Code     8  protocol.o(i.wifi_test_result)
    wifi_uart_service                        0x08006c7d   Thumb Code   238  mcu_api.o(i.wifi_uart_service)
    wifi_uart_write_frame                    0x08006d8d   Thumb Code    64  system.o(i.wifi_uart_write_frame)
    zigB_sysTimeSet_detailedFormatTuya       0x08006f51   Thumb Code   114  datsprocess_uartzigbee.o(i.zigB_sysTimeSet_detailedFormatTuya)
    zigbFunction_callFromThread              0x08007139   Thumb Code    42  datsprocess_uartzigbee.o(i.zigbFunction_callFromThread)
    zigb_VALIDA_INPUT                        0x08007435   Thumb Code   222  datsprocess_uartzigbee.o(i.zigb_VALIDA_INPUT)
    os_pool_def_normalMemUint8_t_pool        0x080076bc   Data          12  datamanage.o(.constdata)
    os_thread_def_com1DbugP1_Thread          0x080076c8   Data          16  uart_datatransfer.o(.constdata)
    os_thread_def_com2DataTransP1_Thread     0x080076d8   Data          16  uart_datatransfer.o(.constdata)
    os_thread_def_com5DataTransP2_Thread     0x080076e8   Data          16  uart_datatransfer.o(.constdata)
    os_pool_def_dtThreadActInitParm_pool     0x080076f8   Data          12  uart_datatransfer.o(.constdata)
    os_pool_def_threadDatsPass_pool          0x08007704   Data          12  uart_datatransfer.o(.constdata)
    os_thread_def_uartZigbDataRcvHandle_Thread 0x08007710   Data          16  datsprocess_uartzigbee.o(.constdata)
    os_timer_def_TimerZigbDevManage          0x08007720   Data           8  datsprocess_uartzigbee.o(.constdata)
    os_pool_def_nwkZigbDevStateAttr_pool     0x08007728   Data          12  datsprocess_uartzigbee.o(.constdata)
    os_pool_def_ZigbUartMsgDataSysRespond_pool 0x08007734   Data          12  datsprocess_uartzigbee.o(.constdata)
    os_pool_def_ZigbUartMsgDataRemoteComing_pool 0x08007740   Data          12  datsprocess_uartzigbee.o(.constdata)
    os_pool_def_ZigbUartMsgRmDataReqResp_pool 0x0800774c   Data          12  datsprocess_uartzigbee.o(.constdata)
    os_pool_def_ZigbFuncRemind_pool          0x08007758   Data          12  datsprocess_uartzigbee.o(.constdata)
    os_messageQ_def_MsgBox_threadDP_Z2W      0x08007764   Data           8  datsprocess_uartzigbee.o(.constdata)
    os_messageQ_def_MsgBox_uartZigbToutDats_dataSysRespond 0x0800776c   Data           8  datsprocess_uartzigbee.o(.constdata)
    os_messageQ_def_MsgBox_uartZigbToutDats_dataRemoteComing 0x08007774   Data           8  datsprocess_uartzigbee.o(.constdata)
    os_messageQ_def_MsgBox_uartZigbToutDats_rmDataReqResp 0x0800777c   Data           8  datsprocess_uartzigbee.o(.constdata)
    os_messageQ_def_MsgBox_zigbFuncRemind    0x08007784   Data           8  datsprocess_uartzigbee.o(.constdata)
    os_pool_def_datsWIFITrans_pool           0x08008988   Data          12  datsprocess_uartwifi.o(.constdata)
    os_messageQ_def_MsgBox_threadDP_W2Z      0x08008994   Data           8  datsprocess_uartwifi.o(.constdata)
    os_timer_def_timerUsrApp_nromalBussiness 0x0800899c   Data           8  bussiness_timersoft.o(.constdata)
    os_thread_def_timActivingProcess_Thread  0x080089a4   Data          16  timer_activing.o(.constdata)
    os_thread_def_devDrvIpt_mainThread       0x080089b4   Data          16  bspdrv_iptdevice.o(.constdata)
    download_cmd                             0x080089c4   Data          28  protocol.o(.constdata)
    os_maxtaskrun                            0x080089e0   Data           2  rtx_conf_cm.o(.constdata)
    os_stackinfo                             0x080089e4   Data           4  rtx_conf_cm.o(.constdata)
    os_rrobin                                0x080089e8   Data           4  rtx_conf_cm.o(.constdata)
    os_tickfreq                              0x080089ec   Data           4  rtx_conf_cm.o(.constdata)
    os_tickus_i                              0x080089f0   Data           2  rtx_conf_cm.o(.constdata)
    os_tickus_f                              0x080089f2   Data           2  rtx_conf_cm.o(.constdata)
    os_trv                                   0x080089f4   Data           4  rtx_conf_cm.o(.constdata)
    os_flags                                 0x080089f8   Data           1  rtx_conf_cm.o(.constdata)
    CMSIS_RTOS_API_Version                   0x080089fc   Data           4  rtx_conf_cm.o(.constdata)
    CMSIS_RTOS_RTX_Version                   0x08008a00   Data           4  rtx_conf_cm.o(.constdata)
    os_clockrate                             0x08008a04   Data           4  rtx_conf_cm.o(.constdata)
    os_timernum                              0x08008a08   Data           4  rtx_conf_cm.o(.constdata)
    mp_tcb_size                              0x08008a0c   Data           2  rtx_conf_cm.o(.constdata)
    mp_stk_size                              0x08008a10   Data           4  rtx_conf_cm.o(.constdata)
    os_stack_sz                              0x08008a14   Data           4  rtx_conf_cm.o(.constdata)
    os_fifo_size                             0x08008a18   Data           1  rtx_conf_cm.o(.constdata)
    os_thread_def_osTimerThread              0x08008a1c   Data          16  rtx_conf_cm.o(.constdata)
    os_messageQ_def_osTimerMessageQ          0x08008a2c   Data           8  rtx_conf_cm.o(.constdata)
    mp_tmr_size                              0x08008a34   Data           2  rtx_conf_cm.o(.constdata)
    os_thread_def_main                       0x08008a38   Data          16  rtx_conf_cm.o(.constdata)
    Driver_USART1                            0x08008b24   Data          56  usart_stm32f10x.o(.constdata)
    Driver_USART2                            0x08008b5c   Data          56  usart_stm32f10x.o(.constdata)
    Driver_USART5                            0x08008b94   Data          56  usart_stm32f10x.o(.constdata)
    Region$$Table$$Base                      0x08008c08   Number         0  anon$$obj.o(Region$$Table)
    Region$$Table$$Limit                     0x08008c28   Number         0  anon$$obj.o(Region$$Table)
    normalMemUint8_t_poolAttr_id             0x20000000   Data           4  datamanage.o(.data)
    sysTimeZone_H                            0x20000004   Data           1  datamanage.o(.data)
    sysTimeZone_M                            0x20000005   Data           1  datamanage.o(.data)
    systemUTC_current                        0x20000008   Data           4  datamanage.o(.data)
    sysTimeKeep_counter                      0x2000000c   Data           2  datamanage.o(.data)
    systemTime_current                       0x2000000e   Data           7  datamanage.o(.data)
    zigbNwkReserveNodeNum_currentValue       0x20000015   Data           1  datamanage.o(.data)
    DEV_actReserve                           0x20000016   Data           1  datamanage.o(.data)
    SWITCH_TYPE                              0x20000017   Data           1  datamanage.o(.data)
    deviceLock_flag                          0x20000018   Data           1  datamanage.o(.data)
    MACSTA_ID                                0x20000019   Data           6  datamanage.o(.data)
    MACAP_ID                                 0x2000001f   Data           6  datamanage.o(.data)
    MACDST_ID                                0x20000025   Data           6  datamanage.o(.data)
    tid_com1DbugP1_Thread                    0x2000002c   Data           4  uart_datatransfer.o(.data)
    tid_com2DataTransP1_Thread               0x20000030   Data           4  uart_datatransfer.o(.data)
    tid_com5DataTransP2_Thread               0x20000034   Data           4  uart_datatransfer.o(.data)
    dttAct_poolAttr_id                       0x20000038   Data           4  uart_datatransfer.o(.data)
    threadDP_poolAttr_id                     0x2000003c   Data           4  uart_datatransfer.o(.data)
    tid_uartZigbDataRcvHandle_Thread         0x20000040   Data           4  datsprocess_uartzigbee.o(.data)
    ZigbnwkState_poolAttr_id                 0x20000044   Data           4  datsprocess_uartzigbee.o(.data)
    ZigbUartMsgDataSysRespond_poolAttr_id    0x20000048   Data           4  datsprocess_uartzigbee.o(.data)
    ZigbUartMsgDataRemoteComing_poolAttr_id  0x2000004c   Data           4  datsprocess_uartzigbee.o(.data)
    ZigbUartMsgRmDataReqResp_poolAttr_id     0x20000050   Data           4  datsprocess_uartzigbee.o(.data)
    ZigbFuncRemind_poolAttr_id               0x20000054   Data           4  datsprocess_uartzigbee.o(.data)
    mqID_threadDP_Z2W                        0x20000058   Data           4  datsprocess_uartzigbee.o(.data)
    mqID_uartZigbToutDats_dataSysRespond     0x2000005c   Data           4  datsprocess_uartzigbee.o(.data)
    mqID_uartZigbToutDats_dataRemoteComing   0x20000060   Data           4  datsprocess_uartzigbee.o(.data)
    mqID_uartZigbToutDats_rmDataReqResp      0x20000064   Data           4  datsprocess_uartzigbee.o(.data)
    mqID_zigbFuncRemind                      0x20000068   Data           4  datsprocess_uartzigbee.o(.data)
    zigbee_currentPanID_reslesCounter        0x2000006c   Data           1  datsprocess_uartzigbee.o(.data)
    zigbNodeDevDetectManage_runningFLG       0x2000006e   Data           1  datsprocess_uartzigbee.o(.data)
    WIFITrans_poolAttr_id                    0x2000009c   Data           4  datsprocess_uartwifi.o(.data)
    mqID_threadDP_W2Z                        0x200000a0   Data           4  datsprocess_uartwifi.o(.data)
    tid_timActivingProcess_Thread            0x200000c8   Data           4  timer_activing.o(.data)
    dbSysLogLoopCounter                      0x200000cc   Data           1  timer_activing.o(.data)
    val_DcodeCfm                             0x200000d0   Data           1  bspdrv_iptdevice.o(.data)
    timeCounter_smartConfig_start            0x200000d1   Data           1  bspdrv_iptdevice.o(.data)
    smartconfigOpen_flg                      0x200000d2   Data           1  bspdrv_iptdevice.o(.data)
    touchPadActCounter                       0x200000d4   Data           2  bspdrv_iptdevice.o(.data)
    touchPadContinueCnt                      0x200000d6   Data           2  bspdrv_iptdevice.o(.data)
    usrKeyCount_EN                           0x200000d8   Data           1  bspdrv_iptdevice.o(.data)
    usrKeyCount                              0x200000da   Data           2  bspdrv_iptdevice.o(.data)
    touchKeepCnt_record                      0x200000dc   Data           1  bspdrv_iptdevice.o(.data)
    combinationFunFLG_3S5S_cancel_counter    0x200000de   Data           2  bspdrv_iptdevice.o(.data)
    tid_inputDev_process                     0x200000e4   Data           4  bspdrv_iptdevice.o(.data)
    queue_in                                 0x200000f4   Data           4  system.o(.data)
    queue_out                                0x200000f8   Data           4  system.o(.data)
    stop_update_flag                         0x200000fc   Data           1  system.o(.data)
    reset_wifi_flag                          0x200000fd   Data           1  system.o(.data)
    set_wifimode_flag                        0x200000fe   Data           1  system.o(.data)
    wifi_work_state                          0x200000ff   Data           1  system.o(.data)
    osThreadId_osTimerThread                 0x20000104   Data           4  rtx_conf_cm.o(.data)
    osMessageQId_osTimerMessageQ             0x20000108   Data           4  rtx_conf_cm.o(.data)
    os_tmr                                   0x2000010c   Data           4  rtx_conf_cm.o(.data)
    m_tmr                                    0x20000110   Data           4  rtx_conf_cm.o(.data)
    os_initialized                           0x20000118   Data           1  rt_cmsis.o(.data)
    os_running                               0x20000119   Data           1  rt_cmsis.o(.data)
    os_timer_head                            0x2000011c   Data           4  rt_cmsis.o(.data)
    os_tsk                                   0x20000120   Data           8  rt_task.o(.data)
    os_tick_irqn                             0x2000012c   Data           4  rt_system.o(.data)
    os_time                                  0x20000130   Data           4  rt_time.o(.data)
    os_robin                                 0x20000134   Data           8  rt_robin.o(.data)
    dbg_msg                                  0x2000013c   Data           1  hal_cm.o(.data)
    os_pool_m_normalMemUint8_t_pool          0x20000140   Data        4108  datamanage.o(.bss)
    printfLog_bufTemp                        0x2000114c   Data         128  datamanage.o(.bss)
    os_pool_m_dtThreadActInitParm_pool       0x200011cc   Data          32  uart_datatransfer.o(.bss)
    os_pool_m_threadDatsPass_pool            0x200011ec   Data        4212  uart_datatransfer.o(.bss)
    os_timer_cb_TimerZigbDevManage           0x20002274   Data          24  datsprocess_uartzigbee.o(.bss)
    os_pool_m_nwkZigbDevStateAttr_pool       0x2000228c   Data        1164  datsprocess_uartzigbee.o(.bss)
    os_pool_m_ZigbUartMsgDataSysRespond_pool 0x20002718   Data        1092  datsprocess_uartzigbee.o(.bss)
    os_pool_m_ZigbUartMsgDataRemoteComing_pool 0x20002b5c   Data        6252  datsprocess_uartzigbee.o(.bss)
    os_pool_m_ZigbUartMsgRmDataReqResp_pool  0x200043c8   Data         612  datsprocess_uartzigbee.o(.bss)
    os_pool_m_ZigbFuncRemind_pool            0x2000462c   Data          32  datsprocess_uartzigbee.o(.bss)
    os_messageQ_q_MsgBox_threadDP_Z2W        0x2000464c   Data          96  datsprocess_uartzigbee.o(.bss)
    os_messageQ_q_MsgBox_uartZigbToutDats_dataSysRespond 0x200046ac   Data         136  datsprocess_uartzigbee.o(.bss)
    os_messageQ_q_MsgBox_uartZigbToutDats_dataRemoteComing 0x20004734   Data         176  datsprocess_uartzigbee.o(.bss)
    os_messageQ_q_MsgBox_uartZigbToutDats_rmDataReqResp 0x200047e4   Data         136  datsprocess_uartzigbee.o(.bss)
    os_messageQ_q_MsgBox_zigbFuncRemind      0x2000486c   Data          28  datsprocess_uartzigbee.o(.bss)
    os_pool_m_datsWIFITrans_pool             0x20006748   Data         552  datsprocess_uartwifi.o(.bss)
    os_messageQ_q_MsgBox_threadDP_W2Z        0x20006970   Data          96  datsprocess_uartwifi.o(.bss)
    os_timer_cb_timerUsrApp_nromalBussiness  0x20006a50   Data          24  bussiness_timersoft.o(.bss)
    wifi_queue_buf                           0x20006a68   Data          23  system.o(.bss)
    wifi_uart_rx_buf                         0x20006a7f   Data          31  system.o(.bss)
    wifi_uart_tx_buf                         0x20006a9e   Data          55  system.o(.bss)
    mp_tcb                                   0x20006ad8   Data         584  rtx_conf_cm.o(.bss)
    mp_stk                                   0x20006d20   Data        1040  rtx_conf_cm.o(.bss)
    os_stack_mem                             0x20007130   Data       16464  rtx_conf_cm.o(.bss)
    os_fifo                                  0x2000b180   Data         132  rtx_conf_cm.o(.bss)
    os_active_TCB                            0x2000b204   Data          44  rtx_conf_cm.o(.bss)
    os_messageQ_q_osTimerMessageQ            0x2000b230   Data          48  rtx_conf_cm.o(.bss)
    os_idle_TCB                              0x2000b7a8   Data          52  rt_task.o(.bss)
    os_rdy                                   0x2000b7dc   Data          24  rt_list.o(.bss)
    os_dly                                   0x2000b7f4   Data          24  rt_list.o(.bss)
    __libspace_start                         0x2000b80c   Data          96  libspace.o(.bss)
    __temporary_stack_top$libspace           0x2000b86c   Data           0  libspace.o(.bss)



==============================================================================

Memory Map of the image

  Image Entry point : 0x08000131

  Load Region LR_IROM1 (Base: 0x08000000, Size: 0x00008d68, Max: 0x00080000, ABSOLUTE, COMPRESSED[0x00008c48])

    Execution Region ER_IROM1 (Base: 0x08000000, Size: 0x00008c28, Max: 0x00080000, ABSOLUTE)

    Base Addr    Size         Type   Attr      Idx    E Section Name        Object

    0x08000000   0x00000130   Data   RO         3136    RESET               startup_stm32f10x_hd.o
    0x08000130   0x00000008   Code   RO         4472  * !!!main             c_w.l(__main.o)
    0x08000138   0x00000034   Code   RO         4646    !!!scatter          c_w.l(__scatter.o)
    0x0800016c   0x0000005a   Code   RO         4644    !!dczerorl2         c_w.l(__dczerorl2.o)
    0x080001c6   0x00000002   PAD
    0x080001c8   0x0000001c   Code   RO         4648    !!handler_zi        c_w.l(__scatter_zi.o)
    0x080001e4   0x00000000   Code   RO         4455    .ARM.Collect$$_printf_percent$$00000000  c_w.l(_printf_percent.o)
    0x080001e4   0x00000006   Code   RO         4454    .ARM.Collect$$_printf_percent$$00000009  c_w.l(_printf_d.o)
    0x080001ea   0x00000006   Code   RO         4453    .ARM.Collect$$_printf_percent$$0000000C  c_w.l(_printf_x.o)
    0x080001f0   0x00000004   Code   RO         4489    .ARM.Collect$$_printf_percent$$00000017  c_w.l(_printf_percent_end.o)
    0x080001f4   0x00000002   Code   RO         4530    .ARM.Collect$$libinit$$00000000  c_w.l(libinit.o)
    0x080001f6   0x00000000   Code   RO         4542    .ARM.Collect$$libinit$$00000002  c_w.l(libinit2.o)
    0x080001f6   0x00000000   Code   RO         4544    .ARM.Collect$$libinit$$00000004  c_w.l(libinit2.o)
    0x080001f6   0x00000000   Code   RO         4547    .ARM.Collect$$libinit$$0000000A  c_w.l(libinit2.o)
    0x080001f6   0x00000000   Code   RO         4549    .ARM.Collect$$libinit$$0000000C  c_w.l(libinit2.o)
    0x080001f6   0x00000000   Code   RO         4551    .ARM.Collect$$libinit$$0000000E  c_w.l(libinit2.o)
    0x080001f6   0x00000000   Code   RO         4554    .ARM.Collect$$libinit$$00000011  c_w.l(libinit2.o)
    0x080001f6   0x00000000   Code   RO         4556    .ARM.Collect$$libinit$$00000013  c_w.l(libinit2.o)
    0x080001f6   0x00000000   Code   RO         4558    .ARM.Collect$$libinit$$00000015  c_w.l(libinit2.o)
    0x080001f6   0x00000000   Code   RO         4560    .ARM.Collect$$libinit$$00000017  c_w.l(libinit2.o)
    0x080001f6   0x00000000   Code   RO         4562    .ARM.Collect$$libinit$$00000019  c_w.l(libinit2.o)
    0x080001f6   0x00000000   Code   RO         4564    .ARM.Collect$$libinit$$0000001B  c_w.l(libinit2.o)
    0x080001f6   0x00000000   Code   RO         4566    .ARM.Collect$$libinit$$0000001D  c_w.l(libinit2.o)
    0x080001f6   0x00000000   Code   RO         4568    .ARM.Collect$$libinit$$0000001F  c_w.l(libinit2.o)
    0x080001f6   0x00000000   Code   RO         4570    .ARM.Collect$$libinit$$00000021  c_w.l(libinit2.o)
    0x080001f6   0x00000000   Code   RO         4572    .ARM.Collect$$libinit$$00000023  c_w.l(libinit2.o)
    0x080001f6   0x00000000   Code   RO         4574    .ARM.Collect$$libinit$$00000025  c_w.l(libinit2.o)
    0x080001f6   0x00000000   Code   RO         4578    .ARM.Collect$$libinit$$0000002C  c_w.l(libinit2.o)
    0x080001f6   0x00000000   Code   RO         4580    .ARM.Collect$$libinit$$0000002E  c_w.l(libinit2.o)
    0x080001f6   0x00000000   Code   RO         4582    .ARM.Collect$$libinit$$00000030  c_w.l(libinit2.o)
    0x080001f6   0x00000000   Code   RO         4584    .ARM.Collect$$libinit$$00000032  c_w.l(libinit2.o)
    0x080001f6   0x00000002   Code   RO         4585    .ARM.Collect$$libinit$$00000033  c_w.l(libinit2.o)
    0x080001f8   0x00000002   Code   RO         4531    .ARM.Collect$$libshutdown$$00000000  c_w.l(libshutdown.o)
    0x080001fa   0x00000000   Code   RO         4587    .ARM.Collect$$libshutdown$$00000002  c_w.l(libshutdown2.o)
    0x080001fa   0x00000000   Code   RO         4589    .ARM.Collect$$libshutdown$$00000004  c_w.l(libshutdown2.o)
    0x080001fa   0x00000000   Code   RO         4592    .ARM.Collect$$libshutdown$$00000007  c_w.l(libshutdown2.o)
    0x080001fa   0x00000000   Code   RO         4595    .ARM.Collect$$libshutdown$$0000000A  c_w.l(libshutdown2.o)
    0x080001fa   0x00000000   Code   RO         4597    .ARM.Collect$$libshutdown$$0000000C  c_w.l(libshutdown2.o)
    0x080001fa   0x00000000   Code   RO         4600    .ARM.Collect$$libshutdown$$0000000F  c_w.l(libshutdown2.o)
    0x080001fa   0x00000002   Code   RO         4601    .ARM.Collect$$libshutdown$$00000010  c_w.l(libshutdown2.o)
    0x080001fc   0x00000000   Code   RO         4474    .ARM.Collect$$rtentry$$00000000  c_w.l(__rtentry.o)
    0x080001fc   0x00000000   Code   RO         4491    .ARM.Collect$$rtentry$$00000002  c_w.l(__rtentry2.o)
    0x080001fc   0x00000006   Code   RO         4503    .ARM.Collect$$rtentry$$00000004  c_w.l(__rtentry4.o)
    0x08000202   0x00000000   Code   RO         4493    .ARM.Collect$$rtentry$$00000009  c_w.l(__rtentry2.o)
    0x08000202   0x00000004   Code   RO         4494    .ARM.Collect$$rtentry$$0000000A  c_w.l(__rtentry2.o)
    0x08000206   0x00000008   Code   RO         4495    .ARM.Collect$$rtentry$$0000000B  c_w.l(__rtentry2.o)
    0x0800020e   0x00000008   Code   RO         4497    .ARM.Collect$$rtentry$$0000000D  c_w.l(__rtentry2.o)
    0x08000216   0x00000002   Code   RO         4475    .ARM.Collect$$rtexit$$00000000  c_w.l(rtexit.o)
    0x08000218   0x00000000   Code   RO         4506    .ARM.Collect$$rtexit$$00000002  c_w.l(rtexit2.o)
    0x08000218   0x00000004   Code   RO         4507    .ARM.Collect$$rtexit$$00000003  c_w.l(rtexit2.o)
    0x0800021c   0x00000006   Code   RO         4508    .ARM.Collect$$rtexit$$00000004  c_w.l(rtexit2.o)
    0x08000222   0x00000002   PAD
    0x08000224   0x0000001c   Code   RO         1282    .emb_text           rtx_conf_cm.o
    0x08000240   0x00000130   Code   RO         4382    .emb_text           RTX_CM3.lib(hal_cm3.o)
    0x08000370   0x00000040   Code   RO         3137    .text               startup_stm32f10x_hd.o
    0x080003b0   0x00000008   Code   RO         4397    .text               c_w.l(libspace.o)
    0x080003b8   0x000000ee   Code   RO         4400    .text               c_w.l(lludivv7m.o)
    0x080004a6   0x00000002   PAD
    0x080004a8   0x00000034   Code   RO         4404    .text               c_w.l(noretval__2snprintf.o)
    0x080004dc   0x0000004e   Code   RO         4408    .text               c_w.l(_printf_pad.o)
    0x0800052a   0x00000002   PAD
    0x0800052c   0x00000078   Code   RO         4410    .text               c_w.l(_printf_dec.o)
    0x080005a4   0x00000058   Code   RO         4415    .text               c_w.l(_printf_hex_int.o)
    0x080005fc   0x00000138   Code   RO         4445    .text               c_w.l(__printf_flags_wp.o)
    0x08000734   0x00000012   Code   RO         4456    .text               c_w.l(exit.o)
    0x08000746   0x00000058   Code   RO         4458    .text               c_w.l(memcmp.o)
    0x0800079e   0x0000003e   Code   RO         4460    .text               c_w.l(strlen.o)
    0x080007dc   0x0000008a   Code   RO         4462    .text               c_w.l(rt_memcpy_v6.o)
    0x08000866   0x00000064   Code   RO         4464    .text               c_w.l(rt_memcpy_w.o)
    0x080008ca   0x00000044   Code   RO         4466    .text               c_w.l(rt_memclr.o)
    0x0800090e   0x0000004e   Code   RO         4468    .text               c_w.l(rt_memclr_w.o)
    0x0800095c   0x00000006   Code   RO         4470    .text               c_w.l(heapauxi.o)
    0x08000962   0x000000b2   Code   RO         4481    .text               c_w.l(_printf_intcommon.o)
    0x08000a14   0x00000030   Code   RO         4483    .text               c_w.l(_printf_char_common.o)
    0x08000a44   0x0000000a   Code   RO         4485    .text               c_w.l(_sputc.o)
    0x08000a4e   0x00000010   Code   RO         4487    .text               c_w.l(_snputc.o)
    0x08000a5e   0x00000002   PAD
    0x08000a60   0x0000000c   Code   RO         4516    .text               c_w.l(sys_exit.o)
    0x08000a6c   0x0000004a   Code   RO         4518    .text               c_w.l(sys_stackheap_outer.o)
    0x08000ab6   0x00000002   Code   RO         4532    .text               c_w.l(use_no_semi.o)
    0x08000ab8   0x00000000   Code   RO         4534    .text               c_w.l(indicate_semi.o)
    0x08000ab8   0x00000004   Code   RO         4392    SVC_TABLE           RTX_CM3.lib(svc_table.o)
    0x08000abc   0x00000002   Code   RO         2885    i.DMA1_Channel1_Event  dma_stm32f10x.o
    0x08000abe   0x00000002   PAD
    0x08000ac0   0x0000001c   Code   RO         2886    i.DMA1_Channel1_IRQHandler  dma_stm32f10x.o
    0x08000adc   0x00000002   Code   RO         2887    i.DMA1_Channel2_Event  dma_stm32f10x.o
    0x08000ade   0x00000002   PAD
    0x08000ae0   0x0000001c   Code   RO         2888    i.DMA1_Channel2_IRQHandler  dma_stm32f10x.o
    0x08000afc   0x00000002   Code   RO         2889    i.DMA1_Channel3_Event  dma_stm32f10x.o
    0x08000afe   0x00000002   PAD
    0x08000b00   0x0000001c   Code   RO         2890    i.DMA1_Channel3_IRQHandler  dma_stm32f10x.o
    0x08000b1c   0x00000002   Code   RO         2891    i.DMA1_Channel4_Event  dma_stm32f10x.o
    0x08000b1e   0x00000002   PAD
    0x08000b20   0x0000001c   Code   RO         2892    i.DMA1_Channel4_IRQHandler  dma_stm32f10x.o
    0x08000b3c   0x00000002   Code   RO         2893    i.DMA1_Channel5_Event  dma_stm32f10x.o
    0x08000b3e   0x00000002   PAD
    0x08000b40   0x0000001c   Code   RO         2894    i.DMA1_Channel5_IRQHandler  dma_stm32f10x.o
    0x08000b5c   0x00000002   Code   RO         2895    i.DMA1_Channel6_Event  dma_stm32f10x.o
    0x08000b5e   0x00000002   PAD
    0x08000b60   0x0000001c   Code   RO         2896    i.DMA1_Channel6_IRQHandler  dma_stm32f10x.o
    0x08000b7c   0x00000002   Code   RO         2897    i.DMA1_Channel7_Event  dma_stm32f10x.o
    0x08000b7e   0x00000002   PAD
    0x08000b80   0x0000001c   Code   RO         2898    i.DMA1_Channel7_IRQHandler  dma_stm32f10x.o
    0x08000b9c   0x00000002   Code   RO         2899    i.DMA2_Channel1_Event  dma_stm32f10x.o
    0x08000b9e   0x00000002   PAD
    0x08000ba0   0x0000001c   Code   RO         2900    i.DMA2_Channel1_IRQHandler  dma_stm32f10x.o
    0x08000bbc   0x00000002   Code   RO         2901    i.DMA2_Channel2_Event  dma_stm32f10x.o
    0x08000bbe   0x00000002   PAD
    0x08000bc0   0x00000020   Code   RO         2902    i.DMA2_Channel2_IRQHandler  dma_stm32f10x.o
    0x08000be0   0x00000002   Code   RO         2903    i.DMA2_Channel3_Event  dma_stm32f10x.o
    0x08000be2   0x00000002   PAD
    0x08000be4   0x00000020   Code   RO         2904    i.DMA2_Channel3_IRQHandler  dma_stm32f10x.o
    0x08000c04   0x00000038   Code   RO         2905    i.DMA2_Channel4_5_IRQHandler  dma_stm32f10x.o
    0x08000c3c   0x00000002   Code   RO         2906    i.DMA2_Channel4_Event  dma_stm32f10x.o
    0x08000c3e   0x00000002   Code   RO         2908    i.DMA2_Channel5_Event  dma_stm32f10x.o
    0x08000c40   0x000000c4   Code   RO          793    i.DcodeScan         bspdrv_iptdevice.o
    0x08000d04   0x00000004   Code   RO          794    i.DcodeScan_oneShoot  bspdrv_iptdevice.o
    0x08000d08   0x0000009c   Code   RO         3092    i.GPIO_AFConfigure  gpio_stm32f10x.o
    0x08000da4   0x00000098   Code   RO         3093    i.GPIO_GetPortClockState  gpio_stm32f10x.o
    0x08000e3c   0x00000116   Code   RO         1801    i.GPIO_Init         stm32f10x_gpio.o
    0x08000f52   0x00000078   Code   RO         3094    i.GPIO_PinConfigure  gpio_stm32f10x.o
    0x08000fca   0x00000002   PAD
    0x08000fcc   0x0000013c   Code   RO         3095    i.GPIO_PortClock    gpio_stm32f10x.o
    0x08001108   0x00000070   Code   RO         1681    i.NVIC_Init         misc.o
    0x08001178   0x0000003c   Code   RO         1196    i.Queue_Read_Byte   system.o
    0x080011b4   0x00000020   Code   RO         1923    i.RCC_APB1PeriphClockCmd  stm32f10x_rcc.o
    0x080011d4   0x00000020   Code   RO         1925    i.RCC_APB2PeriphClockCmd  stm32f10x_rcc.o
    0x080011f4   0x00000008   Code   RO         3144    i.SetSysClock       system_stm32f10x.o
    0x080011fc   0x000000e0   Code   RO         3145    i.SetSysClockTo72   system_stm32f10x.o
    0x080012dc   0x00000060   Code   RO         3147    i.SystemInit        system_stm32f10x.o
    0x0800133c   0x00000100   Code   RO          675    i.TIM3_IRQHandler   bussiness_timerhard.o
    0x0800143c   0x00000006   Code   RO         2144    i.TIM_ClearITPendingBit  stm32f10x_tim.o
    0x08001442   0x00000018   Code   RO         2149    i.TIM_Cmd           stm32f10x_tim.o
    0x0800145a   0x00000022   Code   RO         2170    i.TIM_GetITStatus   stm32f10x_tim.o
    0x0800147c   0x00000012   Code   RO         2174    i.TIM_ITConfig      stm32f10x_tim.o
    0x0800148e   0x00000002   PAD
    0x08001490   0x000000a4   Code   RO         2220    i.TIM_TimeBaseInit  stm32f10x_tim.o
    0x08001534   0x000000a0   Code   RO          378    i.TimerZigbDevManage_Callback  datsprocess_uartzigbee.o
    0x080015d4   0x00000010   Code   RO         1343    i.UART5_IRQHandler  usart_stm32f10x.o
    0x080015e4   0x00000018   Code   RO         1344    i.USART1_Control    usart_stm32f10x.o
    0x080015fc   0x0000006c   Code   RO          261    i.USART1_DbugP1_Init  uart_datatransfer.o
    0x08001668   0x00000010   Code   RO         1345    i.USART1_GetCapabilities  usart_stm32f10x.o
    0x08001678   0x00000010   Code   RO         1346    i.USART1_GetModemStatus  usart_stm32f10x.o
    0x08001688   0x00000010   Code   RO         1347    i.USART1_GetRxCount  usart_stm32f10x.o
    0x08001698   0x00000010   Code   RO         1348    i.USART1_GetStatus  usart_stm32f10x.o
    0x080016a8   0x00000010   Code   RO         1349    i.USART1_GetTxCount  usart_stm32f10x.o
    0x080016b8   0x00000010   Code   RO         1350    i.USART1_IRQHandler  usart_stm32f10x.o
    0x080016c8   0x00000014   Code   RO         1351    i.USART1_Initialize  usart_stm32f10x.o
    0x080016dc   0x00000014   Code   RO         1352    i.USART1_PowerControl  usart_stm32f10x.o
    0x080016f0   0x00000018   Code   RO         1353    i.USART1_Receive    usart_stm32f10x.o
    0x08001708   0x00000018   Code   RO         1354    i.USART1_Send       usart_stm32f10x.o
    0x08001720   0x00000014   Code   RO         1355    i.USART1_SetModemControl  usart_stm32f10x.o
    0x08001734   0x0000001c   Code   RO         1356    i.USART1_Transfer   usart_stm32f10x.o
    0x08001750   0x00000010   Code   RO         1357    i.USART1_Uninitialize  usart_stm32f10x.o
    0x08001760   0x00000018   Code   RO         1358    i.USART2_Control    usart_stm32f10x.o
    0x08001778   0x00000094   Code   RO          262    i.USART2_DataTransP1_Init  uart_datatransfer.o
    0x0800180c   0x00000010   Code   RO         1359    i.USART2_GetCapabilities  usart_stm32f10x.o
    0x0800181c   0x00000010   Code   RO         1360    i.USART2_GetModemStatus  usart_stm32f10x.o
    0x0800182c   0x00000010   Code   RO         1361    i.USART2_GetRxCount  usart_stm32f10x.o
    0x0800183c   0x00000010   Code   RO         1362    i.USART2_GetStatus  usart_stm32f10x.o
    0x0800184c   0x00000010   Code   RO         1363    i.USART2_GetTxCount  usart_stm32f10x.o
    0x0800185c   0x00000010   Code   RO         1364    i.USART2_IRQHandler  usart_stm32f10x.o
    0x0800186c   0x00000014   Code   RO         1365    i.USART2_Initialize  usart_stm32f10x.o
    0x08001880   0x00000014   Code   RO         1366    i.USART2_PowerControl  usart_stm32f10x.o
    0x08001894   0x00000018   Code   RO         1367    i.USART2_Receive    usart_stm32f10x.o
    0x080018ac   0x00000018   Code   RO         1368    i.USART2_Send       usart_stm32f10x.o
    0x080018c4   0x00000014   Code   RO         1369    i.USART2_SetModemControl  usart_stm32f10x.o
    0x080018d8   0x0000001c   Code   RO         1370    i.USART2_Transfer   usart_stm32f10x.o
    0x080018f4   0x00000010   Code   RO         1371    i.USART2_Uninitialize  usart_stm32f10x.o
    0x08001904   0x00000018   Code   RO         1372    i.USART5_Control    usart_stm32f10x.o
    0x0800191c   0x000000a0   Code   RO          263    i.USART5_DataTransP2_Init  uart_datatransfer.o
    0x080019bc   0x00000010   Code   RO         1373    i.USART5_GetCapabilities  usart_stm32f10x.o
    0x080019cc   0x00000010   Code   RO         1374    i.USART5_GetModemStatus  usart_stm32f10x.o
    0x080019dc   0x00000010   Code   RO         1375    i.USART5_GetRxCount  usart_stm32f10x.o
    0x080019ec   0x00000010   Code   RO         1376    i.USART5_GetStatus  usart_stm32f10x.o
    0x080019fc   0x00000010   Code   RO         1377    i.USART5_GetTxCount  usart_stm32f10x.o
    0x08001a0c   0x00000014   Code   RO         1378    i.USART5_Initialize  usart_stm32f10x.o
    0x08001a20   0x00000014   Code   RO         1379    i.USART5_PowerControl  usart_stm32f10x.o
    0x08001a34   0x00000018   Code   RO         1380    i.USART5_Receive    usart_stm32f10x.o
    0x08001a4c   0x00000018   Code   RO         1381    i.USART5_Send       usart_stm32f10x.o
    0x08001a64   0x00000014   Code   RO         1382    i.USART5_SetModemControl  usart_stm32f10x.o
    0x08001a78   0x0000001c   Code   RO         1383    i.USART5_Transfer   usart_stm32f10x.o
    0x08001a94   0x00000010   Code   RO         1384    i.USART5_Uninitialize  usart_stm32f10x.o
    0x08001aa4   0x00000820   Code   RO         1385    i.USART_Control     usart_stm32f10x.o
    0x080022c4   0x00000006   Code   RO         1386    i.USART_GetCapabilities  usart_stm32f10x.o
    0x080022ca   0x00000090   Code   RO         1387    i.USART_GetModemStatus  usart_stm32f10x.o
    0x0800235a   0x00000008   Code   RO         1388    i.USART_GetRxCount  usart_stm32f10x.o
    0x08002362   0x000000d4   Code   RO         1389    i.USART_GetStatus   usart_stm32f10x.o
    0x08002436   0x00000008   Code   RO         1390    i.USART_GetTxCount  usart_stm32f10x.o
    0x0800243e   0x00000270   Code   RO         1391    i.USART_IRQHandler  usart_stm32f10x.o
    0x080026ae   0x000000a2   Code   RO         1392    i.USART_Initialize  usart_stm32f10x.o
    0x08002750   0x000000d8   Code   RO         1393    i.USART_PeripheralReset  usart_stm32f10x.o
    0x08002828   0x00000228   Code   RO         1394    i.USART_PowerControl  usart_stm32f10x.o
    0x08002a50   0x000000a2   Code   RO         1395    i.USART_Receive     usart_stm32f10x.o
    0x08002af2   0x00000088   Code   RO         1396    i.USART_Send        usart_stm32f10x.o
    0x08002b7a   0x0000009c   Code   RO         1397    i.USART_SetModemControl  usart_stm32f10x.o
    0x08002c16   0x0000006a   Code   RO         1398    i.USART_Transfer    usart_stm32f10x.o
    0x08002c80   0x0000006c   Code   RO         1399    i.USART_Uninitialize  usart_stm32f10x.o
    0x08002cec   0x00000010   Code   RO         1400    i.USARTx_GetVersion  usart_stm32f10x.o
    0x08002cfc   0x000000cc   Code   RO          795    i.UsrKEYScan        bspdrv_iptdevice.o
    0x08002dc8   0x00000004   Code   RO          796    i.UsrKEYScan_oneShoot  bspdrv_iptdevice.o
    0x08002dcc   0x00000014   Code   RO          593    i.WIFI_mainThread   datsprocess_uartwifi.o
    0x08002de0   0x0000001c   Code   RO          379    i.XOR_CHECK         datsprocess_uartzigbee.o
    0x08002dfc   0x000001fc   Code   RO          380    i.ZigB_NwkCreat     datsprocess_uartzigbee.o
    0x08002ff8   0x00000100   Code   RO          381    i.ZigB_PANIDReales  datsprocess_uartzigbee.o
    0x080030f8   0x0000007c   Code   RO          382    i.ZigB_TXFrameLoad  datsprocess_uartzigbee.o
    0x08003174   0x000001f4   Code   RO          384    i.ZigB_datsTX_ASY   datsprocess_uartzigbee.o
    0x08003368   0x00000074   Code   RO          385    i.ZigB_getIEEEAddr  datsprocess_uartzigbee.o
    0x080033dc   0x00000064   Code   RO          386    i.ZigB_getPanIDCurrent  datsprocess_uartzigbee.o
    0x08003440   0x00000088   Code   RO          387    i.ZigB_getRandom    datsprocess_uartzigbee.o
    0x080034c8   0x000000d8   Code   RO          388    i.ZigB_inspectionSelf  datsprocess_uartzigbee.o
    0x080035a0   0x0000059c   Code   RO          389    i.ZigB_mainThread   datsprocess_uartzigbee.o
    0x08003b3c   0x00000060   Code   RO          390    i.ZigB_nwkReconnect  datsprocess_uartzigbee.o
    0x08003b9c   0x00000114   Code   RO          392    i.ZigB_resetInit    datsprocess_uartzigbee.o
    0x08003cb0   0x00000026   Code   RO          393    i.ZigB_sysCtrlFrameLoad  datsprocess_uartzigbee.o
    0x08003cd6   0x00000046   Code   RO         4281    i._init_box         RTX_CM3.lib(rt_membox.o)
    0x08003d1c   0x0000000e   Code   RO         4443    i._is_digit         c_w.l(__printf_wp.o)
    0x08003d2a   0x00000002   PAD
    0x08003d2c   0x00000020   Code   RO         1284    i._mutex_acquire    rtx_conf_cm.o
    0x08003d4c   0x0000001c   Code   RO         1286    i._mutex_release    rtx_conf_cm.o
    0x08003d68   0x00000002   Code   RO         1083    i.all_data_update   protocol.o
    0x08003d6a   0x00000002   PAD
    0x08003d6c   0x00000018   Code   RO          134    i.bsp_dataManageInit  datamanage.o
    0x08003d84   0x00000028   Code   RO          231    i.bsp_delayinit     delay.o
    0x08003dac   0x00000050   Code   RO          676    i.bsp_hwTimerInit   bussiness_timerhard.o
    0x08003dfc   0x0000001a   Code   RO          901    i.byte_to_int       mcu_api.o
    0x08003e16   0x00000012   Code   RO          264    i.com1DbugP1_Thread  uart_datatransfer.o
    0x08003e28   0x0000000c   Code   RO          265    i.com2DataTransP1_Thread  uart_datatransfer.o
    0x08003e34   0x0000000c   Code   RO          266    i.com5DataTransP2_Thread  uart_datatransfer.o
    0x08003e40   0x00000070   Code   RO          267    i.communicationActive  uart_datatransfer.o
    0x08003eb0   0x00000044   Code   RO          268    i.dataTransThread_Active  uart_datatransfer.o
    0x08003ef4   0x000000f8   Code   RO         1197    i.data_handle       system.o
    0x08003fec   0x0000004c   Code   RO         1198    i.data_point_handle  system.o
    0x08004038   0x00000030   Code   RO         4334    i.dbg_init          RTX_CM3.lib(hal_cm.o)
    0x08004068   0x00000020   Code   RO         4335    i.dbg_task_notify   RTX_CM3.lib(hal_cm.o)
    0x08004088   0x00000010   Code   RO         4336    i.dbg_task_switch   RTX_CM3.lib(hal_cm.o)
    0x08004098   0x00000024   Code   RO          797    i.devDrvIpt_mainThread  bspdrv_iptdevice.o
    0x080040bc   0x00000060   Code   RO          798    i.devDrvIpt_threadProcessActive  bspdrv_iptdevice.o
    0x0800411c   0x00000028   Code   RO         1084    i.dp_download_factory_reset_handle  protocol.o
    0x08004144   0x000000e6   Code   RO         1085    i.dp_download_handle  protocol.o
    0x0800422a   0x0000003e   Code   RO         1086    i.dp_download_master_mode_handle  protocol.o
    0x08004268   0x00000038   Code   RO         1087    i.dp_download_master_state_handle  protocol.o
    0x080042a0   0x00000038   Code   RO         1088    i.dp_download_night_light_handle  protocol.o
    0x080042d8   0x00000052   Code   RO         1089    i.dp_download_usrdp_k1color_handle  protocol.o
    0x0800432a   0x00000052   Code   RO         1090    i.dp_download_usrdp_k2color_handle  protocol.o
    0x0800437c   0x00000052   Code   RO         1091    i.dp_download_usrdp_k3color_handle  protocol.o
    0x080043ce   0x00000028   Code   RO         1092    i.dp_download_usrdp_loadsw1_handle  protocol.o
    0x080043f6   0x00000028   Code   RO         1093    i.dp_download_usrdp_loadsw2_handle  protocol.o
    0x0800441e   0x00000028   Code   RO         1094    i.dp_download_usrdp_loadsw3_handle  protocol.o
    0x08004446   0x00000028   Code   RO         1095    i.dp_download_usrdp_timerswtrig_handle  protocol.o
    0x0800446e   0x00000028   Code   RO         1096    i.dp_download_usrdp_timertime_handle  protocol.o
    0x08004496   0x00000028   Code   RO         1097    i.dp_download_usrdp_timerweekloop_handle  protocol.o
    0x080044be   0x00000002   PAD
    0x080044c0   0x00000060   Code   RO          677    i.drvApplication_hwTimer_initialization  bussiness_timerhard.o
    0x08004520   0x0000001c   Code   RO         1199    i.get_check_sum     system.o
    0x0800453c   0x0000002c   Code   RO         1200    i.get_dowmload_dpid_index  system.o
    0x08004568   0x00000004   Code   RO         1098    i.get_download_cmd_total  protocol.o
    0x0800456c   0x0000000e   Code   RO         1201    i.get_mcu_wifi_mode  system.o
    0x0800457a   0x00000002   PAD
    0x0800457c   0x0000001c   Code   RO         1202    i.get_queue_total_data  system.o
    0x08004598   0x00000034   Code   RO         1203    i.heat_beat_check   system.o
    0x080045cc   0x0000002a   Code   RO         3190    i.isrMessageGet     RTX_CM3.lib(rt_cmsis.o)
    0x080045f6   0x0000002c   Code   RO         3191    i.isrMessagePut     RTX_CM3.lib(rt_cmsis.o)
    0x08004622   0x00000024   Code   RO         3193    i.isrSignalSet      RTX_CM3.lib(rt_cmsis.o)
    0x08004646   0x00000002   PAD
    0x08004648   0x00000028   Code   RO         4018    i.isr_evt_set       RTX_CM3.lib(rt_event.o)
    0x08004670   0x00000056   Code   RO         4136    i.isr_mbx_receive   RTX_CM3.lib(rt_mailbox.o)
    0x080046c6   0x0000000e   Code   RO         4137    i.isr_mbx_send      RTX_CM3.lib(rt_mailbox.o)
    0x080046d4   0x00000046   Code   RO            4    i.main              usrmain.o
    0x0800471a   0x00000002   PAD
    0x0800471c   0x00000064   Code   RO          904    i.mcu_dp_bool_update  mcu_api.o
    0x08004780   0x00000054   Code   RO          905    i.mcu_dp_enum_update  mcu_api.o
    0x080047d4   0x00000078   Code   RO          909    i.mcu_dp_value_update  mcu_api.o
    0x0800484c   0x00000006   Code   RO          910    i.mcu_get_dp_download_bool  mcu_api.o
    0x08004852   0x00000006   Code   RO          911    i.mcu_get_dp_download_enum  mcu_api.o
    0x08004858   0x0000000e   Code   RO          912    i.mcu_get_dp_download_value  mcu_api.o
    0x08004866   0x0000000c   Code   RO          914    i.mcu_get_system_time  mcu_api.o
    0x08004872   0x00000002   PAD
    0x08004874   0x00000024   Code   RO          918    i.mcu_set_wifi_mode  mcu_api.o
    0x08004898   0x00000012   Code   RO         1099    i.mcu_write_rtctime  protocol.o
    0x080048aa   0x0000003a   Code   RO          189    i.memmem            usrappmethod.o
    0x080048e4   0x00000018   Code   RO          269    i.msgQueueInit      uart_datatransfer.o
    0x080048fc   0x00000044   Code   RO          920    i.my_memcpy         mcu_api.o
    0x08004940   0x0000001c   Code   RO          924    i.my_strlen         mcu_api.o
    0x0800495c   0x00000068   Code   RO          799    i.normalBussiness_shortTouchTrig  bspdrv_iptdevice.o
    0x080049c4   0x00000018   Code   RO         3194    i.osDelay           RTX_CM3.lib(rt_cmsis.o)
    0x080049dc   0x00000024   Code   RO         3195    i.osKernelInitialize  RTX_CM3.lib(rt_cmsis.o)
    0x08004a00   0x0000006c   Code   RO         3197    i.osKernelStart     RTX_CM3.lib(rt_cmsis.o)
    0x08004a6c   0x00000018   Code   RO          270    i.osMemoryInit      uart_datatransfer.o
    0x08004a84   0x0000002c   Code   RO         3205    i.osMessageCreate   RTX_CM3.lib(rt_cmsis.o)
    0x08004ab0   0x00000018   Code   RO         3206    i.osMessageGet      RTX_CM3.lib(rt_cmsis.o)
    0x08004ac8   0x00000018   Code   RO         3207    i.osMessagePut      RTX_CM3.lib(rt_cmsis.o)
    0x08004ae0   0x00000020   Code   RO         3212    i.osPoolAlloc       RTX_CM3.lib(rt_cmsis.o)
    0x08004b00   0x0000002c   Code   RO         3214    i.osPoolCreate      RTX_CM3.lib(rt_cmsis.o)
    0x08004b2c   0x00000020   Code   RO         3215    i.osPoolFree        RTX_CM3.lib(rt_cmsis.o)
    0x08004b4c   0x00000018   Code   RO         3221    i.osSignalSet       RTX_CM3.lib(rt_cmsis.o)
    0x08004b64   0x00000018   Code   RO         3222    i.osSignalWait      RTX_CM3.lib(rt_cmsis.o)
    0x08004b7c   0x0000002c   Code   RO         3223    i.osThreadCreate    RTX_CM3.lib(rt_cmsis.o)
    0x08004ba8   0x00000018   Code   RO         3224    i.osThreadExit      RTX_CM3.lib(rt_cmsis.o)
    0x08004bc0   0x00000018   Code   RO         3225    i.osThreadGetId     RTX_CM3.lib(rt_cmsis.o)
    0x08004bd8   0x0000000c   Code   RO         3230    i.osTimerCall       RTX_CM3.lib(rt_cmsis.o)
    0x08004be4   0x0000002c   Code   RO         3231    i.osTimerCreate     RTX_CM3.lib(rt_cmsis.o)
    0x08004c10   0x00000018   Code   RO         3233    i.osTimerStart      RTX_CM3.lib(rt_cmsis.o)
    0x08004c28   0x0000002c   Code   RO         3235    i.osTimerThread     RTX_CM3.lib(rt_cmsis.o)
    0x08004c54   0x00000022   Code   RO         1287    i.os_error          rtx_conf_cm.o
    0x08004c76   0x00000004   Code   RO         1288    i.os_idle_demon     rtx_conf_cm.o
    0x08004c7a   0x00000002   PAD
    0x08004c7c   0x00000028   Code   RO         3928    i.os_tick_init      RTX_CM3.lib(rt_system.o)
    0x08004ca4   0x00000002   Code   RO         3929    i.os_tick_irqack    RTX_CM3.lib(rt_system.o)
    0x08004ca6   0x00000002   PAD
    0x08004ca8   0x00000108   Code   RO         1204    i.product_info_update  system.o
    0x08004db0   0x0000001a   Code   RO         4282    i.rt_alloc_box      RTX_CM3.lib(rt_membox.o)
    0x08004dca   0x0000003e   Code   RO         4310    i.rt_alloc_mem      RTX_CM3.lib(rt_memory.o)
    0x08004e08   0x00000038   Code   RO         3809    i.rt_block          RTX_CM3.lib(rt_task.o)
    0x08004e40   0x00000048   Code   RO         4259    i.rt_chk_robin      RTX_CM3.lib(rt_robin.o)
    0x08004e88   0x00000070   Code   RO         4060    i.rt_dec_dly        RTX_CM3.lib(rt_list.o)
    0x08004ef8   0x00000044   Code   RO         3810    i.rt_dispatch       RTX_CM3.lib(rt_task.o)
    0x08004f3c   0x00000006   Code   RO         4226    i.rt_dly_wait       RTX_CM3.lib(rt_time.o)
    0x08004f42   0x00000002   PAD
    0x08004f44   0x00000050   Code   RO         4021    i.rt_evt_psh        RTX_CM3.lib(rt_event.o)
    0x08004f94   0x0000005c   Code   RO         4022    i.rt_evt_set        RTX_CM3.lib(rt_event.o)
    0x08004ff0   0x0000003c   Code   RO         4023    i.rt_evt_wait       RTX_CM3.lib(rt_event.o)
    0x0800502c   0x0000002c   Code   RO         4283    i.rt_free_box       RTX_CM3.lib(rt_membox.o)
    0x08005058   0x00000028   Code   RO         4311    i.rt_free_mem       RTX_CM3.lib(rt_memory.o)
    0x08005080   0x00000028   Code   RO         4061    i.rt_get_first      RTX_CM3.lib(rt_list.o)
    0x080050a8   0x00000008   Code   RO         3240    i.rt_id2obj         RTX_CM3.lib(rt_cmsis.o)
    0x080050b0   0x00000048   Code   RO         3811    i.rt_init_context   RTX_CM3.lib(rt_task.o)
    0x080050f8   0x0000001a   Code   RO         4312    i.rt_init_mem       RTX_CM3.lib(rt_memory.o)
    0x08005112   0x00000002   PAD
    0x08005114   0x00000018   Code   RO         4260    i.rt_init_robin     RTX_CM3.lib(rt_robin.o)
    0x0800512c   0x00000080   Code   RO         4337    i.rt_init_stack     RTX_CM3.lib(hal_cm.o)
    0x080051ac   0x00000008   Code   RO         4138    i.rt_mbx_check      RTX_CM3.lib(rt_mailbox.o)
    0x080051b4   0x0000001a   Code   RO         4139    i.rt_mbx_init       RTX_CM3.lib(rt_mailbox.o)
    0x080051ce   0x00000002   PAD
    0x080051d0   0x000000f0   Code   RO         4140    i.rt_mbx_psh        RTX_CM3.lib(rt_mailbox.o)
    0x080052c0   0x00000098   Code   RO         4141    i.rt_mbx_send       RTX_CM3.lib(rt_mailbox.o)
    0x08005358   0x000000b4   Code   RO         4142    i.rt_mbx_wait       RTX_CM3.lib(rt_mailbox.o)
    0x0800540c   0x00000044   Code   RO         3241    i.rt_ms2tick        RTX_CM3.lib(rt_cmsis.o)
    0x08005450   0x000000d8   Code   RO         3895    i.rt_mut_release    RTX_CM3.lib(rt_mutex.o)
    0x08005528   0x00000078   Code   RO         3896    i.rt_mut_wait       RTX_CM3.lib(rt_mutex.o)
    0x080055a0   0x0000007c   Code   RO         3932    i.rt_pop_req        RTX_CM3.lib(rt_system.o)
    0x0800561c   0x00000020   Code   RO         3933    i.rt_psh_req        RTX_CM3.lib(rt_system.o)
    0x0800563c   0x0000005c   Code   RO         4063    i.rt_psq_enq        RTX_CM3.lib(rt_list.o)
    0x08005698   0x00000048   Code   RO         4064    i.rt_put_dly        RTX_CM3.lib(rt_list.o)
    0x080056e0   0x00000036   Code   RO         4065    i.rt_put_prio       RTX_CM3.lib(rt_list.o)
    0x08005716   0x00000002   PAD
    0x08005718   0x00000014   Code   RO         4066    i.rt_put_rdy_first  RTX_CM3.lib(rt_list.o)
    0x0800572c   0x00000034   Code   RO         4067    i.rt_resort_prio    RTX_CM3.lib(rt_list.o)
    0x08005760   0x00000006   Code   RO         4338    i.rt_ret_val        RTX_CM3.lib(hal_cm.o)
    0x08005766   0x00000008   Code   RO         4339    i.rt_ret_val2       RTX_CM3.lib(hal_cm.o)
    0x0800576e   0x00000028   Code   RO         4068    i.rt_rmv_dly        RTX_CM3.lib(rt_list.o)
    0x08005796   0x00000002   PAD
    0x08005798   0x00000030   Code   RO         4069    i.rt_rmv_list       RTX_CM3.lib(rt_list.o)
    0x080057c8   0x00000034   Code   RO         4187    i.rt_sem_psh        RTX_CM3.lib(rt_semaphore.o)
    0x080057fc   0x00000024   Code   RO         3935    i.rt_stk_check      RTX_CM3.lib(rt_system.o)
    0x08005820   0x00000028   Code   RO         3812    i.rt_switch_req     RTX_CM3.lib(rt_task.o)
    0x08005848   0x000000cc   Code   RO         3813    i.rt_sys_init       RTX_CM3.lib(rt_task.o)
    0x08005914   0x00000078   Code   RO         3814    i.rt_sys_start      RTX_CM3.lib(rt_task.o)
    0x0800598c   0x00000040   Code   RO         3937    i.rt_systick        RTX_CM3.lib(rt_system.o)
    0x080059cc   0x00000012   Code   RO         3242    i.rt_tid2ptcb       RTX_CM3.lib(rt_cmsis.o)
    0x080059de   0x00000002   PAD
    0x080059e0   0x00000034   Code   RO         3243    i.rt_timer_insert   RTX_CM3.lib(rt_cmsis.o)
    0x08005a14   0x0000003c   Code   RO         3244    i.rt_timer_remove   RTX_CM3.lib(rt_cmsis.o)
    0x08005a50   0x00000088   Code   RO         3815    i.rt_tsk_create     RTX_CM3.lib(rt_task.o)
    0x08005ad8   0x0000017c   Code   RO         3816    i.rt_tsk_delete     RTX_CM3.lib(rt_task.o)
    0x08005c54   0x0000007c   Code   RO         3818    i.rt_tsk_prio       RTX_CM3.lib(rt_task.o)
    0x08005cd0   0x00000010   Code   RO         3819    i.rt_tsk_self       RTX_CM3.lib(rt_task.o)
    0x08005ce0   0x00000028   Code   RO         1205    i.set_wifi_uart_buffer  system.o
    0x08005d08   0x00000010   Code   RO         1206    i.set_wifi_uart_byte  system.o
    0x08005d18   0x00000012   Code   RO         3245    i.svcDelay          RTX_CM3.lib(rt_cmsis.o)
    0x08005d2a   0x00000002   PAD
    0x08005d2c   0x00000070   Code   RO         3246    i.svcKernelInitialize  RTX_CM3.lib(rt_cmsis.o)
    0x08005d9c   0x00000048   Code   RO         3248    i.svcKernelStart    RTX_CM3.lib(rt_cmsis.o)
    0x08005de4   0x00000024   Code   RO         3251    i.svcMessageCreate  RTX_CM3.lib(rt_cmsis.o)
    0x08005e08   0x0000003a   Code   RO         3252    i.svcMessageGet     RTX_CM3.lib(rt_cmsis.o)
    0x08005e42   0x00000036   Code   RO         3253    i.svcMessagePut     RTX_CM3.lib(rt_cmsis.o)
    0x08005e78   0x00000028   Code   RO         3258    i.svcPoolCreate     RTX_CM3.lib(rt_cmsis.o)
    0x08005ea0   0x00000024   Code   RO         3264    i.svcSignalSet      RTX_CM3.lib(rt_cmsis.o)
    0x08005ec4   0x00000054   Code   RO         3265    i.svcSignalWait     RTX_CM3.lib(rt_cmsis.o)
    0x08005f18   0x0000006c   Code   RO         3266    i.svcThreadCreate   RTX_CM3.lib(rt_cmsis.o)
    0x08005f84   0x0000001c   Code   RO         3267    i.svcThreadGetId    RTX_CM3.lib(rt_cmsis.o)
    0x08005fa0   0x00000038   Code   RO         3270    i.svcThreadTerminate  RTX_CM3.lib(rt_cmsis.o)
    0x08005fd8   0x00000018   Code   RO         3272    i.svcTimerCall      RTX_CM3.lib(rt_cmsis.o)
    0x08005ff0   0x00000038   Code   RO         3273    i.svcTimerCreate    RTX_CM3.lib(rt_cmsis.o)
    0x08006028   0x00000064   Code   RO         3275    i.svcTimerStart     RTX_CM3.lib(rt_cmsis.o)
    0x0800608c   0x00000028   Code   RO          135    i.switchTypeReserve_GET  datamanage.o
    0x080060b4   0x0000000a   Code   RO         3279    i.sysPoolAlloc      RTX_CM3.lib(rt_cmsis.o)
    0x080060be   0x00000014   Code   RO         3280    i.sysPoolFree       RTX_CM3.lib(rt_cmsis.o)
    0x080060d2   0x00000002   PAD
    0x080060d4   0x0000005c   Code   RO         3281    i.sysTimerTick      RTX_CM3.lib(rt_cmsis.o)
    0x08006130   0x0000002c   Code   RO          800    i.threadProcessIptDrv_initialization  bspdrv_iptdevice.o
    0x0800615c   0x00000098   Code   RO          595    i.threadProcessWifi_initialization  datsprocess_uartwifi.o
    0x080061f4   0x00000138   Code   RO          395    i.threadProcessZigb_initialization  datsprocess_uartzigbee.o
    0x0800632c   0x00000124   Code   RO          757    i.timActivingProcess_Thread  timer_activing.o
    0x08006450   0x00000020   Code   RO          801    i.touchPadScan_oneShoot  bspdrv_iptdevice.o
    0x08006470   0x00000198   Code   RO          802    i.touchPad_Scan     bspdrv_iptdevice.o
    0x08006608   0x00000110   Code   RO          803    i.touchPad_functionTrigContinue  bspdrv_iptdevice.o
    0x08006718   0x0000018c   Code   RO          804    i.touchPad_functionTrigNormal  bspdrv_iptdevice.o
    0x080068a4   0x00000018   Code   RO          596    i.uartConWifi_dataTxPort  datsprocess_uartwifi.o
    0x080068bc   0x00000020   Code   RO          597    i.uartConWifi_eventFunCb  datsprocess_uartwifi.o
    0x080068dc   0x00000020   Code   RO          396    i.uartConZigb_eventFunCb  datsprocess_uartzigbee.o
    0x080068fc   0x00000030   Code   RO          271    i.uartDrvObjGet     uart_datatransfer.o
    0x0800692c   0x00000024   Code   RO          272    i.uartRxTimeout_signalDefGet  uart_datatransfer.o
    0x08006950   0x00000014   Code   RO          397    i.uartZigbDataRcvHandle_Thread  datsprocess_uartzigbee.o
    0x08006964   0x00000060   Code   RO          925    i.uart_receive_input  mcu_api.o
    0x080069c4   0x00000020   Code   RO          716    i.usrAppNormalBussiness_softTimerInit  bussiness_timersoft.o
    0x080069e4   0x000000b4   Code   RO          717    i.usrAppNormalbussiness_timerCb  bussiness_timersoft.o
    0x08006a98   0x00000018   Code   RO          758    i.usrAppTimActiving_processInit  timer_activing.o
    0x08006ab0   0x00000088   Code   RO          273    i.usrApp_usartEventCb_register  uart_datatransfer.o
    0x08006b38   0x00000002   Code   RO          805    i.usrFunCB_pressLongA  bspdrv_iptdevice.o
    0x08006b3a   0x00000002   Code   RO          806    i.usrFunCB_pressLongB  bspdrv_iptdevice.o
    0x08006b3c   0x00000002   Code   RO          807    i.usrFunCB_pressShort  bspdrv_iptdevice.o
    0x08006b3e   0x00000002   PAD
    0x08006b40   0x00000050   Code   RO          808    i.usrFunCB_touchPadTrig_3S1L  bspdrv_iptdevice.o
    0x08006b90   0x0000004c   Code   RO          809    i.usrFunCB_touchPadTrig_3S5S  bspdrv_iptdevice.o
    0x08006bdc   0x00000074   Code   RO          598    i.wifiThreadPrt_uartDataRcv_process  datsprocess_uartwifi.o
    0x08006c50   0x00000024   Code   RO          926    i.wifi_protocol_init  mcu_api.o
    0x08006c74   0x00000008   Code   RO         1101    i.wifi_test_result  protocol.o
    0x08006c7c   0x000000f8   Code   RO          927    i.wifi_uart_service  mcu_api.o
    0x08006d74   0x00000018   Code   RO         1207    i.wifi_uart_write_data  system.o
    0x08006d8c   0x00000044   Code   RO         1208    i.wifi_uart_write_frame  system.o
    0x08006dd0   0x00000180   Code   RO          398    i.zigB_sysTimeGetRealesWithLocal  datsprocess_uartzigbee.o
    0x08006f50   0x00000078   Code   RO          400    i.zigB_sysTimeSet_detailedFormatTuya  datsprocess_uartzigbee.o
    0x08006fc8   0x0000001c   Code   RO          401    i.zigbDev_chatLenDectect  datsprocess_uartzigbee.o
    0x08006fe4   0x0000006c   Code   RO          402    i.zigbDev_delSame   datsprocess_uartzigbee.o
    0x08007050   0x00000098   Code   RO          405    i.zigbDev_eptPutout_BYpsy  datsprocess_uartzigbee.o
    0x080070e8   0x00000050   Code   RO          406    i.zigbDev_eptRemove_BYnwk  datsprocess_uartzigbee.o
    0x08007138   0x00000038   Code   RO          408    i.zigbFunction_callFromThread  datsprocess_uartzigbee.o
    0x08007170   0x00000068   Code   RO          409    i.zigbNetwork_OpenIF  datsprocess_uartzigbee.o
    0x080071d8   0x0000025c   Code   RO          410    i.zigbThreadPrt_uartDataRcv_process  datsprocess_uartzigbee.o
    0x08007434   0x000000f0   Code   RO          411    i.zigb_VALIDA_INPUT  datsprocess_uartzigbee.o
    0x08007524   0x00000098   Code   RO          413    i.zigb_clusterSet   datsprocess_uartzigbee.o
    0x080075bc   0x00000100   Code   RO          414    i.zigb_datsRequest  datsprocess_uartzigbee.o
    0x080076bc   0x0000000c   Data   RO          137    .constdata          datamanage.o
    0x080076c8   0x00000048   Data   RO          275    .constdata          uart_datatransfer.o
    0x08007710   0x00001278   Data   RO          416    .constdata          datsprocess_uartzigbee.o
    0x08008988   0x00000014   Data   RO          601    .constdata          datsprocess_uartwifi.o
    0x0800899c   0x00000008   Data   RO          719    .constdata          bussiness_timersoft.o
    0x080089a4   0x00000010   Data   RO          759    .constdata          timer_activing.o
    0x080089b4   0x00000010   Data   RO          810    .constdata          bspdrv_iptdevice.o
    0x080089c4   0x0000001c   Data   RO         1102    .constdata          protocol.o
    0x080089e0   0x00000068   Data   RO         1290    .constdata          rtx_conf_cm.o
    0x08008a48   0x00000184   Data   RO         1402    .constdata          usart_stm32f10x.o
    0x08008bcc   0x00000028   Data   RO         4416    .constdata          c_w.l(_printf_hex_int.o)
    0x08008bf4   0x00000011   Data   RO         4446    .constdata          c_w.l(__printf_flags_wp.o)
    0x08008c05   0x00000003   PAD
    0x08008c08   0x00000020   Data   RO         4642    Region$$Table       anon$$obj.o


    Execution Region RW_IRAM1 (Base: 0x20000000, Size: 0x0000be70, Max: 0x00010000, ABSOLUTE, COMPRESSED[0x00000020])

    Base Addr    Size         Type   Attr      Idx    E Section Name        Object

    0x20000000   0x0000002b   Data   RW          138    .data               datamanage.o
    0x2000002b   0x00000001   PAD
    0x2000002c   0x00000014   Data   RW          276    .data               uart_datatransfer.o
    0x20000040   0x0000005a   Data   RW          417    .data               datsprocess_uartzigbee.o
    0x2000009a   0x00000002   PAD
    0x2000009c   0x00000021   Data   RW          602    .data               datsprocess_uartwifi.o
    0x200000bd   0x00000001   PAD
    0x200000be   0x00000004   Data   RW          678    .data               bussiness_timerhard.o
    0x200000c2   0x00000006   Data   RW          720    .data               bussiness_timersoft.o
    0x200000c8   0x00000005   Data   RW          760    .data               timer_activing.o
    0x200000cd   0x00000003   PAD
    0x200000d0   0x00000022   Data   RW          811    .data               bspdrv_iptdevice.o
    0x200000f2   0x00000002   Data   RW          928    .data               mcu_api.o
    0x200000f4   0x0000000d   Data   RW         1210    .data               system.o
    0x20000101   0x00000003   PAD
    0x20000104   0x00000014   Data   RW         1291    .data               rtx_conf_cm.o
    0x20000118   0x00000008   Data   RW         3284    .data               RTX_CM3.lib(rt_cmsis.o)
    0x20000120   0x00000008   Data   RW         3821    .data               RTX_CM3.lib(rt_task.o)
    0x20000128   0x00000008   Data   RW         3940    .data               RTX_CM3.lib(rt_system.o)
    0x20000130   0x00000004   Data   RW         4230    .data               RTX_CM3.lib(rt_time.o)
    0x20000134   0x00000008   Data   RW         4261    .data               RTX_CM3.lib(rt_robin.o)
    0x2000013c   0x00000001   Data   RW         4340    .data               RTX_CM3.lib(hal_cm.o)
    0x2000013d   0x00000003   PAD
    0x20000140   0x0000108c   Zero   RW          136    .bss                datamanage.o
    0x200011cc   0x000010a8   Zero   RW          274    .bss                uart_datatransfer.o
    0x20002274   0x000044d4   Zero   RW          415    .bss                datsprocess_uartzigbee.o
    0x20006748   0x00000308   Zero   RW          600    .bss                datsprocess_uartwifi.o
    0x20006a50   0x00000018   Zero   RW          718    .bss                bussiness_timersoft.o
    0x20006a68   0x0000006d   Zero   RW         1209    .bss                system.o
    0x20006ad5   0x00000003   PAD
    0x20006ad8   0x00004c28   Zero   RW         1289    .bss                rtx_conf_cm.o
    0x2000b700   0x000000a8   Zero   RW         1401    .bss                usart_stm32f10x.o
    0x2000b7a8   0x00000034   Zero   RW         3820    .bss                RTX_CM3.lib(rt_task.o)
    0x2000b7dc   0x00000030   Zero   RW         4070    .bss                RTX_CM3.lib(rt_list.o)
    0x2000b80c   0x00000060   Zero   RW         4398    .bss                c_w.l(libspace.o)
    0x2000b86c   0x00000004   PAD
    0x2000b870   0x00000200   Zero   RW         3135    HEAP                startup_stm32f10x_hd.o
    0x2000ba70   0x00000400   Zero   RW         3134    STACK               startup_stm32f10x_hd.o


==============================================================================

Image component sizes


      Code (inc. data)   RO Data    RW Data    ZI Data      Debug   Object Name

      1958        370         16         34          0      12073   bspdrv_iptdevice.o
       432         82          0          4          0       2556   bussiness_timerhard.o
       212         26          8          6         24       2399   bussiness_timersoft.o
        64         14         12         43       4236       4504   datamanage.o
       344         92         20         33        776       5294   datsprocess_uartwifi.o
      6638        756       4728         90      17620      30216   datsprocess_uartzigbee.o
        40         10          0          0          0        412   delay.o
       368         50          0          0          0      11911   dma_stm32f10x.o
       744         76          0          0          0       6233   gpio_stm32f10x.o
       880         60          0          2          0       9716   mcu_api.o
       112         12          0          0          0       1136   misc.o
       962         36         28          0          0      12406   protocol.o
       126         26        104         20      19496       9123   rtx_conf_cm.o
        64         26        304          0       1536        820   startup_stm32f10x_hd.o
       278          0          0          0          0       2076   stm32f10x_gpio.o
        64         12          0          0          0       1210   stm32f10x_rcc.o
       246         42          0          0          0       3806   stm32f10x_tim.o
       962        156          0         13        109       9108   system.o
       328         28          0          0          0       1989   system_stm32f10x.o
       316         94         16          5          0       1832   timer_activing.o
       906        232         72         20       4264      15150   uart_datatransfer.o
      5512        330        388          0        168      70857   usart_stm32f10x.o
        58          0          0          0          0        801   usrappmethod.o
        70          0          0          0          0     252730   usrmain.o

    ----------------------------------------------------------------------
     21722       2530       5728        280      48232     468358   Object Totals
         0          0         32          0          0          0   (incl. Generated)
        38          0          0         10          3          0   (incl. Padding)

    ----------------------------------------------------------------------

      Code (inc. data)   RO Data    RW Data    ZI Data      Debug   Library Member Name

       238         24          0          1          0       3312   hal_cm.o
       304         36          0          0          0        768   hal_cm3.o
      1964        226          0          8          0      45926   rt_cmsis.o
       272         18          0          0          0       2650   rt_event.o
       530         34          0          0         48       8253   rt_list.o
       706         14          0          0          0       4787   rt_mailbox.o
       140          0          0          0          0       1925   rt_membox.o
       128          0          0          0          0       2307   rt_memory.o
       336         14          0          0          0       1643   rt_mutex.o
        96         22          0          8          0       1158   rt_robin.o
        52          4          0          0          0        573   rt_semaphore.o
       298         52          0          8          0       6223   rt_system.o
      1216        174          0          8         52       9649   rt_task.o
         6          0          0          4          0        652   rt_time.o
         4          4          0          0          0        208   svc_table.o
        90          0          0          0          0          0   __dczerorl2.o
         8          0          0          0          0         68   __main.o
       312          4         17          0          0         92   __printf_flags_wp.o
        14          0          0          0          0         68   __printf_wp.o
         0          0          0          0          0          0   __rtentry.o
        20          0          0          0          0          0   __rtentry2.o
         6          0          0          0          0          0   __rtentry4.o
        52          8          0          0          0          0   __scatter.o
        28          0          0          0          0          0   __scatter_zi.o
        48          6          0          0          0         96   _printf_char_common.o
         6          0          0          0          0          0   _printf_d.o
       120         16          0          0          0         92   _printf_dec.o
        88          4         40          0          0         88   _printf_hex_int.o
       178          0          0          0          0         88   _printf_intcommon.o
        78          0          0          0          0        108   _printf_pad.o
         0          0          0          0          0          0   _printf_percent.o
         4          0          0          0          0          0   _printf_percent_end.o
         6          0          0          0          0          0   _printf_x.o
        16          0          0          0          0         68   _snputc.o
        10          0          0          0          0         68   _sputc.o
        18          0          0          0          0         80   exit.o
         6          0          0          0          0        152   heapauxi.o
         0          0          0          0          0          0   indicate_semi.o
         2          0          0          0          0          0   libinit.o
         2          0          0          0          0          0   libinit2.o
         2          0          0          0          0          0   libshutdown.o
         2          0          0          0          0          0   libshutdown2.o
         8          4          0          0         96         68   libspace.o
       238          0          0          0          0        100   lludivv7m.o
        88          0          0          0          0         76   memcmp.o
        52          4          0          0          0         84   noretval__2snprintf.o
        68          0          0          0          0         68   rt_memclr.o
        78          0          0          0          0         80   rt_memclr_w.o
       138          0          0          0          0         68   rt_memcpy_v6.o
       100          0          0          0          0         80   rt_memcpy_w.o
         2          0          0          0          0          0   rtexit.o
        10          0          0          0          0          0   rtexit2.o
        62          0          0          0          0         76   strlen.o
        12          4          0          0          0         68   sys_exit.o
        74          0          0          0          0         80   sys_stackheap_outer.o
         2          0          0          0          0         68   use_no_semi.o

    ----------------------------------------------------------------------
      8370        672         60         40        200      92018   Library Totals
        32          0          3          3          4          0   (incl. Padding)

    ----------------------------------------------------------------------

      Code (inc. data)   RO Data    RW Data    ZI Data      Debug   Library Name

      6290        622          0         37        100      90034   RTX_CM3.lib
      2048         50         57          0         96       1984   c_w.l

    ----------------------------------------------------------------------
      8370        672         60         40        200      92018   Library Totals

    ----------------------------------------------------------------------

==============================================================================


      Code (inc. data)   RO Data    RW Data    ZI Data      Debug   

     30092       3202       5788        320      48432     543056   Grand Totals
     30092       3202       5788         32      48432     543056   ELF Image Totals (compressed)
     30092       3202       5788         32          0          0   ROM Totals

==============================================================================

    Total RO  Size (Code + RO Data)                35880 (  35.04kB)
    Total RW  Size (RW Data + ZI Data)             48752 (  47.61kB)
    Total ROM Size (Code + RO Data + RW Data)      35912 (  35.07kB)

==============================================================================

